<?xml version="1.0"?>
<link_info>
   <banner>TI ARM Linker PC v15.12.3.LTS</banner>
   <copyright>Copyright (c) 1996-2015 Texas Instruments Incorporated</copyright>
   <link_time>0x5a929c4d</link_time>
   <link_errors>0x0</link_errors>
   <output_file>SimpleBLEPeripheralStack.out</output_file>
   <entry_point>
      <name>startup_entry</name>
      <address>0xe001</address>
   </entry_point>
   <input_file_list>
      <input_file id="fl-10c">
         <path>C:\Users\Jian\AppData\Local\Temp\</path>
         <kind>object</kind>
         <file>021682</file>
         <name>021682</name>
      </input_file>
      <input_file id="fl-1f">
         <path>C:\ti\simplelink\ble_cc26xx_2_01_01_44627\Projects\common\BLE_ROM_Releases\04242014\</path>
         <kind>object</kind>
         <file>ble_rom_PATCH.symbols</file>
         <name>ble_rom_PATCH.symbols</name>
      </input_file>
      <input_file id="fl-d8">
         <path>C:\ti\ccsv6\tools\compiler\arm_15.12.3.LTS\lib\</path>
         <kind>archive</kind>
         <file>rtsv7M3_T_le_eabi.lib</file>
         <name>autoinit.obj</name>
      </input_file>
      <input_file id="fl-dd">
         <path>C:\ti\ccsv6\tools\compiler\arm_15.12.3.LTS\lib\</path>
         <kind>archive</kind>
         <file>rtsv7M3_T_le_eabi.lib</file>
         <name>ll_mul_t2.obj</name>
      </input_file>
      <input_file id="fl-df">
         <path>C:\ti\ccsv6\tools\compiler\arm_15.12.3.LTS\lib\</path>
         <kind>archive</kind>
         <file>rtsv7M3_T_le_eabi.lib</file>
         <name>memcpy_t2.obj</name>
      </input_file>
      <input_file id="fl-e0">
         <path>C:\ti\ccsv6\tools\compiler\arm_15.12.3.LTS\lib\</path>
         <kind>archive</kind>
         <file>rtsv7M3_T_le_eabi.lib</file>
         <name>memset_t2.obj</name>
      </input_file>
      <input_file id="fl-e3">
         <path>C:\ti\ccsv6\tools\compiler\arm_15.12.3.LTS\lib\</path>
         <kind>archive</kind>
         <file>rtsv7M3_T_le_eabi.lib</file>
         <name>ull_div_t2.obj</name>
      </input_file>
      <input_file id="fl-e4">
         <path>C:\ti\simplelink\ble_cc26xx_2_01_01_44627\Projects\ble\SimpleBLEPeripheral\CC26xx\IAR\Lib\</path>
         <kind>archive</kind>
         <file>CC2640Stack.a</file>
         <name>att_server.o</name>
      </input_file>
      <input_file id="fl-e5">
         <path>C:\ti\simplelink\ble_cc26xx_2_01_01_44627\Projects\ble\SimpleBLEPeripheral\CC26xx\IAR\Lib\</path>
         <kind>archive</kind>
         <file>CC2640Stack.a</file>
         <name>att_util.o</name>
      </input_file>
      <input_file id="fl-e6">
         <path>C:\ti\simplelink\ble_cc26xx_2_01_01_44627\Projects\ble\SimpleBLEPeripheral\CC26xx\IAR\Lib\</path>
         <kind>archive</kind>
         <file>CC2640Stack.a</file>
         <name>ble_PATCH.o</name>
      </input_file>
      <input_file id="fl-e7">
         <path>C:\ti\simplelink\ble_cc26xx_2_01_01_44627\Projects\ble\SimpleBLEPeripheral\CC26xx\IAR\Lib\</path>
         <kind>archive</kind>
         <file>CC2640Stack.a</file>
         <name>gap_configmgr.o</name>
      </input_file>
      <input_file id="fl-e8">
         <path>C:\ti\simplelink\ble_cc26xx_2_01_01_44627\Projects\ble\SimpleBLEPeripheral\CC26xx\IAR\Lib\</path>
         <kind>archive</kind>
         <file>CC2640Stack.a</file>
         <name>gap_devmgr.o</name>
      </input_file>
      <input_file id="fl-e9">
         <path>C:\ti\simplelink\ble_cc26xx_2_01_01_44627\Projects\ble\SimpleBLEPeripheral\CC26xx\IAR\Lib\</path>
         <kind>archive</kind>
         <file>CC2640Stack.a</file>
         <name>gap_linkmgr.o</name>
      </input_file>
      <input_file id="fl-ea">
         <path>C:\ti\simplelink\ble_cc26xx_2_01_01_44627\Projects\ble\SimpleBLEPeripheral\CC26xx\IAR\Lib\</path>
         <kind>archive</kind>
         <file>CC2640Stack.a</file>
         <name>gap_peridevmgr.o</name>
      </input_file>
      <input_file id="fl-eb">
         <path>C:\ti\simplelink\ble_cc26xx_2_01_01_44627\Projects\ble\SimpleBLEPeripheral\CC26xx\IAR\Lib\</path>
         <kind>archive</kind>
         <file>CC2640Stack.a</file>
         <name>gap_perilinkmgr.o</name>
      </input_file>
      <input_file id="fl-ec">
         <path>C:\ti\simplelink\ble_cc26xx_2_01_01_44627\Projects\ble\SimpleBLEPeripheral\CC26xx\IAR\Lib\</path>
         <kind>archive</kind>
         <file>CC2640Stack.a</file>
         <name>gap_task.o</name>
      </input_file>
      <input_file id="fl-ed">
         <path>C:\ti\simplelink\ble_cc26xx_2_01_01_44627\Projects\ble\SimpleBLEPeripheral\CC26xx\IAR\Lib\</path>
         <kind>archive</kind>
         <file>CC2640Stack.a</file>
         <name>gapgattserver.o</name>
      </input_file>
      <input_file id="fl-ee">
         <path>C:\ti\simplelink\ble_cc26xx_2_01_01_44627\Projects\ble\SimpleBLEPeripheral\CC26xx\IAR\Lib\</path>
         <kind>archive</kind>
         <file>CC2640Stack.a</file>
         <name>gatt_server.o</name>
      </input_file>
      <input_file id="fl-ef">
         <path>C:\ti\simplelink\ble_cc26xx_2_01_01_44627\Projects\ble\SimpleBLEPeripheral\CC26xx\IAR\Lib\</path>
         <kind>archive</kind>
         <file>CC2640Stack.a</file>
         <name>gatt_task.o</name>
      </input_file>
      <input_file id="fl-f0">
         <path>C:\ti\simplelink\ble_cc26xx_2_01_01_44627\Projects\ble\SimpleBLEPeripheral\CC26xx\IAR\Lib\</path>
         <kind>archive</kind>
         <file>CC2640Stack.a</file>
         <name>gatt_uuid.o</name>
      </input_file>
      <input_file id="fl-f1">
         <path>C:\ti\simplelink\ble_cc26xx_2_01_01_44627\Projects\ble\SimpleBLEPeripheral\CC26xx\IAR\Lib\</path>
         <kind>archive</kind>
         <file>CC2640Stack.a</file>
         <name>gattservapp.o</name>
      </input_file>
      <input_file id="fl-f2">
         <path>C:\ti\simplelink\ble_cc26xx_2_01_01_44627\Projects\ble\SimpleBLEPeripheral\CC26xx\IAR\Lib\</path>
         <kind>archive</kind>
         <file>CC2640Stack.a</file>
         <name>hci_data_PATCH.o</name>
      </input_file>
      <input_file id="fl-f3">
         <path>C:\ti\simplelink\ble_cc26xx_2_01_01_44627\Projects\ble\SimpleBLEPeripheral\CC26xx\IAR\Lib\</path>
         <kind>archive</kind>
         <file>CC2640Stack.a</file>
         <name>hci_event_PATCH.o</name>
      </input_file>
      <input_file id="fl-f4">
         <path>C:\ti\simplelink\ble_cc26xx_2_01_01_44627\Projects\ble\SimpleBLEPeripheral\CC26xx\IAR\Lib\</path>
         <kind>archive</kind>
         <file>CC2640Stack.a</file>
         <name>hci_PATCH.o</name>
      </input_file>
      <input_file id="fl-f5">
         <path>C:\ti\simplelink\ble_cc26xx_2_01_01_44627\Projects\ble\SimpleBLEPeripheral\CC26xx\IAR\Lib\</path>
         <kind>archive</kind>
         <file>CC2640Stack.a</file>
         <name>l2cap_if.o</name>
      </input_file>
      <input_file id="fl-f6">
         <path>C:\ti\simplelink\ble_cc26xx_2_01_01_44627\Projects\ble\SimpleBLEPeripheral\CC26xx\IAR\Lib\</path>
         <kind>archive</kind>
         <file>CC2640Stack.a</file>
         <name>l2cap_task.o</name>
      </input_file>
      <input_file id="fl-f7">
         <path>C:\ti\simplelink\ble_cc26xx_2_01_01_44627\Projects\ble\SimpleBLEPeripheral\CC26xx\IAR\Lib\</path>
         <kind>archive</kind>
         <file>CC2640Stack.a</file>
         <name>l2cap_util.o</name>
      </input_file>
      <input_file id="fl-f8">
         <path>C:\ti\simplelink\ble_cc26xx_2_01_01_44627\Projects\ble\SimpleBLEPeripheral\CC26xx\IAR\Lib\</path>
         <kind>archive</kind>
         <file>CC2640Stack.a</file>
         <name>linkdb.o</name>
      </input_file>
      <input_file id="fl-f9">
         <path>C:\ti\simplelink\ble_cc26xx_2_01_01_44627\Projects\ble\SimpleBLEPeripheral\CC26xx\IAR\Lib\</path>
         <kind>archive</kind>
         <file>CC2640Stack.a</file>
         <name>ll_advEndCauses_PATCH.o</name>
      </input_file>
      <input_file id="fl-fa">
         <path>C:\ti\simplelink\ble_cc26xx_2_01_01_44627\Projects\ble\SimpleBLEPeripheral\CC26xx\IAR\Lib\</path>
         <kind>archive</kind>
         <file>CC2640Stack.a</file>
         <name>ll_common_PATCH.o</name>
      </input_file>
      <input_file id="fl-fb">
         <path>C:\ti\simplelink\ble_cc26xx_2_01_01_44627\Projects\ble\SimpleBLEPeripheral\CC26xx\IAR\Lib\</path>
         <kind>archive</kind>
         <file>CC2640Stack.a</file>
         <name>ll_config.o</name>
      </input_file>
      <input_file id="fl-fc">
         <path>C:\ti\simplelink\ble_cc26xx_2_01_01_44627\Projects\ble\SimpleBLEPeripheral\CC26xx\IAR\Lib\</path>
         <kind>archive</kind>
         <file>CC2640Stack.a</file>
         <name>ll_isr.o</name>
      </input_file>
      <input_file id="fl-fd">
         <path>C:\ti\simplelink\ble_cc26xx_2_01_01_44627\Projects\ble\SimpleBLEPeripheral\CC26xx\IAR\Lib\</path>
         <kind>archive</kind>
         <file>CC2640Stack.a</file>
         <name>ll_PATCH.o</name>
      </input_file>
      <input_file id="fl-fe">
         <path>C:\ti\simplelink\ble_cc26xx_2_01_01_44627\Projects\ble\SimpleBLEPeripheral\CC26xx\IAR\Lib\</path>
         <kind>archive</kind>
         <file>CC2640Stack.a</file>
         <name>ll_scheduler_PATCH.o</name>
      </input_file>
      <input_file id="fl-ff">
         <path>C:\ti\simplelink\ble_cc26xx_2_01_01_44627\Projects\ble\SimpleBLEPeripheral\CC26xx\IAR\Lib\</path>
         <kind>archive</kind>
         <file>CC2640Stack.a</file>
         <name>ll_slaveEndCauses_PATCH.o</name>
      </input_file>
      <input_file id="fl-100">
         <path>C:\ti\simplelink\ble_cc26xx_2_01_01_44627\Projects\ble\SimpleBLEPeripheral\CC26xx\IAR\Lib\</path>
         <kind>archive</kind>
         <file>CC2640Stack.a</file>
         <name>ll_sleep.o</name>
      </input_file>
      <input_file id="fl-101">
         <path>C:\ti\simplelink\ble_cc26xx_2_01_01_44627\Projects\ble\SimpleBLEPeripheral\CC26xx\IAR\Lib\</path>
         <kind>archive</kind>
         <file>CC2640Stack.a</file>
         <name>sm_mgr.o</name>
      </input_file>
      <input_file id="fl-102">
         <path>C:\ti\simplelink\ble_cc26xx_2_01_01_44627\Projects\ble\SimpleBLEPeripheral\CC26xx\IAR\Lib\</path>
         <kind>archive</kind>
         <file>CC2640Stack.a</file>
         <name>sm_pairing.o</name>
      </input_file>
      <input_file id="fl-103">
         <path>C:\ti\simplelink\ble_cc26xx_2_01_01_44627\Projects\ble\SimpleBLEPeripheral\CC26xx\IAR\Lib\</path>
         <kind>archive</kind>
         <file>CC2640Stack.a</file>
         <name>sm_rsppairing.o</name>
      </input_file>
      <input_file id="fl-104">
         <path>C:\ti\simplelink\ble_cc26xx_2_01_01_44627\Projects\ble\SimpleBLEPeripheral\CC26xx\IAR\Lib\</path>
         <kind>archive</kind>
         <file>CC2640Stack.a</file>
         <name>sm_task.o</name>
      </input_file>
      <input_file id="fl-105">
         <path>C:\ti\simplelink\ble_cc26xx_2_01_01_44627\Projects\ble\SimpleBLEPeripheral\CC26xx\IAR\Lib\</path>
         <kind>archive</kind>
         <file>CC2640Stack.a</file>
         <name>smp.o</name>
      </input_file>
      <input_file id="fl-106">
         <path>C:\ti\simplelink\ble_cc26xx_2_01_01_44627\Projects\ble\SimpleBLEPeripheral\CC26xx\IAR\Lib\</path>
         <kind>archive</kind>
         <file>CC2640Stack_HCI_TL.a</file>
         <name>hci_tl.o</name>
      </input_file>
      <input_file id="fl-107">
         <path>C:\ti\tirtos_simplelink_2_13_00_06\products\cc26xxware_2_21_01_15600\driverlib\bin\ccs\</path>
         <kind>archive</kind>
         <file>driverlib.lib</file>
         <name>cpu.obj</name>
      </input_file>
   </input_file_list>
   <object_component_list>
      <object_component id="oc-3ac">
         <name>.text</name>
         <load_address>0xe02c</load_address>
         <run_address>0xe02c</run_address>
         <size>0xfbc</size>
         <input_file_ref idref="fl-f1"/>
      </object_component>
      <object_component id="oc-35c">
         <name>.text</name>
         <load_address>0xefe8</load_address>
         <run_address>0xefe8</run_address>
         <size>0xd9c</size>
         <input_file_ref idref="fl-fd"/>
      </object_component>
      <object_component id="oc-3d5">
         <name>.text</name>
         <load_address>0xfd84</load_address>
         <run_address>0xfd84</run_address>
         <size>0xd64</size>
         <input_file_ref idref="fl-14"/>
      </object_component>
      <object_component id="oc-5b4">
         <name>.text</name>
         <load_address>0x10ae8</load_address>
         <run_address>0x10ae8</run_address>
         <size>0xa4c</size>
         <input_file_ref idref="fl-ee"/>
      </object_component>
      <object_component id="oc-498">
         <name>.text</name>
         <load_address>0x11534</load_address>
         <run_address>0x11534</run_address>
         <size>0x94c</size>
         <input_file_ref idref="fl-fa"/>
      </object_component>
      <object_component id="oc-3db">
         <name>.text</name>
         <load_address>0x11e80</load_address>
         <run_address>0x11e80</run_address>
         <size>0x8c4</size>
         <input_file_ref idref="fl-9"/>
      </object_component>
      <object_component id="oc-572">
         <name>.text</name>
         <load_address>0x12744</load_address>
         <run_address>0x12744</run_address>
         <size>0x8c0</size>
         <input_file_ref idref="fl-e9"/>
      </object_component>
      <object_component id="oc-356">
         <name>.text</name>
         <load_address>0x13004</load_address>
         <run_address>0x13004</run_address>
         <size>0x794</size>
         <input_file_ref idref="fl-b"/>
      </object_component>
      <object_component id="oc-593">
         <name>.text</name>
         <load_address>0x13798</load_address>
         <run_address>0x13798</run_address>
         <size>0x75c</size>
         <input_file_ref idref="fl-102"/>
      </object_component>
      <object_component id="oc-4bb">
         <name>.text</name>
         <load_address>0x13ef4</load_address>
         <run_address>0x13ef4</run_address>
         <size>0x716</size>
         <input_file_ref idref="fl-ff"/>
      </object_component>
      <object_component id="oc-412">
         <name>.text</name>
         <load_address>0x1460a</load_address>
         <run_address>0x1460a</run_address>
         <size>0x2</size>
         <input_file_ref idref="fl-4"/>
      </object_component>
      <object_component id="oc-54f">
         <name>.text</name>
         <load_address>0x1460c</load_address>
         <run_address>0x1460c</run_address>
         <size>0x708</size>
         <input_file_ref idref="fl-101"/>
      </object_component>
      <object_component id="oc-446">
         <name>.text</name>
         <load_address>0x14d14</load_address>
         <run_address>0x14d14</run_address>
         <size>0x6d4</size>
         <input_file_ref idref="fl-100"/>
      </object_component>
      <object_component id="oc-6c9">
         <name>.text</name>
         <load_address>0x153e8</load_address>
         <run_address>0x153e8</run_address>
         <size>0x6a4</size>
         <input_file_ref idref="fl-fb"/>
      </object_component>
      <object_component id="oc-65e">
         <name>.text</name>
         <load_address>0x15a8c</load_address>
         <run_address>0x15a8c</run_address>
         <size>0x690</size>
         <input_file_ref idref="fl-ea"/>
      </object_component>
      <object_component id="oc-4fe">
         <name>.text</name>
         <load_address>0x1611c</load_address>
         <run_address>0x1611c</run_address>
         <size>0x684</size>
         <input_file_ref idref="fl-f7"/>
      </object_component>
      <object_component id="oc-5dd">
         <name>.text</name>
         <load_address>0x167a0</load_address>
         <run_address>0x167a0</run_address>
         <size>0x5b0</size>
         <input_file_ref idref="fl-e5"/>
      </object_component>
      <object_component id="oc-70c">
         <name>.text</name>
         <load_address>0x16d50</load_address>
         <run_address>0x16d50</run_address>
         <size>0x558</size>
         <input_file_ref idref="fl-103"/>
      </object_component>
      <object_component id="oc-3e7">
         <name>.text</name>
         <load_address>0x172a8</load_address>
         <run_address>0x172a8</run_address>
         <size>0x4ec</size>
         <input_file_ref idref="fl-12"/>
      </object_component>
      <object_component id="oc-4c4">
         <name>.text</name>
         <load_address>0x17794</load_address>
         <run_address>0x17794</run_address>
         <size>0x470</size>
         <input_file_ref idref="fl-fc"/>
      </object_component>
      <object_component id="oc-6e2">
         <name>.text</name>
         <load_address>0x17c04</load_address>
         <run_address>0x17c04</run_address>
         <size>0x39a</size>
         <input_file_ref idref="fl-105"/>
      </object_component>
      <object_component id="oc-32f">
         <name>.text</name>
         <load_address>0x17f9e</load_address>
         <run_address>0x17f9e</run_address>
         <size>0x2</size>
         <input_file_ref idref="fl-e1"/>
      </object_component>
      <object_component id="oc-4b5">
         <name>.text</name>
         <load_address>0x17fa0</load_address>
         <run_address>0x17fa0</run_address>
         <size>0x382</size>
         <input_file_ref idref="fl-e6"/>
      </object_component>
      <object_component id="oc-53b">
         <name>.text</name>
         <load_address>0x18324</load_address>
         <run_address>0x18324</run_address>
         <size>0x358</size>
         <input_file_ref idref="fl-e7"/>
      </object_component>
      <object_component id="oc-496">
         <name>.text</name>
         <load_address>0x1867c</load_address>
         <run_address>0x1867c</run_address>
         <size>0x338</size>
         <input_file_ref idref="fl-f9"/>
      </object_component>
      <object_component id="oc-480">
         <name>.text</name>
         <load_address>0x189b4</load_address>
         <run_address>0x189b4</run_address>
         <size>0x314</size>
         <input_file_ref idref="fl-f3"/>
      </object_component>
      <object_component id="oc-7d0">
         <name>.tramp.HCI_SendCommandCompleteEvent.1</name>
         <load_address>0x18cc8</load_address>
         <run_address>0x18cc8</run_address>
         <size>0x8</size>
         <input_file_ref idref="fl-1f"/>
      </object_component>
      <object_component id="oc-646">
         <name>.text</name>
         <load_address>0x18cd0</load_address>
         <run_address>0x18cd0</run_address>
         <size>0x308</size>
         <input_file_ref idref="fl-ed"/>
      </object_component>
      <object_component id="oc-39a">
         <name>.text</name>
         <load_address>0x18fd8</load_address>
         <run_address>0x18fd8</run_address>
         <size>0x2fc</size>
         <input_file_ref idref="fl-ef"/>
      </object_component>
      <object_component id="oc-418">
         <name>.text</name>
         <load_address>0x192d4</load_address>
         <run_address>0x192d4</run_address>
         <size>0x2e8</size>
         <input_file_ref idref="fl-8"/>
      </object_component>
      <object_component id="oc-46e">
         <name>.text</name>
         <load_address>0x195bc</load_address>
         <run_address>0x195bc</run_address>
         <size>0x2d0</size>
         <input_file_ref idref="fl-f4"/>
      </object_component>
      <object_component id="oc-7d1">
         <name>.tramp.HCI_CommandCompleteEvent.1</name>
         <load_address>0x1988c</load_address>
         <run_address>0x1988c</run_address>
         <size>0x8</size>
         <input_file_ref idref="fl-1f"/>
      </object_component>
      <object_component id="oc-7d2">
         <name>.tramp.HCI_CommandStatusEvent.1</name>
         <load_address>0x19894</load_address>
         <run_address>0x19894</run_address>
         <size>0x8</size>
         <input_file_ref idref="fl-1f"/>
      </object_component>
      <object_component id="oc-7d3">
         <name>.tramp.LL_EXT_ResetSystem.1</name>
         <load_address>0x1989c</load_address>
         <run_address>0x1989c</run_address>
         <size>0x8</size>
         <input_file_ref idref="fl-1f"/>
      </object_component>
      <object_component id="oc-7d4">
         <name>.tramp.LL_ReadLocalVersionInfo.1</name>
         <load_address>0x198a4</load_address>
         <run_address>0x198a4</run_address>
         <size>0x8</size>
         <input_file_ref idref="fl-1f"/>
      </object_component>
      <object_component id="oc-4ed">
         <name>.text</name>
         <load_address>0x198ac</load_address>
         <run_address>0x198ac</run_address>
         <size>0x294</size>
         <input_file_ref idref="fl-f8"/>
      </object_component>
      <object_component id="oc-38d">
         <name>.text</name>
         <load_address>0x19b40</load_address>
         <run_address>0x19b40</run_address>
         <size>0x284</size>
         <input_file_ref idref="fl-ec"/>
      </object_component>
      <object_component id="oc-387">
         <name>.text</name>
         <load_address>0x19dc4</load_address>
         <run_address>0x19dc4</run_address>
         <size>0x284</size>
         <input_file_ref idref="fl-f6"/>
      </object_component>
      <object_component id="oc-428">
         <name>.text</name>
         <load_address>0x1a048</load_address>
         <run_address>0x1a048</run_address>
         <size>0x244</size>
         <input_file_ref idref="fl-f"/>
      </object_component>
      <object_component id="oc-4ce">
         <name>.text</name>
         <load_address>0x1a28c</load_address>
         <run_address>0x1a28c</run_address>
         <size>0x1f4</size>
         <input_file_ref idref="fl-e3"/>
      </object_component>
      <object_component id="oc-620">
         <name>.text</name>
         <load_address>0x1a480</load_address>
         <run_address>0x1a480</run_address>
         <size>0x1ec</size>
         <input_file_ref idref="fl-e4"/>
      </object_component>
      <object_component id="oc-381">
         <name>.text</name>
         <load_address>0x1a66c</load_address>
         <run_address>0x1a66c</run_address>
         <size>0x1a0</size>
         <input_file_ref idref="fl-11"/>
      </object_component>
      <object_component id="oc-523">
         <name>.text</name>
         <load_address>0x1a80c</load_address>
         <run_address>0x1a80c</run_address>
         <size>0x15e</size>
         <input_file_ref idref="fl-f5"/>
      </object_component>
      <object_component id="oc-7d5">
         <name>.tramp.HCI_SetControllerToHostFlowCtrlCmd.1</name>
         <load_address>0x1a96c</load_address>
         <run_address>0x1a96c</run_address>
         <size>0x8</size>
         <input_file_ref idref="fl-1f"/>
      </object_component>
      <object_component id="oc-7d6">
         <name>.tramp.HCI_HostBufferSizeCmd.1</name>
         <load_address>0x1a974</load_address>
         <run_address>0x1a974</run_address>
         <size>0x8</size>
         <input_file_ref idref="fl-1f"/>
      </object_component>
      <object_component id="oc-7d7">
         <name>.tramp.HCI_HostNumCompletedPktCmd.1</name>
         <load_address>0x1a97c</load_address>
         <run_address>0x1a97c</run_address>
         <size>0x8</size>
         <input_file_ref idref="fl-1f"/>
      </object_component>
      <object_component id="oc-644">
         <name>.text</name>
         <load_address>0x1a984</load_address>
         <run_address>0x1a984</run_address>
         <size>0x13e</size>
         <input_file_ref idref="fl-f0"/>
      </object_component>
      <object_component id="oc-48e">
         <name>.text</name>
         <load_address>0x1aac4</load_address>
         <run_address>0x1aac4</run_address>
         <size>0x138</size>
         <input_file_ref idref="fl-fe"/>
      </object_component>
      <object_component id="oc-252">
         <name>.text</name>
         <load_address>0x1abfc</load_address>
         <run_address>0x1abfc</run_address>
         <size>0x114</size>
         <input_file_ref idref="fl-18"/>
      </object_component>
      <object_component id="oc-655">
         <name>.text</name>
         <load_address>0x1ad10</load_address>
         <run_address>0x1ad10</run_address>
         <size>0x10c</size>
         <input_file_ref idref="fl-eb"/>
      </object_component>
      <object_component id="oc-396">
         <name>.text</name>
         <load_address>0x1ae1c</load_address>
         <run_address>0x1ae1c</run_address>
         <size>0x104</size>
         <input_file_ref idref="fl-104"/>
      </object_component>
      <object_component id="oc-40c">
         <name>.text</name>
         <load_address>0x1af20</load_address>
         <run_address>0x1af20</run_address>
         <size>0xd0</size>
         <input_file_ref idref="fl-10"/>
      </object_component>
      <object_component id="oc-48c">
         <name>.text</name>
         <load_address>0x1aff0</load_address>
         <run_address>0x1aff0</run_address>
         <size>0xa8</size>
         <input_file_ref idref="fl-f2"/>
      </object_component>
      <object_component id="oc-7d8">
         <name>.tramp.LL_CtrlToHostFlowControl.1</name>
         <load_address>0x1b098</load_address>
         <run_address>0x1b098</run_address>
         <size>0x8</size>
         <input_file_ref idref="fl-1f"/>
      </object_component>
      <object_component id="oc-225">
         <name>.text</name>
         <load_address>0x1b0a0</load_address>
         <run_address>0x1b0a0</run_address>
         <size>0x9c</size>
         <input_file_ref idref="fl-df"/>
      </object_component>
      <object_component id="oc-422">
         <name>.text</name>
         <load_address>0x1b13c</load_address>
         <run_address>0x1b13c</run_address>
         <size>0x90</size>
         <input_file_ref idref="fl-e"/>
      </object_component>
      <object_component id="oc-534">
         <name>.text</name>
         <load_address>0x1b1cc</load_address>
         <run_address>0x1b1cc</run_address>
         <size>0x82</size>
         <input_file_ref idref="fl-e8"/>
      </object_component>
      <object_component id="oc-23a">
         <name>.text</name>
         <load_address>0x1b24e</load_address>
         <run_address>0x1b24e</run_address>
         <size>0x7a</size>
         <input_file_ref idref="fl-e0"/>
      </object_component>
      <object_component id="oc-379">
         <name>.text</name>
         <load_address>0x1b2c8</load_address>
         <run_address>0x1b2c8</run_address>
         <size>0x78</size>
         <input_file_ref idref="fl-106"/>
      </object_component>
      <object_component id="oc-43a">
         <name>.text:NOROM_IntDisable</name>
         <load_address>0x1b340</load_address>
         <run_address>0x1b340</run_address>
         <size>0x78</size>
         <input_file_ref idref="fl-109"/>
      </object_component>
      <object_component id="oc-434">
         <name>.text:NOROM_IntEnable</name>
         <load_address>0x1b3b8</load_address>
         <run_address>0x1b3b8</run_address>
         <size>0x78</size>
         <input_file_ref idref="fl-109"/>
      </object_component>
      <object_component id="oc-240">
         <name>.text</name>
         <load_address>0x1b430</load_address>
         <run_address>0x1b430</run_address>
         <size>0x70</size>
         <input_file_ref idref="fl-d8"/>
      </object_component>
      <object_component id="oc-233">
         <name>.text</name>
         <load_address>0x1b4a0</load_address>
         <run_address>0x1b4a0</run_address>
         <size>0x6a</size>
         <input_file_ref idref="fl-da"/>
      </object_component>
      <object_component id="oc-4d8">
         <name>.text</name>
         <load_address>0x1b50c</load_address>
         <run_address>0x1b50c</run_address>
         <size>0x68</size>
         <input_file_ref idref="fl-c"/>
      </object_component>
      <object_component id="oc-24c">
         <name>.text</name>
         <load_address>0x1b574</load_address>
         <run_address>0x1b574</run_address>
         <size>0x68</size>
         <input_file_ref idref="fl-19"/>
      </object_component>
      <object_component id="oc-63d">
         <name>.text</name>
         <load_address>0x1b5dc</load_address>
         <run_address>0x1b5dc</run_address>
         <size>0x64</size>
         <input_file_ref idref="fl-15"/>
      </object_component>
      <object_component id="oc-440">
         <name>.text</name>
         <load_address>0x1b640</load_address>
         <run_address>0x1b640</run_address>
         <size>0x64</size>
         <input_file_ref idref="fl-7"/>
      </object_component>
      <object_component id="oc-3e1">
         <name>.text</name>
         <load_address>0x1b6a4</load_address>
         <run_address>0x1b6a4</run_address>
         <size>0x54</size>
         <input_file_ref idref="fl-1a"/>
      </object_component>
      <object_component id="oc-683">
         <name>.text</name>
         <load_address>0x1b6f8</load_address>
         <run_address>0x1b6f8</run_address>
         <size>0x54</size>
         <input_file_ref idref="fl-5"/>
      </object_component>
      <object_component id="oc-329">
         <name>.text</name>
         <load_address>0x1b74c</load_address>
         <run_address>0x1b74c</run_address>
         <size>0x4c</size>
         <input_file_ref idref="fl-dc"/>
      </object_component>
      <object_component id="oc-350">
         <name>.text</name>
         <load_address>0x1b798</load_address>
         <run_address>0x1b798</run_address>
         <size>0x44</size>
         <input_file_ref idref="fl-d"/>
      </object_component>
      <object_component id="oc-679">
         <name>.text</name>
         <load_address>0x1b7dc</load_address>
         <run_address>0x1b7dc</run_address>
         <size>0x3c</size>
         <input_file_ref idref="fl-13"/>
      </object_component>
      <object_component id="oc-246">
         <name>.text</name>
         <load_address>0x1b818</load_address>
         <run_address>0x1b818</run_address>
         <size>0x30</size>
         <input_file_ref idref="fl-16"/>
      </object_component>
      <object_component id="oc-6bc">
         <name>.text:NOROM_TRNGConfigure</name>
         <load_address>0x1b848</load_address>
         <run_address>0x1b848</run_address>
         <size>0x26</size>
         <input_file_ref idref="fl-10a"/>
      </object_component>
      <object_component id="oc-716">
         <name>.text:NOROM_FlashProgram</name>
         <load_address>0x1b86e</load_address>
         <run_address>0x1b86e</run_address>
         <size>0x1e</size>
         <input_file_ref idref="fl-108"/>
      </object_component>
      <object_component id="oc-68f">
         <name>.text:NOROM_FlashSectorErase</name>
         <load_address>0x1b88c</load_address>
         <run_address>0x1b88c</run_address>
         <size>0x1e</size>
         <input_file_ref idref="fl-108"/>
      </object_component>
      <object_component id="oc-4d3">
         <name>.text</name>
         <load_address>0x1b8aa</load_address>
         <run_address>0x1b8aa</run_address>
         <size>0x18</size>
         <input_file_ref idref="fl-dd"/>
      </object_component>
      <object_component id="oc-689">
         <name>.text:NOROM_VIMSModeGet</name>
         <load_address>0x1b8c2</load_address>
         <run_address>0x1b8c2</run_address>
         <size>0x16</size>
         <input_file_ref idref="fl-10b"/>
      </object_component>
      <object_component id="oc-42e">
         <name>.text</name>
         <load_address>0x1b8d8</load_address>
         <run_address>0x1b8d8</run_address>
         <size>0x14</size>
         <input_file_ref idref="fl-1b"/>
      </object_component>
      <object_component id="oc-7d9">
         <name>.tramp.LL_PseudoRand.1</name>
         <load_address>0x1b8ec</load_address>
         <run_address>0x1b8ec</run_address>
         <size>0x8</size>
         <input_file_ref idref="fl-1f"/>
      </object_component>
      <object_component id="oc-4de">
         <name>.text</name>
         <load_address>0x1b8f4</load_address>
         <run_address>0x1b8f4</run_address>
         <size>0x14</size>
         <input_file_ref idref="fl-e2"/>
      </object_component>
      <object_component id="oc-14">
         <name>.text:decompress:none</name>
         <load_address>0x1b908</load_address>
         <run_address>0x1b908</run_address>
         <size>0xe</size>
         <input_file_ref idref="fl-d9"/>
      </object_component>
      <object_component id="oc-340">
         <name>.text:NOROM_CPUcpsid</name>
         <load_address>0x1b916</load_address>
         <run_address>0x1b916</run_address>
         <size>0xc</size>
         <input_file_ref idref="fl-107"/>
      </object_component>
      <object_component id="oc-346">
         <name>.text:NOROM_CPUcpsie</name>
         <load_address>0x1b922</load_address>
         <run_address>0x1b922</run_address>
         <size>0xc</size>
         <input_file_ref idref="fl-107"/>
      </object_component>
      <object_component id="oc-1a">
         <name>.text:decompress:rle24</name>
         <load_address>0x1b92e</load_address>
         <run_address>0x1b92e</run_address>
         <size>0x6</size>
         <input_file_ref idref="fl-da"/>
      </object_component>
      <object_component id="oc-7cf">
         <name>.tramp.llCalcScaFactor.1</name>
         <load_address>0x1b934</load_address>
         <run_address>0x1b934</run_address>
         <size>0x8</size>
         <input_file_ref idref="fl-1f"/>
      </object_component>
      <object_component id="oc-7ce">
         <name>.tramp.HCI_LE_SetRandomAddressCmd.1</name>
         <load_address>0x1b93c</load_address>
         <run_address>0x1b93c</run_address>
         <size>0x8</size>
         <input_file_ref idref="fl-1f"/>
      </object_component>
      <object_component id="oc-7cd">
         <name>.tramp.llGetNumTxDataEntries.1</name>
         <load_address>0x1b944</load_address>
         <run_address>0x1b944</run_address>
         <size>0x8</size>
         <input_file_ref idref="fl-1f"/>
      </object_component>
      <object_component id="oc-7cc">
         <name>.tramp.LL_ENC_GenDeviceIV.1</name>
         <load_address>0x1b94c</load_address>
         <run_address>0x1b94c</run_address>
         <size>0x8</size>
         <input_file_ref idref="fl-1f"/>
      </object_component>
      <object_component id="oc-7cb">
         <name>.tramp.LL_ENC_GenDeviceSKD.1</name>
         <load_address>0x1b954</load_address>
         <run_address>0x1b954</run_address>
         <size>0x8</size>
         <input_file_ref idref="fl-1f"/>
      </object_component>
      <object_component id="oc-7ca">
         <name>.tramp.LL_ENC_ReverseBytes.1</name>
         <load_address>0x1b95c</load_address>
         <run_address>0x1b95c</run_address>
         <size>0x8</size>
         <input_file_ref idref="fl-1f"/>
      </object_component>
      <object_component id="oc-7c9">
         <name>.tramp.llMemCopySrc.1</name>
         <load_address>0x1b964</load_address>
         <run_address>0x1b964</run_address>
         <size>0x8</size>
         <input_file_ref idref="fl-1f"/>
      </object_component>
      <object_component id="oc-7c8">
         <name>.tramp.LL_ENC_Decrypt.1</name>
         <load_address>0x1b96c</load_address>
         <run_address>0x1b96c</run_address>
         <size>0x8</size>
         <input_file_ref idref="fl-1f"/>
      </object_component>
      <object_component id="oc-7c7">
         <name>.tramp.HCI_LE_LtkReqNegReplyCmd.1</name>
         <load_address>0x1b974</load_address>
         <run_address>0x1b974</run_address>
         <size>0x8</size>
         <input_file_ref idref="fl-1f"/>
      </object_component>
      <object_component id="oc-7c6">
         <name>.tramp.HCI_LE_LtkReqReplyCmd.1</name>
         <load_address>0x1b97c</load_address>
         <run_address>0x1b97c</run_address>
         <size>0x8</size>
         <input_file_ref idref="fl-1f"/>
      </object_component>
      <object_component id="oc-7c5">
         <name>.tramp.HCI_SendDataPkt.1</name>
         <load_address>0x1b984</load_address>
         <run_address>0x1b984</run_address>
         <size>0x8</size>
         <input_file_ref idref="fl-1f"/>
      </object_component>
      <object_component id="oc-7c4">
         <name>.tramp.HCI_LE_SetAdvParamCmd.1</name>
         <load_address>0x1b98c</load_address>
         <run_address>0x1b98c</run_address>
         <size>0x8</size>
         <input_file_ref idref="fl-1f"/>
      </object_component>
      <object_component id="oc-7c3">
         <name>.tramp.HCI_LE_SetAdvEnableCmd.1</name>
         <load_address>0x1b994</load_address>
         <run_address>0x1b994</run_address>
         <size>0x8</size>
         <input_file_ref idref="fl-1f"/>
      </object_component>
      <object_component id="oc-7c2">
         <name>.tramp.HCI_LE_SetScanRspDataCmd.1</name>
         <load_address>0x1b99c</load_address>
         <run_address>0x1b99c</run_address>
         <size>0x8</size>
         <input_file_ref idref="fl-1f"/>
      </object_component>
      <object_component id="oc-7c1">
         <name>.tramp.HCI_LE_SetAdvDataCmd.1</name>
         <load_address>0x1b9a4</load_address>
         <run_address>0x1b9a4</run_address>
         <size>0x8</size>
         <input_file_ref idref="fl-1f"/>
      </object_component>
      <object_component id="oc-7c0">
         <name>.tramp.llPatchCM0.1</name>
         <load_address>0x1b9ac</load_address>
         <run_address>0x1b9ac</run_address>
         <size>0x8</size>
         <input_file_ref idref="fl-1f"/>
      </object_component>
      <object_component id="oc-7bf">
         <name>.tramp.LL_Encrypt.1</name>
         <load_address>0x1b9b4</load_address>
         <run_address>0x1b9b4</run_address>
         <size>0x8</size>
         <input_file_ref idref="fl-1f"/>
      </object_component>
      <object_component id="oc-7be">
         <name>.tramp.HCI_LE_RandCmd.1</name>
         <load_address>0x1b9bc</load_address>
         <run_address>0x1b9bc</run_address>
         <size>0x8</size>
         <input_file_ref idref="fl-1f"/>
      </object_component>
      <object_component id="oc-7bd">
         <name>.tramp.llMoveTempTxDataEntries.1</name>
         <load_address>0x1b9c4</load_address>
         <run_address>0x1b9c4</run_address>
         <size>0x8</size>
         <input_file_ref idref="fl-1f"/>
      </object_component>
      <object_component id="oc-7bc">
         <name>.tramp.llSetupVersionIndReq.1</name>
         <load_address>0x1b9cc</load_address>
         <run_address>0x1b9cc</run_address>
         <size>0x8</size>
         <input_file_ref idref="fl-1f"/>
      </object_component>
      <object_component id="oc-7bb">
         <name>.tramp.LL_ReadRemoteVersionInfoCback.1</name>
         <load_address>0x1b9d4</load_address>
         <run_address>0x1b9d4</run_address>
         <size>0x8</size>
         <input_file_ref idref="fl-1f"/>
      </object_component>
      <object_component id="oc-7ba">
         <name>.tramp.llSetupPauseEncRsp.1</name>
         <load_address>0x1b9dc</load_address>
         <run_address>0x1b9dc</run_address>
         <size>0x8</size>
         <input_file_ref idref="fl-1f"/>
      </object_component>
      <object_component id="oc-7b9">
         <name>.tramp.llSetupStartEncRsp.1</name>
         <load_address>0x1b9e4</load_address>
         <run_address>0x1b9e4</run_address>
         <size>0x8</size>
         <input_file_ref idref="fl-1f"/>
      </object_component>
      <object_component id="oc-7b8">
         <name>.tramp.LL_EncChangeCback.1</name>
         <load_address>0x1b9ec</load_address>
         <run_address>0x1b9ec</run_address>
         <size>0x8</size>
         <input_file_ref idref="fl-1f"/>
      </object_component>
      <object_component id="oc-7b7">
         <name>.tramp.LL_EncKeyRefreshCback.1</name>
         <load_address>0x1b9f4</load_address>
         <run_address>0x1b9f4</run_address>
         <size>0x8</size>
         <input_file_ref idref="fl-1f"/>
      </object_component>
      <object_component id="oc-7b6">
         <name>.tramp.LL_ENC_AES128_Encrypt.1</name>
         <load_address>0x1b9fc</load_address>
         <run_address>0x1b9fc</run_address>
         <size>0x8</size>
         <input_file_ref idref="fl-1f"/>
      </object_component>
      <object_component id="oc-7b5">
         <name>.tramp.llSetupStartEncReq.1</name>
         <load_address>0x1ba04</load_address>
         <run_address>0x1ba04</run_address>
         <size>0x8</size>
         <input_file_ref idref="fl-1f"/>
      </object_component>
      <object_component id="oc-7b4">
         <name>.tramp.llSetupEncRsp.1</name>
         <load_address>0x1ba0c</load_address>
         <run_address>0x1ba0c</run_address>
         <size>0x8</size>
         <input_file_ref idref="fl-1f"/>
      </object_component>
      <object_component id="oc-7b3">
         <name>.tramp.LL_EncLtkReqCback.1</name>
         <load_address>0x1ba14</load_address>
         <run_address>0x1ba14</run_address>
         <size>0x8</size>
         <input_file_ref idref="fl-1f"/>
      </object_component>
      <object_component id="oc-7b2">
         <name>.tramp.llSetupUnknownRsp.1</name>
         <load_address>0x1ba1c</load_address>
         <run_address>0x1ba1c</run_address>
         <size>0x8</size>
         <input_file_ref idref="fl-1f"/>
      </object_component>
      <object_component id="oc-7b1">
         <name>.tramp.llConvertCtrlProcTimeoutToEvent.1</name>
         <load_address>0x1ba24</load_address>
         <run_address>0x1ba24</run_address>
         <size>0x8</size>
         <input_file_ref idref="fl-1f"/>
      </object_component>
      <object_component id="oc-7b0">
         <name>.tramp.llConvertLstoToEvent.1</name>
         <load_address>0x1ba2c</load_address>
         <run_address>0x1ba2c</run_address>
         <size>0x8</size>
         <input_file_ref idref="fl-1f"/>
      </object_component>
      <object_component id="oc-7af">
         <name>.tramp.llEventInRange.1</name>
         <load_address>0x1ba34</load_address>
         <run_address>0x1ba34</run_address>
         <size>0x8</size>
         <input_file_ref idref="fl-1f"/>
      </object_component>
      <object_component id="oc-7ae">
         <name>.tramp.llCheckForLstoDuringSL.1</name>
         <load_address>0x1ba3c</load_address>
         <run_address>0x1ba3c</run_address>
         <size>0x8</size>
         <input_file_ref idref="fl-1f"/>
      </object_component>
      <object_component id="oc-7ad">
         <name>.tramp.llConnTerminate.1</name>
         <load_address>0x1ba44</load_address>
         <run_address>0x1ba44</run_address>
         <size>0x8</size>
         <input_file_ref idref="fl-1f"/>
      </object_component>
      <object_component id="oc-7ac">
         <name>.tramp.HCI_DisconnectCmd.1</name>
         <load_address>0x1ba4c</load_address>
         <run_address>0x1ba4c</run_address>
         <size>0x8</size>
         <input_file_ref idref="fl-1f"/>
      </object_component>
      <object_component id="oc-7ab">
         <name>.tramp.HCI_ReadRemoteVersionInfoCmd.1</name>
         <load_address>0x1ba54</load_address>
         <run_address>0x1ba54</run_address>
         <size>0x8</size>
         <input_file_ref idref="fl-1f"/>
      </object_component>
      <object_component id="oc-7aa">
         <name>.tramp.HCI_SetEventMaskCmd.1</name>
         <load_address>0x1ba5c</load_address>
         <run_address>0x1ba5c</run_address>
         <size>0x8</size>
         <input_file_ref idref="fl-1f"/>
      </object_component>
      <object_component id="oc-7a9">
         <name>.tramp.HCI_ReadTransmitPowerLevelCmd.1</name>
         <load_address>0x1ba64</load_address>
         <run_address>0x1ba64</run_address>
         <size>0x8</size>
         <input_file_ref idref="fl-1f"/>
      </object_component>
      <object_component id="oc-7a8">
         <name>.tramp.HCI_ReadLocalSupportedFeaturesCmd.1</name>
         <load_address>0x1ba6c</load_address>
         <run_address>0x1ba6c</run_address>
         <size>0x8</size>
         <input_file_ref idref="fl-1f"/>
      </object_component>
      <object_component id="oc-7a7">
         <name>.tramp.HCI_ReadBDADDRCmd.1</name>
         <load_address>0x1ba74</load_address>
         <run_address>0x1ba74</run_address>
         <size>0x8</size>
         <input_file_ref idref="fl-1f"/>
      </object_component>
      <object_component id="oc-7a6">
         <name>.tramp.HCI_ReadRssiCmd.1</name>
         <load_address>0x1ba7c</load_address>
         <run_address>0x1ba7c</run_address>
         <size>0x8</size>
         <input_file_ref idref="fl-1f"/>
      </object_component>
      <object_component id="oc-7a5">
         <name>.tramp.HCI_LE_ReadLocalSupportedFeaturesCmd.1</name>
         <load_address>0x1ba84</load_address>
         <run_address>0x1ba84</run_address>
         <size>0x8</size>
         <input_file_ref idref="fl-1f"/>
      </object_component>
      <object_component id="oc-7a4">
         <name>.tramp.HCI_LE_ReadAdvChanTxPowerCmd.1</name>
         <load_address>0x1ba8c</load_address>
         <run_address>0x1ba8c</run_address>
         <size>0x8</size>
         <input_file_ref idref="fl-1f"/>
      </object_component>
      <object_component id="oc-7a3">
         <name>.tramp.HCI_LE_ReadWhiteListSizeCmd.1</name>
         <load_address>0x1ba94</load_address>
         <run_address>0x1ba94</run_address>
         <size>0x8</size>
         <input_file_ref idref="fl-1f"/>
      </object_component>
      <object_component id="oc-7a2">
         <name>.tramp.HCI_LE_RemoveWhiteListCmd.1</name>
         <load_address>0x1ba9c</load_address>
         <run_address>0x1ba9c</run_address>
         <size>0x8</size>
         <input_file_ref idref="fl-1f"/>
      </object_component>
      <object_component id="oc-7a1">
         <name>.tramp.HCI_LE_ReadChannelMapCmd.1</name>
         <load_address>0x1baa4</load_address>
         <run_address>0x1baa4</run_address>
         <size>0x8</size>
         <input_file_ref idref="fl-1f"/>
      </object_component>
      <object_component id="oc-7a0">
         <name>.tramp.HCI_LE_EncryptCmd.1</name>
         <load_address>0x1baac</load_address>
         <run_address>0x1baac</run_address>
         <size>0x8</size>
         <input_file_ref idref="fl-1f"/>
      </object_component>
      <object_component id="oc-79f">
         <name>.tramp.HCI_LE_ReadSupportedStatesCmd.1</name>
         <load_address>0x1bab4</load_address>
         <run_address>0x1bab4</run_address>
         <size>0x8</size>
         <input_file_ref idref="fl-1f"/>
      </object_component>
      <object_component id="oc-79e">
         <name>.tramp.HCI_LE_TestEndCmd.1</name>
         <load_address>0x1babc</load_address>
         <run_address>0x1babc</run_address>
         <size>0x8</size>
         <input_file_ref idref="fl-1f"/>
      </object_component>
      <object_component id="oc-79d">
         <name>.tramp.HCI_EXT_SetTxPowerCmd.1</name>
         <load_address>0x1bac4</load_address>
         <run_address>0x1bac4</run_address>
         <size>0x8</size>
         <input_file_ref idref="fl-1f"/>
      </object_component>
      <object_component id="oc-79c">
         <name>.tramp.HCI_EXT_OnePktPerEvtCmd.1</name>
         <load_address>0x1bacc</load_address>
         <run_address>0x1bacc</run_address>
         <size>0x8</size>
         <input_file_ref idref="fl-1f"/>
      </object_component>
      <object_component id="oc-79b">
         <name>.tramp.HCI_EXT_DecryptCmd.1</name>
         <load_address>0x1bad4</load_address>
         <run_address>0x1bad4</run_address>
         <size>0x8</size>
         <input_file_ref idref="fl-1f"/>
      </object_component>
      <object_component id="oc-79a">
         <name>.tramp.HCI_EXT_SetLocalSupportedFeaturesCmd.1</name>
         <load_address>0x1badc</load_address>
         <run_address>0x1badc</run_address>
         <size>0x8</size>
         <input_file_ref idref="fl-1f"/>
      </object_component>
      <object_component id="oc-799">
         <name>.tramp.HCI_EXT_SetFastTxResponseTimeCmd.1</name>
         <load_address>0x1bae4</load_address>
         <run_address>0x1bae4</run_address>
         <size>0x8</size>
         <input_file_ref idref="fl-1f"/>
      </object_component>
      <object_component id="oc-798">
         <name>.tramp.HCI_EXT_ModemTestTxCmd.1</name>
         <load_address>0x1baec</load_address>
         <run_address>0x1baec</run_address>
         <size>0x8</size>
         <input_file_ref idref="fl-1f"/>
      </object_component>
      <object_component id="oc-797">
         <name>.tramp.HCI_EXT_ModemHopTestTxCmd.1</name>
         <load_address>0x1baf4</load_address>
         <run_address>0x1baf4</run_address>
         <size>0x8</size>
         <input_file_ref idref="fl-1f"/>
      </object_component>
      <object_component id="oc-796">
         <name>.tramp.HCI_EXT_ModemTestRxCmd.1</name>
         <load_address>0x1bafc</load_address>
         <run_address>0x1bafc</run_address>
         <size>0x8</size>
         <input_file_ref idref="fl-1f"/>
      </object_component>
      <object_component id="oc-795">
         <name>.tramp.HCI_EXT_EndModemTestCmd.1</name>
         <load_address>0x1bb04</load_address>
         <run_address>0x1bb04</run_address>
         <size>0x8</size>
         <input_file_ref idref="fl-1f"/>
      </object_component>
      <object_component id="oc-794">
         <name>.tramp.HCI_EXT_SetBDADDRCmd.1</name>
         <load_address>0x1bb0c</load_address>
         <run_address>0x1bb0c</run_address>
         <size>0x8</size>
         <input_file_ref idref="fl-1f"/>
      </object_component>
      <object_component id="oc-793">
         <name>.tramp.HCI_EXT_SetSCACmd.1</name>
         <load_address>0x1bb14</load_address>
         <run_address>0x1bb14</run_address>
         <size>0x8</size>
         <input_file_ref idref="fl-1f"/>
      </object_component>
      <object_component id="oc-792">
         <name>.tramp.HCI_EXT_EnablePTMCmd.1</name>
         <load_address>0x1bb1c</load_address>
         <run_address>0x1bb1c</run_address>
         <size>0x8</size>
         <input_file_ref idref="fl-1f"/>
      </object_component>
      <object_component id="oc-791">
         <name>.tramp.HCI_EXT_SetMaxDtmTxPowerCmd.1</name>
         <load_address>0x1bb24</load_address>
         <run_address>0x1bb24</run_address>
         <size>0x8</size>
         <input_file_ref idref="fl-1f"/>
      </object_component>
      <object_component id="oc-790">
         <name>.tramp.HCI_EXT_DisconnectImmedCmd.1</name>
         <load_address>0x1bb2c</load_address>
         <run_address>0x1bb2c</run_address>
         <size>0x8</size>
         <input_file_ref idref="fl-1f"/>
      </object_component>
      <object_component id="oc-78f">
         <name>.tramp.HCI_EXT_PacketErrorRateCmd.1</name>
         <load_address>0x1bb34</load_address>
         <run_address>0x1bb34</run_address>
         <size>0x8</size>
         <input_file_ref idref="fl-1f"/>
      </object_component>
      <object_component id="oc-78e">
         <name>.tramp.HCI_EXT_PERbyChanCmd.1</name>
         <load_address>0x1bb3c</load_address>
         <run_address>0x1bb3c</run_address>
         <size>0x8</size>
         <input_file_ref idref="fl-1f"/>
      </object_component>
      <object_component id="oc-78d">
         <name>.tramp.HCI_EXT_AdvEventNoticeCmd.1</name>
         <load_address>0x1bb44</load_address>
         <run_address>0x1bb44</run_address>
         <size>0x8</size>
         <input_file_ref idref="fl-1f"/>
      </object_component>
      <object_component id="oc-78c">
         <name>.tramp.HCI_EXT_SetSlaveLatencyOverrideCmd.1</name>
         <load_address>0x1bb4c</load_address>
         <run_address>0x1bb4c</run_address>
         <size>0x8</size>
         <input_file_ref idref="fl-1f"/>
      </object_component>
      <object_component id="oc-78b">
         <name>.tramp.HCI_EXT_BuildRevisionCmd.1</name>
         <load_address>0x1bb54</load_address>
         <run_address>0x1bb54</run_address>
         <size>0x8</size>
         <input_file_ref idref="fl-1f"/>
      </object_component>
      <object_component id="oc-78a">
         <name>.tramp.HCI_EXT_NumComplPktsLimitCmd.1</name>
         <load_address>0x1bb5c</load_address>
         <run_address>0x1bb5c</run_address>
         <size>0x8</size>
         <input_file_ref idref="fl-1f"/>
      </object_component>
      <object_component id="oc-789">
         <name>.tramp.llSetupRejectInd.1</name>
         <load_address>0x1bb64</load_address>
         <run_address>0x1bb64</run_address>
         <size>0x8</size>
         <input_file_ref idref="fl-1f"/>
      </object_component>
      <object_component id="oc-788">
         <name>.tramp.llTimeDelta.1</name>
         <load_address>0x1bb6c</load_address>
         <run_address>0x1bb6c</run_address>
         <size>0x8</size>
         <input_file_ref idref="fl-1f"/>
      </object_component>
      <object_component id="oc-787">
         <name>.tramp.LL_RX_bm_alloc.1</name>
         <load_address>0x1bb74</load_address>
         <run_address>0x1bb74</run_address>
         <size>0x8</size>
         <input_file_ref idref="fl-1f"/>
      </object_component>
      <object_component id="oc-786">
         <name>.tramp.HCI_bm_alloc.1</name>
         <load_address>0x1bb7c</load_address>
         <run_address>0x1bb7c</run_address>
         <size>0x8</size>
         <input_file_ref idref="fl-1f"/>
      </object_component>
      <object_component id="oc-785">
         <name>.tramp.llTimeCompare.1</name>
         <load_address>0x1bb84</load_address>
         <run_address>0x1bb84</run_address>
         <size>0x8</size>
         <input_file_ref idref="fl-1f"/>
      </object_component>
      <object_component id="oc-784">
         <name>.tramp.llReleaseConnId.1</name>
         <load_address>0x1bb8c</load_address>
         <run_address>0x1bb8c</run_address>
         <size>0x8</size>
         <input_file_ref idref="fl-1f"/>
      </object_component>
      <object_component id="oc-783">
         <name>.tramp.LL_ENC_Encrypt.1</name>
         <load_address>0x1bb94</load_address>
         <run_address>0x1bb94</run_address>
         <size>0x8</size>
         <input_file_ref idref="fl-1f"/>
      </object_component>
      <object_component id="oc-782">
         <name>.tramp.LL_TX_bm_alloc.1</name>
         <load_address>0x1bb9c</load_address>
         <run_address>0x1bb9c</run_address>
         <size>0x8</size>
         <input_file_ref idref="fl-1f"/>
      </object_component>
      <object_component id="oc-781">
         <name>.tramp.llEventDelta.1</name>
         <load_address>0x1bba4</load_address>
         <run_address>0x1bba4</run_address>
         <size>0x8</size>
         <input_file_ref idref="fl-1f"/>
      </object_component>
      <object_component id="oc-780">
         <name>.tramp.HCI_LE_AddWhiteListCmd.1</name>
         <load_address>0x1bbac</load_address>
         <run_address>0x1bbac</run_address>
         <size>0x8</size>
         <input_file_ref idref="fl-1f"/>
      </object_component>
      <object_component id="oc-77f">
         <name>.tramp.HCI_LE_ClearWhiteListCmd.1</name>
         <load_address>0x1bbb4</load_address>
         <run_address>0x1bbb4</run_address>
         <size>0x8</size>
         <input_file_ref idref="fl-1f"/>
      </object_component>
      <object_component id="oc-77e">
         <name>.tramp.llFreeTask.1</name>
         <load_address>0x1bbbc</load_address>
         <run_address>0x1bbbc</run_address>
         <size>0x8</size>
         <input_file_ref idref="fl-1f"/>
      </object_component>
      <object_component id="oc-77d">
         <name>.tramp.llGetNumTasks.1</name>
         <load_address>0x1bbc4</load_address>
         <run_address>0x1bbc4</run_address>
         <size>0x8</size>
         <input_file_ref idref="fl-1f"/>
      </object_component>
      <object_component id="oc-77c">
         <name>.tramp.llScheduler.1</name>
         <load_address>0x1bbcc</load_address>
         <run_address>0x1bbcc</run_address>
         <size>0x8</size>
         <input_file_ref idref="fl-1f"/>
      </object_component>
      <object_component id="oc-77b">
         <name>.tramp.llSetupAdv.1</name>
         <load_address>0x1bbd4</load_address>
         <run_address>0x1bbd4</run_address>
         <size>0x8</size>
         <input_file_ref idref="fl-1f"/>
      </object_component>
      <object_component id="oc-77a">
         <name>.tramp.llGetActiveTasks.1</name>
         <load_address>0x1bbdc</load_address>
         <run_address>0x1bbdc</run_address>
         <size>0x8</size>
         <input_file_ref idref="fl-1f"/>
      </object_component>
      <object_component id="oc-779">
         <name>.tramp.LL_DirectTestEndDoneCback.1</name>
         <load_address>0x1bbe4</load_address>
         <run_address>0x1bbe4</run_address>
         <size>0x8</size>
         <input_file_ref idref="fl-1f"/>
      </object_component>
      <object_component id="oc-778">
         <name>.tramp.llRfStartFS.1</name>
         <load_address>0x1bbec</load_address>
         <run_address>0x1bbec</run_address>
         <size>0x8</size>
         <input_file_ref idref="fl-1f"/>
      </object_component>
      <object_component id="oc-777">
         <name>.tramp.llWriteTxData.1</name>
         <load_address>0x1bbf4</load_address>
         <run_address>0x1bbf4</run_address>
         <size>0x8</size>
         <input_file_ref idref="fl-1f"/>
      </object_component>
      <object_component id="oc-776">
         <name>.tramp.HCI_DataBufferOverflowEvent.1</name>
         <load_address>0x1bbfc</load_address>
         <run_address>0x1bbfc</run_address>
         <size>0x8</size>
         <input_file_ref idref="fl-1f"/>
      </object_component>
      <object_component id="oc-775">
         <name>.tramp.llEnqueueCtrlPkt.1</name>
         <load_address>0x1bc04</load_address>
         <run_address>0x1bc04</run_address>
         <size>0x8</size>
         <input_file_ref idref="fl-1f"/>
      </object_component>
      <object_component id="oc-774">
         <name>.tramp.LL_ConnActive.1</name>
         <load_address>0x1bc0c</load_address>
         <run_address>0x1bc0c</run_address>
         <size>0x8</size>
         <input_file_ref idref="fl-1f"/>
      </object_component>
      <object_component id="oc-773">
         <name>.tramp.llReleaseAllConnId.1</name>
         <load_address>0x1bc14</load_address>
         <run_address>0x1bc14</run_address>
         <size>0x8</size>
         <input_file_ref idref="fl-1f"/>
      </object_component>
      <object_component id="oc-772">
         <name>.tramp.LL_ClearWhiteList.1</name>
         <load_address>0x1bc1c</load_address>
         <run_address>0x1bc1c</run_address>
         <size>0x8</size>
         <input_file_ref idref="fl-1f"/>
      </object_component>
      <object_component id="oc-771">
         <name>.tramp.LL_ENC_Init.1</name>
         <load_address>0x1bc24</load_address>
         <run_address>0x1bc24</run_address>
         <size>0x8</size>
         <input_file_ref idref="fl-1f"/>
      </object_component>
      <object_component id="oc-770">
         <name>.tramp.WL_Init.1</name>
         <load_address>0x1bc2c</load_address>
         <run_address>0x1bc2c</run_address>
         <size>0x8</size>
         <input_file_ref idref="fl-1f"/>
      </object_component>
      <object_component id="oc-76f">
         <name>.tramp.llHaltRadio.1</name>
         <load_address>0x1bc34</load_address>
         <run_address>0x1bc34</run_address>
         <size>0x8</size>
         <input_file_ref idref="fl-1f"/>
      </object_component>
      <object_component id="oc-76e">
         <name>.tramp.HCI_HardwareErrorEvent.1</name>
         <load_address>0x1bc3c</load_address>
         <run_address>0x1bc3c</run_address>
         <size>0x8</size>
         <input_file_ref idref="fl-1f"/>
      </object_component>
      <object_component id="oc-76d">
         <name>.tramp.LL_ConnectionCompleteCback.1</name>
         <load_address>0x1bc44</load_address>
         <run_address>0x1bc44</run_address>
         <size>0x8</size>
         <input_file_ref idref="fl-1f"/>
      </object_component>
      <object_component id="oc-76c">
         <name>.tramp.llGetCurrentTask.1</name>
         <load_address>0x1bc4c</load_address>
         <run_address>0x1bc4c</run_address>
         <size>0x8</size>
         <input_file_ref idref="fl-1f"/>
      </object_component>
      <object_component id="oc-76b">
         <name>.tramp.LL_ENC_GenerateTrueRandNum.1</name>
         <load_address>0x1bc54</load_address>
         <run_address>0x1bc54</run_address>
         <size>0x8</size>
         <input_file_ref idref="fl-1f"/>
      </object_component>
      <object_component id="oc-76a">
         <name>.tramp.llInitRAT.1</name>
         <load_address>0x1bc5c</load_address>
         <run_address>0x1bc5c</run_address>
         <size>0x8</size>
         <input_file_ref idref="fl-1f"/>
      </object_component>
      <object_component id="oc-769">
         <name>.tramp.llGetCurrentTime.1</name>
         <load_address>0x1bc64</load_address>
         <run_address>0x1bc64</run_address>
         <size>0x8</size>
         <input_file_ref idref="fl-1f"/>
      </object_component>
      <object_component id="oc-768">
         <name>.tramp.llSetupRfHal.1</name>
         <load_address>0x1bc6c</load_address>
         <run_address>0x1bc6c</run_address>
         <size>0x8</size>
         <input_file_ref idref="fl-1f"/>
      </object_component>
      <object_component id="oc-767">
         <name>.tramp.llSetupMailbox.1</name>
         <load_address>0x1bc74</load_address>
         <run_address>0x1bc74</run_address>
         <size>0x8</size>
         <input_file_ref idref="fl-1f"/>
      </object_component>
      <object_component id="oc-766">
         <name>.tramp.llResetRadio.1</name>
         <load_address>0x1bc7c</load_address>
         <run_address>0x1bc7c</run_address>
         <size>0x8</size>
         <input_file_ref idref="fl-1f"/>
      </object_component>
      <object_component id="oc-34c">
         <name>.const:$O12$$</name>
         <load_address>0x1bc84</load_address>
         <run_address>0x1bc84</run_address>
         <size>0x664</size>
         <input_file_ref idref="fl-19"/>
      </object_component>
      <object_component id="oc-33c">
         <name>.const:$O10$$</name>
         <load_address>0x1c2e8</load_address>
         <run_address>0x1c2e8</run_address>
         <size>0x10c</size>
         <input_file_ref idref="fl-16"/>
      </object_component>
      <object_component id="oc-4e4">
         <name>.const:tasksArr</name>
         <load_address>0x1c3f4</load_address>
         <run_address>0x1c3f4</run_address>
         <size>0x28</size>
         <input_file_ref idref="fl-18"/>
      </object_component>
      <object_component id="oc-46d">
         <name>.rodata</name>
         <load_address>0x1c41c</load_address>
         <run_address>0x1c41c</run_address>
         <size>0x5c</size>
         <input_file_ref idref="fl-fb"/>
      </object_component>
      <object_component id="oc-735">
         <name>.rodata</name>
         <load_address>0x1c478</load_address>
         <run_address>0x1c478</run_address>
         <size>0x8</size>
         <input_file_ref idref="fl-ed"/>
      </object_component>
      <object_component id="oc-701">
         <name>.rodata</name>
         <load_address>0x1c480</load_address>
         <run_address>0x1c480</run_address>
         <size>0x8</size>
         <input_file_ref idref="fl-f1"/>
      </object_component>
      <object_component id="oc-67f">
         <name>.rodata</name>
         <load_address>0x1c488</load_address>
         <run_address>0x1c488</run_address>
         <size>0x2</size>
         <input_file_ref idref="fl-fd"/>
      </object_component>
      <object_component id="oc-763">
         <name>.cinit..data.load</name>
         <load_address>0x1c490</load_address>
         <run_address>0x1c490</run_address>
         <size>0x150</size>
      </object_component>
      <object_component id="oc-764">
         <name>.cinit..bss.load</name>
         <load_address>0x1c5e0</load_address>
         <run_address>0x1c5e0</run_address>
         <size>0xb</size>
      </object_component>
      <object_component id="oc-765">
         <name>.cinit..TI.bound:mbIntCbackTable.load</name>
         <load_address>0x1c5f0</load_address>
         <run_address>0x1c5f0</run_address>
         <size>0x9</size>
      </object_component>
      <object_component id="oc-761">
         <name>__TI_handler_table</name>
         <load_address>0x1c5fc</load_address>
         <run_address>0x1c5fc</run_address>
         <size>0x8</size>
      </object_component>
      <object_component id="oc-762">
         <name>__TI_cinit_table</name>
         <load_address>0x1c604</load_address>
         <run_address>0x1c604</run_address>
         <size>0x18</size>
      </object_component>
      <object_component id="oc-26">
         <name>EntrySection</name>
         <load_address>0xe000</load_address>
         <run_address>0xe000</run_address>
         <size>0x2c</size>
         <input_file_ref idref="fl-17"/>
      </object_component>
      <object_component id="oc-590">
         <name>.data</name>
         <load_address>0x2000465c</load_address>
         <run_address>0x2000465c</run_address>
         <size>0x2c</size>
         <input_file_ref idref="fl-e7"/>
      </object_component>
      <object_component id="oc-6e0">
         <name>.data</name>
         <load_address>0x200045a4</load_address>
         <run_address>0x200045a4</run_address>
         <size>0x50</size>
         <input_file_ref idref="fl-e7"/>
      </object_component>
      <object_component id="oc-591">
         <name>.data</name>
         <load_address>0x200046ac</load_address>
         <run_address>0x200046ac</run_address>
         <size>0x1c</size>
         <input_file_ref idref="fl-e9"/>
      </object_component>
      <object_component id="oc-70a">
         <name>.data</name>
         <load_address>0x200046c8</load_address>
         <run_address>0x200046c8</run_address>
         <size>0x1c</size>
         <input_file_ref idref="fl-ea"/>
      </object_component>
      <object_component id="oc-707">
         <name>.data</name>
         <load_address>0x2000473c</load_address>
         <run_address>0x2000473c</run_address>
         <size>0x4</size>
         <input_file_ref idref="fl-eb"/>
      </object_component>
      <object_component id="oc-58f">
         <name>.data</name>
         <load_address>0x20004704</load_address>
         <run_address>0x20004704</run_address>
         <size>0xc</size>
         <input_file_ref idref="fl-ec"/>
      </object_component>
      <object_component id="oc-736">
         <name>.data</name>
         <load_address>0x20004746</load_address>
         <run_address>0x20004746</run_address>
         <size>0x1</size>
         <input_file_ref idref="fl-ed"/>
      </object_component>
      <object_component id="oc-702">
         <name>.data</name>
         <load_address>0x20004688</load_address>
         <run_address>0x20004688</run_address>
         <size>0x24</size>
         <input_file_ref idref="fl-ed"/>
      </object_component>
      <object_component id="oc-737">
         <name>.data</name>
         <load_address>0x20004747</load_address>
         <run_address>0x20004747</run_address>
         <size>0x1</size>
         <input_file_ref idref="fl-ed"/>
      </object_component>
      <object_component id="oc-738">
         <name>.data</name>
         <load_address>0x20004748</load_address>
         <run_address>0x20004748</run_address>
         <size>0x1</size>
         <input_file_ref idref="fl-ed"/>
      </object_component>
      <object_component id="oc-703">
         <name>.data</name>
         <load_address>0x20004534</load_address>
         <run_address>0x20004534</run_address>
         <size>0x70</size>
         <input_file_ref idref="fl-ed"/>
      </object_component>
      <object_component id="oc-6fe">
         <name>.data</name>
         <load_address>0x20004749</load_address>
         <run_address>0x20004749</run_address>
         <size>0x1</size>
         <input_file_ref idref="fl-ee"/>
      </object_component>
      <object_component id="oc-6fd">
         <name>.data</name>
         <load_address>0x20004730</load_address>
         <run_address>0x20004730</run_address>
         <size>0x8</size>
         <input_file_ref idref="fl-ee"/>
      </object_component>
      <object_component id="oc-638">
         <name>.data</name>
         <load_address>0x2000474a</load_address>
         <run_address>0x2000474a</run_address>
         <size>0x1</size>
         <input_file_ref idref="fl-ef"/>
      </object_component>
      <object_component id="oc-63a">
         <name>.data</name>
         <load_address>0x2000474b</load_address>
         <run_address>0x2000474b</run_address>
         <size>0x1</size>
         <input_file_ref idref="fl-f1"/>
      </object_component>
      <object_component id="oc-643">
         <name>.data</name>
         <load_address>0x200046e4</load_address>
         <run_address>0x200046e4</run_address>
         <size>0x10</size>
         <input_file_ref idref="fl-f1"/>
      </object_component>
      <object_component id="oc-6dc">
         <name>.data</name>
         <load_address>0x20004744</load_address>
         <run_address>0x20004744</run_address>
         <size>0x2</size>
         <input_file_ref idref="fl-f6"/>
      </object_component>
      <object_component id="oc-6ce">
         <name>.data</name>
         <load_address>0x20004710</load_address>
         <run_address>0x20004710</run_address>
         <size>0xc</size>
         <input_file_ref idref="fl-fa"/>
      </object_component>
      <object_component id="oc-681">
         <name>.data</name>
         <load_address>0x200046f4</load_address>
         <run_address>0x200046f4</run_address>
         <size>0x10</size>
         <input_file_ref idref="fl-fb"/>
      </object_component>
      <object_component id="oc-6c6">
         <name>.data</name>
         <load_address>0x200045f4</load_address>
         <run_address>0x200045f4</run_address>
         <size>0x3c</size>
         <input_file_ref idref="fl-100"/>
      </object_component>
      <object_component id="oc-739">
         <name>.data</name>
         <load_address>0x2000471c</load_address>
         <run_address>0x2000471c</run_address>
         <size>0xc</size>
         <input_file_ref idref="fl-103"/>
      </object_component>
      <object_component id="oc-6a8">
         <name>.data</name>
         <load_address>0x20004740</load_address>
         <run_address>0x20004740</run_address>
         <size>0x4</size>
         <input_file_ref idref="fl-10"/>
      </object_component>
      <object_component id="oc-3ee">
         <name>.data:$O3$$</name>
         <load_address>0x20004630</load_address>
         <run_address>0x20004630</run_address>
         <size>0x2c</size>
         <input_file_ref idref="fl-b"/>
      </object_component>
      <object_component id="oc-6d2">
         <name>.data:$O4$$</name>
         <load_address>0x20004728</load_address>
         <run_address>0x20004728</run_address>
         <size>0x8</size>
         <input_file_ref idref="fl-c"/>
      </object_component>
      <object_component id="oc-6b1">
         <name>.data:$O5$$</name>
         <load_address>0x20004738</load_address>
         <run_address>0x20004738</run_address>
         <size>0x4</size>
         <input_file_ref idref="fl-e"/>
      </object_component>
      <object_component id="oc-4e9">
         <name>.data:$O7$$</name>
         <load_address>0x200044b8</load_address>
         <run_address>0x200044b8</run_address>
         <size>0x7c</size>
         <input_file_ref idref="fl-11"/>
      </object_component>
      <object_component id="oc-652">
         <name>.data:$O9$$</name>
         <load_address>0x200043ec</load_address>
         <run_address>0x200043ec</run_address>
         <size>0xcc</size>
         <input_file_ref idref="fl-14"/>
      </object_component>
      <object_component id="oc-6ff">
         <name>.bss</name>
         <uninitialized>true</uninitialized>
         <run_address>0x2000488c</run_address>
         <size>0x4</size>
         <input_file_ref idref="fl-e4"/>
      </object_component>
      <object_component id="oc-6df">
         <name>.bss</name>
         <uninitialized>true</uninitialized>
         <run_address>0x20004894</run_address>
         <size>0x4</size>
         <input_file_ref idref="fl-e8"/>
      </object_component>
      <object_component id="oc-6de">
         <name>.bss</name>
         <uninitialized>true</uninitialized>
         <run_address>0x20004890</run_address>
         <size>0x4</size>
         <input_file_ref idref="fl-e8"/>
      </object_component>
      <object_component id="oc-592">
         <name>.bss</name>
         <uninitialized>true</uninitialized>
         <run_address>0x20004898</run_address>
         <size>0x4</size>
         <input_file_ref idref="fl-e9"/>
      </object_component>
      <object_component id="oc-70b">
         <name>.bss</name>
         <uninitialized>true</uninitialized>
         <run_address>0x2000488a</run_address>
         <size>0x2</size>
         <input_file_ref idref="fl-ea"/>
      </object_component>
      <object_component id="oc-704">
         <name>.bss</name>
         <uninitialized>true</uninitialized>
         <run_address>0x2000489c</run_address>
         <size>0x4</size>
         <input_file_ref idref="fl-ed"/>
      </object_component>
      <object_component id="oc-6fc">
         <name>.bss</name>
         <uninitialized>true</uninitialized>
         <run_address>0x200048a0</run_address>
         <size>0x4</size>
         <input_file_ref idref="fl-ee"/>
      </object_component>
      <object_component id="oc-639">
         <name>.bss</name>
         <uninitialized>true</uninitialized>
         <run_address>0x200048b4</run_address>
         <size>0x2</size>
         <input_file_ref idref="fl-ef"/>
      </object_component>
      <object_component id="oc-637">
         <name>.bss</name>
         <uninitialized>true</uninitialized>
         <run_address>0x20004874</run_address>
         <size>0x8</size>
         <input_file_ref idref="fl-ef"/>
      </object_component>
      <object_component id="oc-63b">
         <name>.bss</name>
         <uninitialized>true</uninitialized>
         <run_address>0x200047f0</run_address>
         <size>0x24</size>
         <input_file_ref idref="fl-f1"/>
      </object_component>
      <object_component id="oc-63c">
         <name>.bss</name>
         <uninitialized>true</uninitialized>
         <run_address>0x200048a4</run_address>
         <size>0x4</size>
         <input_file_ref idref="fl-f1"/>
      </object_component>
      <object_component id="oc-6cd">
         <name>.bss</name>
         <uninitialized>true</uninitialized>
         <run_address>0x2000482c</run_address>
         <size>0x10</size>
         <input_file_ref idref="fl-f3"/>
      </object_component>
      <object_component id="oc-6dd">
         <name>.bss</name>
         <uninitialized>true</uninitialized>
         <run_address>0x200048b8</run_address>
         <size>0x1</size>
         <input_file_ref idref="fl-f5"/>
      </object_component>
      <object_component id="oc-531">
         <name>.bss</name>
         <uninitialized>true</uninitialized>
         <run_address>0x2000487c</run_address>
         <size>0x8</size>
         <input_file_ref idref="fl-f6"/>
      </object_component>
      <object_component id="oc-532">
         <name>.bss</name>
         <uninitialized>true</uninitialized>
         <run_address>0x200047c0</run_address>
         <size>0x30</size>
         <input_file_ref idref="fl-f6"/>
      </object_component>
      <object_component id="oc-6db">
         <name>.bss</name>
         <uninitialized>true</uninitialized>
         <run_address>0x200048b9</run_address>
         <size>0x1</size>
         <input_file_ref idref="fl-f7"/>
      </object_component>
      <object_component id="oc-533">
         <name>.bss</name>
         <uninitialized>true</uninitialized>
         <run_address>0x20004788</run_address>
         <size>0x38</size>
         <input_file_ref idref="fl-f8"/>
      </object_component>
      <object_component id="oc-4e8">
         <name>.bss</name>
         <uninitialized>true</uninitialized>
         <run_address>0x2000483c</run_address>
         <size>0x10</size>
         <input_file_ref idref="fl-fd"/>
      </object_component>
      <object_component id="oc-6cf">
         <name>.bss</name>
         <uninitialized>true</uninitialized>
         <run_address>0x200048b6</run_address>
         <size>0x2</size>
         <input_file_ref idref="fl-ff"/>
      </object_component>
      <object_component id="oc-6c7">
         <name>.bss</name>
         <uninitialized>true</uninitialized>
         <run_address>0x20004814</run_address>
         <size>0x18</size>
         <input_file_ref idref="fl-100"/>
      </object_component>
      <object_component id="oc-6c8">
         <name>.bss</name>
         <uninitialized>true</uninitialized>
         <run_address>0x200048ba</run_address>
         <size>0x1</size>
         <input_file_ref idref="fl-100"/>
      </object_component>
      <object_component id="oc-6e1">
         <name>.bss</name>
         <uninitialized>true</uninitialized>
         <run_address>0x200048a8</run_address>
         <size>0x4</size>
         <input_file_ref idref="fl-101"/>
      </object_component>
      <object_component id="oc-5b3">
         <name>.bss</name>
         <uninitialized>true</uninitialized>
         <run_address>0x20004858</run_address>
         <size>0xc</size>
         <input_file_ref idref="fl-102"/>
      </object_component>
      <object_component id="oc-5b2">
         <name>.bss</name>
         <uninitialized>true</uninitialized>
         <run_address>0x200048bb</run_address>
         <size>0x1</size>
         <input_file_ref idref="fl-104"/>
      </object_component>
      <object_component id="oc-46c">
         <name>.bss</name>
         <uninitialized>true</uninitialized>
         <run_address>0x20004884</run_address>
         <size>0x6</size>
         <input_file_ref idref="fl-106"/>
      </object_component>
      <object_component id="oc-6c2">
         <name>.bss</name>
         <uninitialized>true</uninitialized>
         <run_address>0x200048ac</run_address>
         <size>0x4</size>
         <input_file_ref idref="fl-7"/>
      </object_component>
      <object_component id="oc-65a">
         <name>.bss:$O2$$</name>
         <uninitialized>true</uninitialized>
         <run_address>0x2000474c</run_address>
         <size>0x3c</size>
         <input_file_ref idref="fl-9"/>
      </object_component>
      <object_component id="oc-6b5">
         <name>.bss:$O6$$</name>
         <uninitialized>true</uninitialized>
         <run_address>0x20004864</run_address>
         <size>0x8</size>
         <input_file_ref idref="fl-f"/>
      </object_component>
      <object_component id="oc-695">
         <name>.bss:$O8$$</name>
         <uninitialized>true</uninitialized>
         <run_address>0x2000486c</run_address>
         <size>0x8</size>
         <input_file_ref idref="fl-12"/>
      </object_component>
      <object_component id="oc-258">
         <name>.bss:$O11$$</name>
         <uninitialized>true</uninitialized>
         <run_address>0x2000484c</run_address>
         <size>0xc</size>
         <input_file_ref idref="fl-17"/>
      </object_component>
      <object_component id="oc-3ed">
         <name>.common:tasksEvents</name>
         <uninitialized>true</uninitialized>
         <run_address>0x200048b0</run_address>
         <size>0x4</size>
      </object_component>
      <object_component id="oc-6ad">
         <name>.TI.bound:mbIntCbackTable</name>
         <uninitialized>true</uninitialized>
         <run_address>0x20004fec</run_address>
[...]
         <object_component_ref idref="oc-35c"/>
      </symbol>
      <symbol id="sm-121b">
         <name>SysBootMsg</name>
         <value>0x20004844</value>
         <object_component_ref idref="oc-4e8"/>
      </symbol>
      <symbol id="sm-121c">
         <name>llConnectionExt</name>
         <value>0x20004840</value>
         <object_component_ref idref="oc-4e8"/>
      </symbol>
      <symbol id="sm-121d">
         <name>ll_buildRevision</name>
         <value>0x1c488</value>
         <object_component_ref idref="oc-67f"/>
      </symbol>
      <symbol id="sm-121e">
         <name>maxPduSize</name>
         <value>0x2000483c</value>
         <object_component_ref idref="oc-4e8"/>
      </symbol>
      <symbol id="sm-121f">
         <name>maxQueuedPdu</name>
         <value>0x2000483e</value>
         <object_component_ref idref="oc-4e8"/>
      </symbol>
      <symbol id="sm-1220">
         <name>rfFeModeBias</name>
         <value>0x2000483d</value>
         <object_component_ref idref="oc-4e8"/>
      </symbol>
      <symbol id="sm-1221">
         <name>sclkSrc</name>
         <value>0x20004848</value>
         <object_component_ref idref="oc-4e8"/>
      </symbol>
      <symbol id="sm-1236">
         <name>llActiveTask</name>
         <value>0x1ab73</value>
         <object_component_ref idref="oc-48e"/>
      </symbol>
      <symbol id="sm-1237">
         <name>llAllocTask</name>
         <value>0x1aaf7</value>
         <object_component_ref idref="oc-48e"/>
      </symbol>
      <symbol id="sm-1238">
         <name>llGetTask</name>
         <value>0x1aba9</value>
         <object_component_ref idref="oc-48e"/>
      </symbol>
      <symbol id="sm-1239">
         <name>llGetTaskState</name>
         <value>0x1ab51</value>
         <object_component_ref idref="oc-48e"/>
      </symbol>
      <symbol id="sm-123a">
         <name>llScheduleTask</name>
         <value>0x1abd9</value>
         <object_component_ref idref="oc-48e"/>
      </symbol>
      <symbol id="sm-123b">
         <name>llSchedulerInit</name>
         <value>0x1aac5</value>
         <object_component_ref idref="oc-48e"/>
      </symbol>
      <symbol id="sm-1263">
         <name>llProcessSlaveControlProcedures</name>
         <value>0x1437d</value>
         <object_component_ref idref="oc-4bb"/>
      </symbol>
      <symbol id="sm-1264">
         <name>llSetupNextSlaveEvent</name>
         <value>0x140b1</value>
         <object_component_ref idref="oc-4bb"/>
      </symbol>
      <symbol id="sm-1265">
         <name>llSlave_TaskEnd</name>
         <value>0x13ef5</value>
         <object_component_ref idref="oc-4bb"/>
      </symbol>
      <symbol id="sm-12fb">
         <name>LL_PM_Enter_AES</name>
         <value>0x153d1</value>
         <object_component_ref idref="oc-446"/>
      </symbol>
      <symbol id="sm-12fc">
         <name>LL_PM_Exit_AES</name>
         <value>0x153e3</value>
         <object_component_ref idref="oc-446"/>
      </symbol>
      <symbol id="sm-12fd">
         <name>LL_PM_ForceSysBusThroughRF</name>
         <value>0x14db5</value>
         <object_component_ref idref="oc-446"/>
      </symbol>
      <symbol id="sm-12fe">
         <name>LL_PM_GetRfCoreState</name>
         <value>0x15189</value>
         <object_component_ref idref="oc-446"/>
      </symbol>
      <symbol id="sm-12ff">
         <name>LL_PM_Init</name>
         <value>0x1511b</value>
         <object_component_ref idref="oc-446"/>
      </symbol>
      <symbol id="sm-1300">
         <name>LL_PM_InitRadioSetupCmd</name>
         <value>0x14dbd</value>
         <object_component_ref idref="oc-446"/>
      </symbol>
      <symbol id="sm-1301">
         <name>LL_PM_PowerCycleRadio</name>
         <value>0x152ab</value>
         <object_component_ref idref="oc-446"/>
      </symbol>
      <symbol id="sm-1302">
         <name>LL_PM_PowerOffRfCore</name>
         <value>0x14fdf</value>
         <object_component_ref idref="oc-446"/>
      </symbol>
      <symbol id="sm-1303">
         <name>LL_PM_PowerOffRfCoreOptimize</name>
         <value>0x15043</value>
         <object_component_ref idref="oc-446"/>
      </symbol>
      <symbol id="sm-1304">
         <name>LL_PM_PowerOnReq</name>
         <value>0x1531d</value>
         <object_component_ref idref="oc-446"/>
      </symbol>
      <symbol id="sm-1305">
         <name>LL_PM_PowerOnRfCore</name>
         <value>0x14f69</value>
         <object_component_ref idref="oc-446"/>
      </symbol>
      <symbol id="sm-1306">
         <name>LL_PM_PowerOnRfCoreOptimize</name>
         <value>0x14e73</value>
         <object_component_ref idref="oc-446"/>
      </symbol>
      <symbol id="sm-1307">
         <name>LL_PM_RFCmdDoneEventCallback</name>
         <value>0x20004628</value>
         <object_component_ref idref="oc-6c6"/>
      </symbol>
      <symbol id="sm-1308">
         <name>LL_PM_ShutdownFS</name>
         <value>0x1500b</value>
         <object_component_ref idref="oc-446"/>
      </symbol>
      <symbol id="sm-1309">
         <name>LL_PM_StartRfTask</name>
         <value>0x1519f</value>
         <object_component_ref idref="oc-446"/>
      </symbol>
      <symbol id="sm-130a">
         <name>LL_PM_StopCurTaskTimer</name>
         <value>0x1526d</value>
         <object_component_ref idref="oc-446"/>
      </symbol>
      <symbol id="sm-136a">
         <name>SM_CalcRandomAddr</name>
         <value>0x1463d</value>
         <object_component_ref idref="oc-54f"/>
      </symbol>
      <symbol id="sm-136b">
         <name>SM_Encrypt</name>
         <value>0x146bd</value>
         <object_component_ref idref="oc-54f"/>
      </symbol>
      <symbol id="sm-136c">
         <name>SM_GenerateAuthenSig</name>
         <value>0x149b1</value>
         <object_component_ref idref="oc-54f"/>
      </symbol>
      <symbol id="sm-136d">
         <name>SM_NewRandKey</name>
         <value>0x1460d</value>
         <object_component_ref idref="oc-54f"/>
      </symbol>
      <symbol id="sm-136e">
         <name>SM_ResolveRandomAddrs</name>
         <value>0x1466f</value>
         <object_component_ref idref="oc-54f"/>
      </symbol>
      <symbol id="sm-136f">
         <name>SM_VerifyAuthenSig</name>
         <value>0x14a4b</value>
         <object_component_ref idref="oc-54f"/>
      </symbol>
      <symbol id="sm-1370">
         <name>smAuthReqToUint8</name>
         <value>0x14953</value>
         <object_component_ref idref="oc-54f"/>
      </symbol>
      <symbol id="sm-1371">
         <name>smGenerateRandBuf</name>
         <value>0x1492d</value>
         <object_component_ref idref="oc-54f"/>
      </symbol>
      <symbol id="sm-1372">
         <name>smInProcess</name>
         <value>0x1478b</value>
         <object_component_ref idref="oc-54f"/>
      </symbol>
      <symbol id="sm-1373">
         <name>smProcessRandComplete</name>
         <value>0x146fb</value>
         <object_component_ref idref="oc-54f"/>
      </symbol>
      <symbol id="sm-1374">
         <name>smStartRspTimer</name>
         <value>0x14765</value>
         <object_component_ref idref="oc-54f"/>
      </symbol>
      <symbol id="sm-1375">
         <name>smStopRspTimer</name>
         <value>0x14781</value>
         <object_component_ref idref="oc-54f"/>
      </symbol>
      <symbol id="sm-1376">
         <name>smUint8ToAuthReq</name>
         <value>0x14973</value>
         <object_component_ref idref="oc-54f"/>
      </symbol>
      <symbol id="sm-1377">
         <name>sm_ah</name>
         <value>0x147bf</value>
         <object_component_ref idref="oc-54f"/>
      </symbol>
      <symbol id="sm-1378">
         <name>sm_c1new</name>
         <value>0x1481f</value>
         <object_component_ref idref="oc-54f"/>
      </symbol>
      <symbol id="sm-1379">
         <name>sm_d1</name>
         <value>0x1479d</value>
         <object_component_ref idref="oc-54f"/>
      </symbol>
      <symbol id="sm-137a">
         <name>sm_dm</name>
         <value>0x147f5</value>
         <object_component_ref idref="oc-54f"/>
      </symbol>
      <symbol id="sm-137b">
         <name>sm_s1</name>
         <value>0x148ed</value>
         <object_component_ref idref="oc-54f"/>
      </symbol>
      <symbol id="sm-13d1">
         <name>SM_PasskeyUpdate</name>
         <value>0x1381f</value>
         <object_component_ref idref="oc-593"/>
      </symbol>
      <symbol id="sm-13d2">
         <name>SM_StartPairing</name>
         <value>0x13799</value>
         <object_component_ref idref="oc-593"/>
      </symbol>
      <symbol id="sm-13d3">
         <name>pPairingParams</name>
         <value>0x20004858</value>
         <object_component_ref idref="oc-5b3"/>
      </symbol>
      <symbol id="sm-13d4">
         <name>pfnResponderCBs</name>
         <value>0x2000485c</value>
         <object_component_ref idref="oc-5b3"/>
      </symbol>
      <symbol id="sm-13d5">
         <name>smDetermineKeySize</name>
         <value>0x13e53</value>
         <object_component_ref idref="oc-593"/>
      </symbol>
      <symbol id="sm-13d6">
         <name>smEndPairing</name>
         <value>0x13e23</value>
         <object_component_ref idref="oc-593"/>
      </symbol>
      <symbol id="sm-13d7">
         <name>smGenerateConfirm</name>
         <value>0x13bb7</value>
         <object_component_ref idref="oc-593"/>
      </symbol>
      <symbol id="sm-13d8">
         <name>smGeneratePairingReqRsp</name>
         <value>0x13b8b</value>
         <object_component_ref idref="oc-593"/>
      </symbol>
      <symbol id="sm-13d9">
         <name>smGenerateRandMsg</name>
         <value>0x13bcf</value>
         <object_component_ref idref="oc-593"/>
      </symbol>
      <symbol id="sm-13da">
         <name>smLinkCheck</name>
         <value>0x138a9</value>
         <object_component_ref idref="oc-593"/>
      </symbol>
      <symbol id="sm-13db">
         <name>smNextPairingState</name>
         <value>0x13a57</value>
         <object_component_ref idref="oc-593"/>
      </symbol>
      <symbol id="sm-13dc">
         <name>smPairingSendEncInfo</name>
         <value>0x13d77</value>
         <object_component_ref idref="oc-593"/>
      </symbol>
      <symbol id="sm-13dd">
         <name>smPairingSendIdentityAddrInfo</name>
         <value>0x13daf</value>
         <object_component_ref idref="oc-593"/>
      </symbol>
      <symbol id="sm-13de">
         <name>smPairingSendIdentityInfo</name>
         <value>0x13da5</value>
         <object_component_ref idref="oc-593"/>
      </symbol>
      <symbol id="sm-13df">
         <name>smPairingSendMasterID</name>
         <value>0x13d7d</value>
         <object_component_ref idref="oc-593"/>
      </symbol>
      <symbol id="sm-13e0">
         <name>smPairingSendSingingInfo</name>
         <value>0x13dd3</value>
         <object_component_ref idref="oc-593"/>
      </symbol>
      <symbol id="sm-13e1">
         <name>smProcessDataMsg</name>
         <value>0x138c5</value>
         <object_component_ref idref="oc-593"/>
      </symbol>
      <symbol id="sm-13e2">
         <name>smProcessEncryptChange</name>
         <value>0x139ad</value>
         <object_component_ref idref="oc-593"/>
      </symbol>
      <symbol id="sm-13e3">
         <name>smProcessPairingReq</name>
         <value>0x13b1d</value>
         <object_component_ref idref="oc-593"/>
      </symbol>
      <symbol id="sm-13e4">
         <name>smRegisterInitiator</name>
         <value>0x13899</value>
         <object_component_ref idref="oc-593"/>
      </symbol>
      <symbol id="sm-13e5">
         <name>smRegisterResponder</name>
         <value>0x138a1</value>
         <object_component_ref idref="oc-593"/>
      </symbol>
      <symbol id="sm-13e6">
         <name>smSavePairInfo</name>
         <value>0x13bf9</value>
         <object_component_ref idref="oc-593"/>
      </symbol>
      <symbol id="sm-13e7">
         <name>smSendFailAndEnd</name>
         <value>0x13991</value>
         <object_component_ref idref="oc-593"/>
      </symbol>
      <symbol id="sm-13e8">
         <name>smStartEncryption</name>
         <value>0x13b71</value>
         <object_component_ref idref="oc-593"/>
      </symbol>
      <symbol id="sm-13e9">
         <name>smTimedOut</name>
         <value>0x138c1</value>
         <object_component_ref idref="oc-593"/>
      </symbol>
      <symbol id="sm-13ea">
         <name>sm_c1</name>
         <value>0x13a87</value>
         <object_component_ref idref="oc-593"/>
      </symbol>
      <symbol id="sm-140c">
         <name>SM_ResponderInit</name>
         <value>0x16d51</value>
         <object_component_ref idref="oc-70c"/>
      </symbol>
      <symbol id="sm-140d">
         <name>smpResponderProcessPairingReq</name>
         <value>0x17011</value>
         <object_component_ref idref="oc-70c"/>
      </symbol>
      <symbol id="sm-141d">
         <name>SM_Init</name>
         <value>0x1ae1d</value>
         <object_component_ref idref="oc-396"/>
      </symbol>
      <symbol id="sm-141e">
         <name>SM_ProcessEvent</name>
         <value>0x1ae39</value>
         <object_component_ref idref="oc-396"/>
      </symbol>
      <symbol id="sm-141f">
         <name>smTaskID</name>
         <value>0x200048bb</value>
         <object_component_ref idref="oc-5b2"/>
      </symbol>
      <symbol id="sm-1457">
         <name>smSendSMMsg</name>
         <value>0x17f57</value>
         <object_component_ref idref="oc-6e2"/>
      </symbol>
      <symbol id="sm-1458">
         <name>smpBuildEncInfo</name>
         <value>0x17e25</value>
         <object_component_ref idref="oc-6e2"/>
      </symbol>
      <symbol id="sm-1459">
         <name>smpBuildIdentityAddrInfo</name>
         <value>0x17ea7</value>
         <object_component_ref idref="oc-6e2"/>
      </symbol>
      <symbol id="sm-145a">
         <name>smpBuildIdentityInfo</name>
         <value>0x17e95</value>
         <object_component_ref idref="oc-6e2"/>
      </symbol>
      <symbol id="sm-145b">
         <name>smpBuildMasterID</name>
         <value>0x17e4d</value>
         <object_component_ref idref="oc-6e2"/>
      </symbol>
      <symbol id="sm-145c">
         <name>smpBuildPairingConfirm</name>
         <value>0x17d8f</value>
         <object_component_ref idref="oc-6e2"/>
      </symbol>
      <symbol id="sm-145d">
         <name>smpBuildPairingFailed</name>
         <value>0x17def</value>
         <object_component_ref idref="oc-6e2"/>
      </symbol>
      <symbol id="sm-145e">
         <name>smpBuildPairingRandom</name>
         <value>0x17db7</value>
         <object_component_ref idref="oc-6e2"/>
      </symbol>
      <symbol id="sm-145f">
         <name>smpBuildPairingReq</name>
         <value>0x17c05</value>
         <object_component_ref idref="oc-6e2"/>
      </symbol>
      <symbol id="sm-1460">
         <name>smpBuildPairingReqRsp</name>
         <value>0x17c13</value>
         <object_component_ref idref="oc-6e2"/>
      </symbol>
      <symbol id="sm-1461">
         <name>smpBuildPairingRsp</name>
         <value>0x17c0d</value>
         <object_component_ref idref="oc-6e2"/>
      </symbol>
      <symbol id="sm-1462">
         <name>smpBuildSecurityReq</name>
         <value>0x17f1f</value>
         <object_component_ref idref="oc-6e2"/>
      </symbol>
      <symbol id="sm-1463">
         <name>smpBuildSigningInfo</name>
         <value>0x17ef7</value>
         <object_component_ref idref="oc-6e2"/>
      </symbol>
      <symbol id="sm-1464">
         <name>smpParseEncInfo</name>
         <value>0x17e37</value>
         <object_component_ref idref="oc-6e2"/>
      </symbol>
      <symbol id="sm-1465">
         <name>smpParseIdentityAddrInfo</name>
         <value>0x17edb</value>
         <object_component_ref idref="oc-6e2"/>
      </symbol>
      <symbol id="sm-1466">
         <name>smpParseIdentityInfo</name>
         <value>0x17ec5</value>
         <object_component_ref idref="oc-6e2"/>
      </symbol>
      <symbol id="sm-1467">
         <name>smpParseMasterID</name>
         <value>0x17e71</value>
         <object_component_ref idref="oc-6e2"/>
      </symbol>
      <symbol id="sm-1468">
         <name>smpParsePairingConfirm</name>
         <value>0x17da1</value>
         <object_component_ref idref="oc-6e2"/>
      </symbol>
      <symbol id="sm-1469">
         <name>smpParsePairingFailed</name>
         <value>0x17e07</value>
         <object_component_ref idref="oc-6e2"/>
      </symbol>
      <symbol id="sm-146a">
         <name>smpParsePairingRandom</name>
         <value>0x17dd9</value>
         <object_component_ref idref="oc-6e2"/>
      </symbol>
      <symbol id="sm-146b">
         <name>smpParsePairingReq</name>
         <value>0x17cbb</value>
         <object_component_ref idref="oc-6e2"/>
      </symbol>
      <symbol id="sm-146c">
         <name>smpParseSecurityReq</name>
         <value>0x17f3b</value>
         <object_component_ref idref="oc-6e2"/>
      </symbol>
      <symbol id="sm-146d">
         <name>smpParseSigningInfo</name>
         <value>0x17f09</value>
         <object_component_ref idref="oc-6e2"/>
      </symbol>
      <symbol id="sm-1482">
         <name>HCI_ExtTaskRegister</name>
         <value>0x1b331</value>
         <object_component_ref idref="oc-379"/>
      </symbol>
      <symbol id="sm-1483">
         <name>HCI_GAPTaskRegister</name>
         <value>0x1b31f</value>
         <object_component_ref idref="oc-379"/>
      </symbol>
      <symbol id="sm-1484">
         <name>HCI_Init</name>
         <value>0x1b2c9</value>
         <object_component_ref idref="oc-379"/>
      </symbol>
      <symbol id="sm-1485">
         <name>HCI_L2CAPTaskRegister</name>
         <value>0x1b325</value>
         <object_component_ref idref="oc-379"/>
      </symbol>
      <symbol id="sm-1486">
         <name>HCI_ProcessEvent</name>
         <value>0x1b2e7</value>
         <object_component_ref idref="oc-379"/>
      </symbol>
      <symbol id="sm-1487">
         <name>HCI_SMPTaskRegister</name>
         <value>0x1b32b</value>
         <object_component_ref idref="oc-379"/>
      </symbol>
      <symbol id="sm-1488">
         <name>HCI_TestAppTaskRegister</name>
         <value>0x1b319</value>
         <object_component_ref idref="oc-379"/>
      </symbol>
      <symbol id="sm-1489">
         <name>hciExtTaskID</name>
         <value>0x20004889</value>
         <object_component_ref idref="oc-46c"/>
      </symbol>
      <symbol id="sm-148a">
         <name>hciGapTaskID</name>
         <value>0x20004886</value>
         <object_component_ref idref="oc-46c"/>
      </symbol>
      <symbol id="sm-148b">
         <name>hciL2capTaskID</name>
         <value>0x20004887</value>
         <object_component_ref idref="oc-46c"/>
      </symbol>
      <symbol id="sm-148c">
         <name>hciSmpTaskID</name>
         <value>0x20004888</value>
         <object_component_ref idref="oc-46c"/>
      </symbol>
      <symbol id="sm-148d">
         <name>hciTaskID</name>
         <value>0x20004884</value>
         <object_component_ref idref="oc-46c"/>
      </symbol>
      <symbol id="sm-148e">
         <name>hciTestTaskID</name>
         <value>0x20004885</value>
         <object_component_ref idref="oc-46c"/>
      </symbol>
      <symbol id="sm-14a0">
         <name>NOROM_CPUcpsie</name>
         <value>0x1b923</value>
         <object_component_ref idref="oc-346"/>
      </symbol>
      <symbol id="sm-14a1">
         <name>NOROM_CPUcpsid</name>
         <value>0x1b917</value>
         <object_component_ref idref="oc-340"/>
      </symbol>
      <symbol id="sm-14a2">
         <name>__TI_static_base__</name>
         <value>0x1c490</value>
      </symbol>
      <symbol id="sm-14a7">
         <name>SHT$$INIT_ARRAY$$Limit</name>
         <value>0x0</value>
      </symbol>
      <symbol id="sm-14a8">
         <name>SHT$$INIT_ARRAY$$Base</name>
         <value>0x0</value>
      </symbol>
   </symbol_table>
   <title>Link successful</title>
</link_info>
