<?xml version="1.0"?>
<link_info>
   <banner>TI ARM Linker PC v16.9.6.LTS</banner>
   <copyright>Copyright (c) 1996-2017 Texas Instruments Incorporated</copyright>
   <link_time>0x5b687015</link_time>
   <link_errors>0x0</link_errors>
   <output_file>HIDEmuKbdStack.out</output_file>
   <entry_point>
      <name>startup_entry</name>
      <address>0xe001</address>
   </entry_point>
   <input_file_list>
      <input_file id="fl-4">
         <path>.\HAL\Common\</path>
         <kind>object</kind>
         <file>hal_assert.obj</file>
         <name>hal_assert.obj</name>
      </input_file>
      <input_file id="fl-5">
         <path>.\HAL\Target\CC2650\Drivers\</path>
         <kind>object</kind>
         <file>hal_flash_wrapper.obj</file>
         <name>hal_flash_wrapper.obj</name>
      </input_file>
      <input_file id="fl-6">
         <path>.\HAL\Target\CC2650\Drivers\</path>
         <kind>object</kind>
         <file>hal_rtc_wrapper.obj</file>
         <name>hal_rtc_wrapper.obj</name>
      </input_file>
      <input_file id="fl-7">
         <path>.\HAL\Target\CC2650\Drivers\</path>
         <kind>object</kind>
         <file>hal_trng_wrapper.obj</file>
         <name>hal_trng_wrapper.obj</name>
      </input_file>
      <input_file id="fl-8">
         <path>.\HAL\Target\CC2650\_common\</path>
         <kind>object</kind>
         <file>mb_PATCH.obj</file>
         <name>mb_PATCH.obj</name>
      </input_file>
      <input_file id="fl-9">
         <path>.\ICallBLE\</path>
         <kind>object</kind>
         <file>bleDispatch.obj</file>
         <name>bleDispatch.obj</name>
      </input_file>
      <input_file id="fl-a">
         <path>.\NPI\</path>
         <kind>object</kind>
         <file>npi.obj</file>
         <name>npi.obj</name>
      </input_file>
      <input_file id="fl-b">
         <path>.\OSAL\</path>
         <kind>object</kind>
         <file>OSAL.obj</file>
         <name>OSAL.obj</name>
      </input_file>
      <input_file id="fl-c">
         <path>.\OSAL\</path>
         <kind>object</kind>
         <file>OSAL_Clock.obj</file>
         <name>OSAL_Clock.obj</name>
      </input_file>
      <input_file id="fl-d">
         <path>.\OSAL\</path>
         <kind>object</kind>
         <file>OSAL_MemoryICall.obj</file>
         <name>OSAL_MemoryICall.obj</name>
      </input_file>
      <input_file id="fl-e">
         <path>.\OSAL\</path>
         <kind>object</kind>
         <file>OSAL_PwrMgr.obj</file>
         <name>OSAL_PwrMgr.obj</name>
      </input_file>
      <input_file id="fl-f">
         <path>.\OSAL\</path>
         <kind>object</kind>
         <file>OSAL_Timers.obj</file>
         <name>OSAL_Timers.obj</name>
      </input_file>
      <input_file id="fl-10">
         <path>.\OSAL\</path>
         <kind>object</kind>
         <file>osal_bufmgr.obj</file>
         <name>osal_bufmgr.obj</name>
      </input_file>
      <input_file id="fl-11">
         <path>.\OSAL\</path>
         <kind>object</kind>
         <file>osal_cbtimer.obj</file>
         <name>osal_cbtimer.obj</name>
      </input_file>
      <input_file id="fl-12">
         <path>.\OSAL\</path>
         <kind>object</kind>
         <file>osal_snv_wrapper.obj</file>
         <name>osal_snv_wrapper.obj</name>
      </input_file>
      <input_file id="fl-13">
         <path>.\PROFILES\</path>
         <kind>object</kind>
         <file>gap.obj</file>
         <name>gap.obj</name>
      </input_file>
      <input_file id="fl-14">
         <path>.\PROFILES\</path>
         <kind>object</kind>
         <file>gapbondmgr.obj</file>
         <name>gapbondmgr.obj</name>
      </input_file>
      <input_file id="fl-15">
         <path>.\PROFILES\</path>
         <kind>object</kind>
         <file>gattservapp_util.obj</file>
         <name>gattservapp_util.obj</name>
      </input_file>
      <input_file id="fl-16">
         <path>.\Startup\</path>
         <kind>object</kind>
         <file>CommonROM_Init.obj</file>
         <name>CommonROM_Init.obj</name>
      </input_file>
      <input_file id="fl-17">
         <path>.\Startup\</path>
         <kind>object</kind>
         <file>ICall_startup.obj</file>
         <name>ICall_startup.obj</name>
      </input_file>
      <input_file id="fl-18">
         <path>.\Startup\</path>
         <kind>object</kind>
         <file>OSAL_ICallBle.obj</file>
         <name>OSAL_ICallBle.obj</name>
      </input_file>
      <input_file id="fl-19">
         <path>.\Startup\</path>
         <kind>object</kind>
         <file>ROM_Init.obj</file>
         <name>ROM_Init.obj</name>
      </input_file>
      <input_file id="fl-1a">
         <path>.\Startup\</path>
         <kind>object</kind>
         <file>bleUserConfig.obj</file>
         <name>bleUserConfig.obj</name>
      </input_file>
      <input_file id="fl-1b">
         <path>.\TOOLS\</path>
         <kind>object</kind>
         <file>OnBoard.obj</file>
         <name>OnBoard.obj</name>
      </input_file>
      <input_file id="fl-d9">
         <path>C:\ti\ccsv7\tools\compiler\ti-cgt-arm_16.9.6.LTS\lib\</path>
         <kind>archive</kind>
         <file>rtsv7M3_T_le_eabi.lib</file>
         <name>copy_decompress_lzss.obj</name>
      </input_file>
      <input_file id="fl-da">
         <path>C:\ti\ccsv7\tools\compiler\ti-cgt-arm_16.9.6.LTS\lib\</path>
         <kind>archive</kind>
         <file>rtsv7M3_T_le_eabi.lib</file>
         <name>copy_decompress_none.obj</name>
      </input_file>
      <input_file id="fl-db">
         <path>C:\ti\ccsv7\tools\compiler\ti-cgt-arm_16.9.6.LTS\lib\</path>
         <kind>archive</kind>
         <file>rtsv7M3_T_le_eabi.lib</file>
         <name>copy_zero_init.obj</name>
      </input_file>
      <input_file id="fl-dc">
         <path>C:\ti\ccsv7\tools\compiler\ti-cgt-arm_16.9.6.LTS\lib\</path>
         <kind>archive</kind>
         <file>rtsv7M3_T_le_eabi.lib</file>
         <name>cpy_tbl.obj</name>
      </input_file>
      <input_file id="fl-de">
         <path>C:\ti\ccsv7\tools\compiler\ti-cgt-arm_16.9.6.LTS\lib\</path>
         <kind>archive</kind>
         <file>rtsv7M3_T_le_eabi.lib</file>
         <name>ltoa.obj</name>
      </input_file>
      <input_file id="fl-e1">
         <path>C:\ti\ccsv7\tools\compiler\ti-cgt-arm_16.9.6.LTS\lib\</path>
         <kind>archive</kind>
         <file>rtsv7M3_T_le_eabi.lib</file>
         <name>startup.obj</name>
      </input_file>
      <input_file id="fl-e2">
         <path>C:\ti\ccsv7\tools\compiler\ti-cgt-arm_16.9.6.LTS\lib\</path>
         <kind>archive</kind>
         <file>rtsv7M3_T_le_eabi.lib</file>
         <name>strlen.obj</name>
      </input_file>
      <input_file id="fl-108">
         <path>C:\ti\tirtos_simplelink_2_13_00_06\products\cc26xxware_2_21_01_15600\driverlib\bin\ccs\</path>
         <kind>archive</kind>
         <file>driverlib.lib</file>
         <name>flash.obj</name>
      </input_file>
      <input_file id="fl-109">
         <path>C:\ti\tirtos_simplelink_2_13_00_06\products\cc26xxware_2_21_01_15600\driverlib\bin\ccs\</path>
         <kind>archive</kind>
         <file>driverlib.lib</file>
         <name>interrupt.obj</name>
      </input_file>
      <input_file id="fl-10a">
         <path>C:\ti\tirtos_simplelink_2_13_00_06\products\cc26xxware_2_21_01_15600\driverlib\bin\ccs\</path>
         <kind>archive</kind>
         <file>driverlib.lib</file>
         <name>trng.obj</name>
      </input_file>
      <input_file id="fl-10b">
         <path>C:\ti\tirtos_simplelink_2_13_00_06\products\cc26xxware_2_21_01_15600\driverlib\bin\ccs\</path>
         <kind>archive</kind>
         <file>driverlib.lib</file>
         <name>vims.obj</name>
      </input_file>
      <input_file id="fl-10c">
         <path>C:\Users\Jian\AppData\Local\Temp\</path>
         <kind>object</kind>
         <file>{4AAC8E5D-E804-4E23-9958-56000C5E947C}</file>
         <name>{4AAC8E5D-E804-4E23-9958-56000C5E947C}</name>
      </input_file>
      <input_file id="fl-1f">
         <path>C:\ti\simplelink\ble_cc26xx_2_01_01_44627\Projects\common\BLE_ROM_Releases\04242014\</path>
         <kind>object</kind>
         <file>ble_rom_PATCH.symbols</file>
         <name>ble_rom_PATCH.symbols</name>
      </input_file>
      <input_file id="fl-22">
         <kind>object</kind>
         <file>&lt;internal&gt;</file>
         <name>&lt;internal&gt;</name>
      </input_file>
      <input_file id="fl-d8">
         <path>C:\ti\ccsv7\tools\compiler\ti-cgt-arm_16.9.6.LTS\lib\</path>
         <kind>archive</kind>
         <file>rtsv7M3_T_le_eabi.lib</file>
         <name>autoinit.obj</name>
      </input_file>
      <input_file id="fl-dd">
         <path>C:\ti\ccsv7\tools\compiler\ti-cgt-arm_16.9.6.LTS\lib\</path>
         <kind>archive</kind>
         <file>rtsv7M3_T_le_eabi.lib</file>
         <name>ll_mul_t2.obj</name>
      </input_file>
      <input_file id="fl-df">
         <path>C:\ti\ccsv7\tools\compiler\ti-cgt-arm_16.9.6.LTS\lib\</path>
         <kind>archive</kind>
         <file>rtsv7M3_T_le_eabi.lib</file>
         <name>memcpy_t2.obj</name>
      </input_file>
      <input_file id="fl-e0">
         <path>C:\ti\ccsv7\tools\compiler\ti-cgt-arm_16.9.6.LTS\lib\</path>
         <kind>archive</kind>
         <file>rtsv7M3_T_le_eabi.lib</file>
         <name>memset_t2.obj</name>
      </input_file>
      <input_file id="fl-e3">
         <path>C:\ti\ccsv7\tools\compiler\ti-cgt-arm_16.9.6.LTS\lib\</path>
         <kind>archive</kind>
         <file>rtsv7M3_T_le_eabi.lib</file>
         <name>ull_div_t2.obj</name>
      </input_file>
      <input_file id="fl-e4">
         <path>C:\ti\simplelink\ble_cc26xx_2_01_01_44627\Projects\ble\HIDEmuKbd_Origin\CC26xx\IAR\Lib\</path>
         <kind>archive</kind>
         <file>CC2640Stack.a</file>
         <name>att_server.o</name>
      </input_file>
      <input_file id="fl-e5">
         <path>C:\ti\simplelink\ble_cc26xx_2_01_01_44627\Projects\ble\HIDEmuKbd_Origin\CC26xx\IAR\Lib\</path>
         <kind>archive</kind>
         <file>CC2640Stack.a</file>
         <name>att_util.o</name>
      </input_file>
      <input_file id="fl-e6">
         <path>C:\ti\simplelink\ble_cc26xx_2_01_01_44627\Projects\ble\HIDEmuKbd_Origin\CC26xx\IAR\Lib\</path>
         <kind>archive</kind>
         <file>CC2640Stack.a</file>
         <name>ble_PATCH.o</name>
      </input_file>
      <input_file id="fl-e7">
         <path>C:\ti\simplelink\ble_cc26xx_2_01_01_44627\Projects\ble\HIDEmuKbd_Origin\CC26xx\IAR\Lib\</path>
         <kind>archive</kind>
         <file>CC2640Stack.a</file>
         <name>gap_configmgr.o</name>
      </input_file>
      <input_file id="fl-e8">
         <path>C:\ti\simplelink\ble_cc26xx_2_01_01_44627\Projects\ble\HIDEmuKbd_Origin\CC26xx\IAR\Lib\</path>
         <kind>archive</kind>
         <file>CC2640Stack.a</file>
         <name>gap_devmgr.o</name>
      </input_file>
      <input_file id="fl-e9">
         <path>C:\ti\simplelink\ble_cc26xx_2_01_01_44627\Projects\ble\HIDEmuKbd_Origin\CC26xx\IAR\Lib\</path>
         <kind>archive</kind>
         <file>CC2640Stack.a</file>
         <name>gap_linkmgr.o</name>
      </input_file>
      <input_file id="fl-ea">
         <path>C:\ti\simplelink\ble_cc26xx_2_01_01_44627\Projects\ble\HIDEmuKbd_Origin\CC26xx\IAR\Lib\</path>
         <kind>archive</kind>
         <file>CC2640Stack.a</file>
         <name>gap_peridevmgr.o</name>
      </input_file>
      <input_file id="fl-eb">
         <path>C:\ti\simplelink\ble_cc26xx_2_01_01_44627\Projects\ble\HIDEmuKbd_Origin\CC26xx\IAR\Lib\</path>
         <kind>archive</kind>
         <file>CC2640Stack.a</file>
         <name>gap_perilinkmgr.o</name>
      </input_file>
      <input_file id="fl-ec">
         <path>C:\ti\simplelink\ble_cc26xx_2_01_01_44627\Projects\ble\HIDEmuKbd_Origin\CC26xx\IAR\Lib\</path>
         <kind>archive</kind>
         <file>CC2640Stack.a</file>
         <name>gap_task.o</name>
      </input_file>
      <input_file id="fl-ed">
         <path>C:\ti\simplelink\ble_cc26xx_2_01_01_44627\Projects\ble\HIDEmuKbd_Origin\CC26xx\IAR\Lib\</path>
         <kind>archive</kind>
         <file>CC2640Stack.a</file>
         <name>gapgattserver.o</name>
      </input_file>
      <input_file id="fl-ee">
         <path>C:\ti\simplelink\ble_cc26xx_2_01_01_44627\Projects\ble\HIDEmuKbd_Origin\CC26xx\IAR\Lib\</path>
         <kind>archive</kind>
         <file>CC2640Stack.a</file>
         <name>gatt_server.o</name>
      </input_file>
      <input_file id="fl-ef">
         <path>C:\ti\simplelink\ble_cc26xx_2_01_01_44627\Projects\ble\HIDEmuKbd_Origin\CC26xx\IAR\Lib\</path>
         <kind>archive</kind>
         <file>CC2640Stack.a</file>
         <name>gatt_task.o</name>
      </input_file>
      <input_file id="fl-f0">
         <path>C:\ti\simplelink\ble_cc26xx_2_01_01_44627\Projects\ble\HIDEmuKbd_Origin\CC26xx\IAR\Lib\</path>
         <kind>archive</kind>
         <file>CC2640Stack.a</file>
         <name>gatt_uuid.o</name>
      </input_file>
      <input_file id="fl-f1">
         <path>C:\ti\simplelink\ble_cc26xx_2_01_01_44627\Projects\ble\HIDEmuKbd_Origin\CC26xx\IAR\Lib\</path>
         <kind>archive</kind>
         <file>CC2640Stack.a</file>
         <name>gattservapp.o</name>
      </input_file>
      <input_file id="fl-f2">
         <path>C:\ti\simplelink\ble_cc26xx_2_01_01_44627\Projects\ble\HIDEmuKbd_Origin\CC26xx\IAR\Lib\</path>
         <kind>archive</kind>
         <file>CC2640Stack.a</file>
         <name>hci_data_PATCH.o</name>
      </input_file>
      <input_file id="fl-f3">
         <path>C:\ti\simplelink\ble_cc26xx_2_01_01_44627\Projects\ble\HIDEmuKbd_Origin\CC26xx\IAR\Lib\</path>
         <kind>archive</kind>
         <file>CC2640Stack.a</file>
         <name>hci_event_PATCH.o</name>
      </input_file>
      <input_file id="fl-f4">
         <path>C:\ti\simplelink\ble_cc26xx_2_01_01_44627\Projects\ble\HIDEmuKbd_Origin\CC26xx\IAR\Lib\</path>
         <kind>archive</kind>
         <file>CC2640Stack.a</file>
         <name>hci_PATCH.o</name>
      </input_file>
      <input_file id="fl-f5">
         <path>C:\ti\simplelink\ble_cc26xx_2_01_01_44627\Projects\ble\HIDEmuKbd_Origin\CC26xx\IAR\Lib\</path>
         <kind>archive</kind>
         <file>CC2640Stack.a</file>
         <name>l2cap_if.o</name>
      </input_file>
      <input_file id="fl-f6">
         <path>C:\ti\simplelink\ble_cc26xx_2_01_01_44627\Projects\ble\HIDEmuKbd_Origin\CC26xx\IAR\Lib\</path>
         <kind>archive</kind>
         <file>CC2640Stack.a</file>
         <name>l2cap_task.o</name>
      </input_file>
      <input_file id="fl-f7">
         <path>C:\ti\simplelink\ble_cc26xx_2_01_01_44627\Projects\ble\HIDEmuKbd_Origin\CC26xx\IAR\Lib\</path>
         <kind>archive</kind>
         <file>CC2640Stack.a</file>
         <name>l2cap_util.o</name>
      </input_file>
      <input_file id="fl-f8">
         <path>C:\ti\simplelink\ble_cc26xx_2_01_01_44627\Projects\ble\HIDEmuKbd_Origin\CC26xx\IAR\Lib\</path>
         <kind>archive</kind>
         <file>CC2640Stack.a</file>
         <name>linkdb.o</name>
      </input_file>
      <input_file id="fl-f9">
         <path>C:\ti\simplelink\ble_cc26xx_2_01_01_44627\Projects\ble\HIDEmuKbd_Origin\CC26xx\IAR\Lib\</path>
         <kind>archive</kind>
         <file>CC2640Stack.a</file>
         <name>ll_advEndCauses_PATCH.o</name>
      </input_file>
      <input_file id="fl-fa">
         <path>C:\ti\simplelink\ble_cc26xx_2_01_01_44627\Projects\ble\HIDEmuKbd_Origin\CC26xx\IAR\Lib\</path>
         <kind>archive</kind>
         <file>CC2640Stack.a</file>
         <name>ll_common_PATCH.o</name>
      </input_file>
      <input_file id="fl-fb">
         <path>C:\ti\simplelink\ble_cc26xx_2_01_01_44627\Projects\ble\HIDEmuKbd_Origin\CC26xx\IAR\Lib\</path>
         <kind>archive</kind>
         <file>CC2640Stack.a</file>
         <name>ll_config.o</name>
      </input_file>
      <input_file id="fl-fc">
         <path>C:\ti\simplelink\ble_cc26xx_2_01_01_44627\Projects\ble\HIDEmuKbd_Origin\CC26xx\IAR\Lib\</path>
         <kind>archive</kind>
         <file>CC2640Stack.a</file>
         <name>ll_isr.o</name>
      </input_file>
      <input_file id="fl-fd">
         <path>C:\ti\simplelink\ble_cc26xx_2_01_01_44627\Projects\ble\HIDEmuKbd_Origin\CC26xx\IAR\Lib\</path>
         <kind>archive</kind>
         <file>CC2640Stack.a</file>
         <name>ll_PATCH.o</name>
      </input_file>
      <input_file id="fl-fe">
         <path>C:\ti\simplelink\ble_cc26xx_2_01_01_44627\Projects\ble\HIDEmuKbd_Origin\CC26xx\IAR\Lib\</path>
         <kind>archive</kind>
         <file>CC2640Stack.a</file>
         <name>ll_scheduler_PATCH.o</name>
      </input_file>
      <input_file id="fl-ff">
         <path>C:\ti\simplelink\ble_cc26xx_2_01_01_44627\Projects\ble\HIDEmuKbd_Origin\CC26xx\IAR\Lib\</path>
         <kind>archive</kind>
         <file>CC2640Stack.a</file>
         <name>ll_slaveEndCauses_PATCH.o</name>
      </input_file>
      <input_file id="fl-100">
         <path>C:\ti\simplelink\ble_cc26xx_2_01_01_44627\Projects\ble\HIDEmuKbd_Origin\CC26xx\IAR\Lib\</path>
         <kind>archive</kind>
         <file>CC2640Stack.a</file>
         <name>ll_sleep.o</name>
      </input_file>
      <input_file id="fl-101">
         <path>C:\ti\simplelink\ble_cc26xx_2_01_01_44627\Projects\ble\HIDEmuKbd_Origin\CC26xx\IAR\Lib\</path>
         <kind>archive</kind>
         <file>CC2640Stack.a</file>
         <name>sm_mgr.o</name>
      </input_file>
      <input_file id="fl-102">
         <path>C:\ti\simplelink\ble_cc26xx_2_01_01_44627\Projects\ble\HIDEmuKbd_Origin\CC26xx\IAR\Lib\</path>
         <kind>archive</kind>
         <file>CC2640Stack.a</file>
         <name>sm_pairing.o</name>
      </input_file>
      <input_file id="fl-103">
         <path>C:\ti\simplelink\ble_cc26xx_2_01_01_44627\Projects\ble\HIDEmuKbd_Origin\CC26xx\IAR\Lib\</path>
         <kind>archive</kind>
         <file>CC2640Stack.a</file>
         <name>sm_rsppairing.o</name>
      </input_file>
      <input_file id="fl-104">
         <path>C:\ti\simplelink\ble_cc26xx_2_01_01_44627\Projects\ble\HIDEmuKbd_Origin\CC26xx\IAR\Lib\</path>
         <kind>archive</kind>
         <file>CC2640Stack.a</file>
         <name>sm_task.o</name>
      </input_file>
      <input_file id="fl-105">
         <path>C:\ti\simplelink\ble_cc26xx_2_01_01_44627\Projects\ble\HIDEmuKbd_Origin\CC26xx\IAR\Lib\</path>
         <kind>archive</kind>
         <file>CC2640Stack.a</file>
         <name>smp.o</name>
      </input_file>
      <input_file id="fl-106">
         <path>C:\ti\simplelink\ble_cc26xx_2_01_01_44627\Projects\ble\HIDEmuKbd_Origin\CC26xx\IAR\Lib\</path>
         <kind>archive</kind>
         <file>CC2640Stack_HCI_TL.a</file>
         <name>hci_tl.o</name>
      </input_file>
      <input_file id="fl-107">
         <path>C:\ti\tirtos_simplelink_2_13_00_06\products\cc26xxware_2_21_01_15600\driverlib\bin\ccs\</path>
         <kind>archive</kind>
         <file>driverlib.lib</file>
         <name>cpu.obj</name>
      </input_file>
   </input_file_list>
   <object_component_list>
      <object_component id="oc-2c0">
         <name>.text</name>
         <load_address>0xe2c0</load_address>
         <run_address>0xe2c0</run_address>
         <size>0xfbc</size>
         <input_file_ref idref="fl-f1"/>
      </object_component>
      <object_component id="oc-276">
         <name>.text</name>
         <load_address>0xf27c</load_address>
         <run_address>0xf27c</run_address>
         <size>0xd9c</size>
         <input_file_ref idref="fl-fd"/>
      </object_component>
      <object_component id="oc-2f8">
         <name>.text</name>
         <load_address>0x10018</load_address>
         <run_address>0x10018</run_address>
         <size>0xb4a</size>
         <input_file_ref idref="fl-9"/>
      </object_component>
      <object_component id="oc-496">
         <name>.text</name>
         <load_address>0x10b62</load_address>
         <run_address>0x10b62</run_address>
         <size>0x2</size>
         <input_file_ref idref="fl-1b"/>
      </object_component>
      <object_component id="oc-55d">
         <name>.text</name>
         <load_address>0x10b64</load_address>
         <run_address>0x10b64</run_address>
         <size>0xa4c</size>
         <input_file_ref idref="fl-ee"/>
      </object_component>
      <object_component id="oc-2e9">
         <name>.text</name>
         <load_address>0x115b0</load_address>
         <run_address>0x115b0</run_address>
         <size>0xa28</size>
         <input_file_ref idref="fl-14"/>
      </object_component>
      <object_component id="oc-49c">
         <name>.text</name>
         <load_address>0x11fd8</load_address>
         <run_address>0x11fd8</run_address>
         <size>0x94c</size>
         <input_file_ref idref="fl-fa"/>
      </object_component>
      <object_component id="oc-51b">
         <name>.text</name>
         <load_address>0x12924</load_address>
         <run_address>0x12924</run_address>
         <size>0x8c0</size>
         <input_file_ref idref="fl-e9"/>
      </object_component>
      <object_component id="oc-53c">
         <name>.text</name>
         <load_address>0x131e4</load_address>
         <run_address>0x131e4</run_address>
         <size>0x75c</size>
         <input_file_ref idref="fl-102"/>
      </object_component>
      <object_component id="oc-63f">
         <name>.text</name>
         <load_address>0x13940</load_address>
         <run_address>0x13940</run_address>
         <size>0x716</size>
         <input_file_ref idref="fl-ff"/>
      </object_component>
      <object_component id="oc-609">
         <name>.text</name>
         <load_address>0x14056</load_address>
         <run_address>0x14056</run_address>
         <size>0x2</size>
         <input_file_ref idref="fl-4"/>
      </object_component>
      <object_component id="oc-4f8">
         <name>.text</name>
         <load_address>0x14058</load_address>
         <run_address>0x14058</run_address>
         <size>0x708</size>
         <input_file_ref idref="fl-101"/>
      </object_component>
      <object_component id="oc-270">
         <name>.text</name>
         <load_address>0x14760</load_address>
         <run_address>0x14760</run_address>
         <size>0x704</size>
         <input_file_ref idref="fl-b"/>
      </object_component>
      <object_component id="oc-464">
         <name>.text</name>
         <load_address>0x14e64</load_address>
         <run_address>0x14e64</run_address>
         <size>0x6d4</size>
         <input_file_ref idref="fl-100"/>
      </object_component>
      <object_component id="oc-6be">
         <name>.text</name>
         <load_address>0x15538</load_address>
         <run_address>0x15538</run_address>
         <size>0x6a4</size>
         <input_file_ref idref="fl-fb"/>
      </object_component>
      <object_component id="oc-652">
         <name>.text</name>
         <load_address>0x15bdc</load_address>
         <run_address>0x15bdc</run_address>
         <size>0x690</size>
         <input_file_ref idref="fl-ea"/>
      </object_component>
      <object_component id="oc-409">
         <name>.text</name>
         <load_address>0x1626c</load_address>
         <run_address>0x1626c</run_address>
         <size>0x684</size>
         <input_file_ref idref="fl-f7"/>
      </object_component>
      <object_component id="oc-586">
         <name>.text</name>
         <load_address>0x168f0</load_address>
         <run_address>0x168f0</run_address>
         <size>0x5b0</size>
         <input_file_ref idref="fl-e5"/>
      </object_component>
      <object_component id="oc-66d">
         <name>.text</name>
         <load_address>0x16ea0</load_address>
         <run_address>0x16ea0</run_address>
         <size>0x558</size>
         <input_file_ref idref="fl-103"/>
      </object_component>
      <object_component id="oc-648">
         <name>.text</name>
         <load_address>0x173f8</load_address>
         <run_address>0x173f8</run_address>
         <size>0x470</size>
         <input_file_ref idref="fl-fc"/>
      </object_component>
      <object_component id="oc-264">
         <name>.text</name>
         <load_address>0x17868</load_address>
         <run_address>0x17868</run_address>
         <size>0x3f0</size>
         <input_file_ref idref="fl-12"/>
      </object_component>
      <object_component id="oc-6c6">
         <name>.text</name>
         <load_address>0x17c58</load_address>
         <run_address>0x17c58</run_address>
         <size>0x39a</size>
         <input_file_ref idref="fl-105"/>
      </object_component>
      <object_component id="oc-3eb">
         <name>.text</name>
         <load_address>0x17ff2</load_address>
         <run_address>0x17ff2</run_address>
         <size>0x2</size>
         <input_file_ref idref="fl-e1"/>
      </object_component>
      <object_component id="oc-4cd">
         <name>.text</name>
         <load_address>0x17ff4</load_address>
         <run_address>0x17ff4</run_address>
         <size>0x382</size>
         <input_file_ref idref="fl-e6"/>
      </object_component>
      <object_component id="oc-60f">
         <name>.text</name>
         <load_address>0x18378</load_address>
         <run_address>0x18378</run_address>
         <size>0x364</size>
         <input_file_ref idref="fl-8"/>
      </object_component>
      <object_component id="oc-4e4">
         <name>.text</name>
         <load_address>0x186dc</load_address>
         <run_address>0x186dc</run_address>
         <size>0x358</size>
         <input_file_ref idref="fl-e7"/>
      </object_component>
      <object_component id="oc-63d">
         <name>.text</name>
         <load_address>0x18a34</load_address>
         <run_address>0x18a34</run_address>
         <size>0x338</size>
         <input_file_ref idref="fl-f9"/>
      </object_component>
      <object_component id="oc-7a4">
         <name>.tramp.llCalcScaFactor.1</name>
         <load_address>0x18d6c</load_address>
         <run_address>0x18d6c</run_address>
         <size>0x8</size>
         <input_file_ref idref="fl-1f"/>
      </object_component>
      <object_component id="oc-4c1">
         <name>.text</name>
         <load_address>0x18d74</load_address>
         <run_address>0x18d74</run_address>
         <size>0x314</size>
         <input_file_ref idref="fl-f3"/>
      </object_component>
      <object_component id="oc-7a5">
         <name>.tramp.HCI_SendCommandCompleteEvent.1</name>
         <load_address>0x19088</load_address>
         <run_address>0x19088</run_address>
         <size>0x8</size>
         <input_file_ref idref="fl-1f"/>
      </object_component>
      <object_component id="oc-5f5">
         <name>.text</name>
         <load_address>0x19090</load_address>
         <run_address>0x19090</run_address>
         <size>0x308</size>
         <input_file_ref idref="fl-ed"/>
      </object_component>
      <object_component id="oc-2ae">
         <name>.text</name>
         <load_address>0x19398</load_address>
         <run_address>0x19398</run_address>
         <size>0x2fc</size>
         <input_file_ref idref="fl-ef"/>
      </object_component>
      <object_component id="oc-629">
         <name>.text</name>
         <load_address>0x19694</load_address>
         <run_address>0x19694</run_address>
         <size>0x2d0</size>
         <input_file_ref idref="fl-f4"/>
      </object_component>
      <object_component id="oc-7a6">
         <name>.tramp.HCI_CommandCompleteEvent.1</name>
         <load_address>0x19964</load_address>
         <run_address>0x19964</run_address>
         <size>0x8</size>
         <input_file_ref idref="fl-1f"/>
      </object_component>
      <object_component id="oc-7a7">
         <name>.tramp.HCI_CommandStatusEvent.1</name>
         <load_address>0x1996c</load_address>
         <run_address>0x1996c</run_address>
         <size>0x8</size>
         <input_file_ref idref="fl-1f"/>
      </object_component>
      <object_component id="oc-7a8">
         <name>.tramp.LL_EXT_ResetSystem.1</name>
         <load_address>0x19974</load_address>
         <run_address>0x19974</run_address>
         <size>0x8</size>
         <input_file_ref idref="fl-1f"/>
      </object_component>
      <object_component id="oc-7a9">
         <name>.tramp.LL_ReadLocalVersionInfo.1</name>
         <load_address>0x1997c</load_address>
         <run_address>0x1997c</run_address>
         <size>0x8</size>
         <input_file_ref idref="fl-1f"/>
      </object_component>
      <object_component id="oc-3f8">
         <name>.text</name>
         <load_address>0x19984</load_address>
         <run_address>0x19984</run_address>
         <size>0x294</size>
         <input_file_ref idref="fl-f8"/>
      </object_component>
      <object_component id="oc-2a1">
         <name>.text</name>
         <load_address>0x19c18</load_address>
         <run_address>0x19c18</run_address>
         <size>0x284</size>
         <input_file_ref idref="fl-ec"/>
      </object_component>
      <object_component id="oc-29b">
         <name>.text</name>
         <load_address>0x19e9c</load_address>
         <run_address>0x19e9c</run_address>
         <size>0x284</size>
         <input_file_ref idref="fl-f6"/>
      </object_component>
      <object_component id="oc-44d">
         <name>.text</name>
         <load_address>0x1a120</load_address>
         <run_address>0x1a120</run_address>
         <size>0x234</size>
         <input_file_ref idref="fl-f"/>
      </object_component>
      <object_component id="oc-453">
         <name>.text</name>
         <load_address>0x1a354</load_address>
         <run_address>0x1a354</run_address>
         <size>0x1f4</size>
         <input_file_ref idref="fl-e3"/>
      </object_component>
      <object_component id="oc-5c9">
         <name>.text</name>
         <load_address>0x1a548</load_address>
         <run_address>0x1a548</run_address>
         <size>0x1ec</size>
         <input_file_ref idref="fl-e4"/>
      </object_component>
      <object_component id="oc-5e0">
         <name>.text</name>
         <load_address>0x1a734</load_address>
         <run_address>0x1a734</run_address>
         <size>0x188</size>
         <input_file_ref idref="fl-11"/>
      </object_component>
      <object_component id="oc-24a">
         <name>.text</name>
         <load_address>0x1a8bc</load_address>
         <run_address>0x1a8bc</run_address>
         <size>0x15e</size>
         <input_file_ref idref="fl-f5"/>
      </object_component>
      <object_component id="oc-7aa">
         <name>.tramp.HCI_SetControllerToHostFlowCtrlCmd.1</name>
         <load_address>0x1aa1c</load_address>
         <run_address>0x1aa1c</run_address>
         <size>0x8</size>
         <input_file_ref idref="fl-1f"/>
      </object_component>
      <object_component id="oc-7ab">
         <name>.tramp.HCI_HostBufferSizeCmd.1</name>
         <load_address>0x1aa24</load_address>
         <run_address>0x1aa24</run_address>
         <size>0x8</size>
         <input_file_ref idref="fl-1f"/>
      </object_component>
      <object_component id="oc-7ac">
         <name>.tramp.HCI_HostNumCompletedPktCmd.1</name>
         <load_address>0x1aa2c</load_address>
         <run_address>0x1aa2c</run_address>
         <size>0x8</size>
         <input_file_ref idref="fl-1f"/>
      </object_component>
      <object_component id="oc-5f3">
         <name>.text</name>
         <load_address>0x1aa34</load_address>
         <run_address>0x1aa34</run_address>
         <size>0x13e</size>
         <input_file_ref idref="fl-f0"/>
      </object_component>
      <object_component id="oc-4b9">
         <name>.text</name>
         <load_address>0x1ab74</load_address>
         <run_address>0x1ab74</run_address>
         <size>0x138</size>
         <input_file_ref idref="fl-fe"/>
      </object_component>
      <object_component id="oc-601">
         <name>.text</name>
         <load_address>0x1acac</load_address>
         <run_address>0x1acac</run_address>
         <size>0x10c</size>
         <input_file_ref idref="fl-eb"/>
      </object_component>
      <object_component id="oc-2aa">
         <name>.text</name>
         <load_address>0x1adb8</load_address>
         <run_address>0x1adb8</run_address>
         <size>0x104</size>
         <input_file_ref idref="fl-104"/>
      </object_component>
      <object_component id="oc-4d3">
         <name>.text</name>
         <load_address>0x1aebc</load_address>
         <run_address>0x1aebc</run_address>
         <size>0xc8</size>
         <input_file_ref idref="fl-10"/>
      </object_component>
      <object_component id="oc-63b">
         <name>.text</name>
         <load_address>0x1af84</load_address>
         <run_address>0x1af84</run_address>
         <size>0xa8</size>
         <input_file_ref idref="fl-f2"/>
      </object_component>
      <object_component id="oc-7ad">
         <name>.tramp.LL_CtrlToHostFlowControl.1</name>
         <load_address>0x1b02c</load_address>
         <run_address>0x1b02c</run_address>
         <size>0x8</size>
         <input_file_ref idref="fl-1f"/>
      </object_component>
      <object_component id="oc-235">
         <name>.text</name>
         <load_address>0x1b034</load_address>
         <run_address>0x1b034</run_address>
         <size>0x9c</size>
         <input_file_ref idref="fl-df"/>
      </object_component>
      <object_component id="oc-490">
         <name>.text</name>
         <load_address>0x1b0d0</load_address>
         <run_address>0x1b0d0</run_address>
         <size>0x84</size>
         <input_file_ref idref="fl-e"/>
      </object_component>
      <object_component id="oc-4dd">
         <name>.text</name>
         <load_address>0x1b154</load_address>
         <run_address>0x1b154</run_address>
         <size>0x82</size>
         <input_file_ref idref="fl-e8"/>
      </object_component>
      <object_component id="oc-23e">
         <name>.text</name>
         <load_address>0x1b1d6</load_address>
         <run_address>0x1b1d6</run_address>
         <size>0x7a</size>
         <input_file_ref idref="fl-e0"/>
      </object_component>
      <object_component id="oc-293">
         <name>.text</name>
         <load_address>0x1b250</load_address>
         <run_address>0x1b250</run_address>
         <size>0x78</size>
         <input_file_ref idref="fl-106"/>
      </object_component>
      <object_component id="oc-623">
         <name>.text:NOROM_IntDisable</name>
         <load_address>0x1b2c8</load_address>
         <run_address>0x1b2c8</run_address>
         <size>0x78</size>
         <input_file_ref idref="fl-109"/>
      </object_component>
      <object_component id="oc-61d">
         <name>.text:NOROM_IntEnable</name>
         <load_address>0x1b340</load_address>
         <run_address>0x1b340</run_address>
         <size>0x78</size>
         <input_file_ref idref="fl-109"/>
      </object_component>
      <object_component id="oc-48a">
         <name>.text</name>
         <load_address>0x1b3b8</load_address>
         <run_address>0x1b3b8</run_address>
         <size>0x78</size>
         <input_file_ref idref="fl-7"/>
      </object_component>
      <object_component id="oc-244">
         <name>.text</name>
         <load_address>0x1b430</load_address>
         <run_address>0x1b430</run_address>
         <size>0x70</size>
         <input_file_ref idref="fl-d8"/>
      </object_component>
      <object_component id="oc-14">
         <name>.text:decompress:lzss</name>
         <load_address>0x1b4a0</load_address>
         <run_address>0x1b4a0</run_address>
         <size>0x68</size>
         <input_file_ref idref="fl-d9"/>
      </object_component>
      <object_component id="oc-5ec">
         <name>.text</name>
         <load_address>0x1b508</load_address>
         <run_address>0x1b508</run_address>
         <size>0x60</size>
         <input_file_ref idref="fl-15"/>
      </object_component>
      <object_component id="oc-25e">
         <name>.text</name>
         <load_address>0x1b568</load_address>
         <run_address>0x1b568</run_address>
         <size>0x4c</size>
         <input_file_ref idref="fl-5"/>
      </object_component>
      <object_component id="oc-3e5">
         <name>.text</name>
         <load_address>0x1b5b4</load_address>
         <run_address>0x1b5b4</run_address>
         <size>0x4c</size>
         <input_file_ref idref="fl-dc"/>
      </object_component>
      <object_component id="oc-26a">
         <name>.text</name>
         <load_address>0x1b600</load_address>
         <run_address>0x1b600</run_address>
         <size>0x40</size>
         <input_file_ref idref="fl-d"/>
      </object_component>
      <object_component id="oc-258">
         <name>.text</name>
         <load_address>0x1b640</load_address>
         <run_address>0x1b640</run_address>
         <size>0x38</size>
         <input_file_ref idref="fl-18"/>
      </object_component>
      <object_component id="oc-617">
         <name>.text</name>
         <load_address>0x1b678</load_address>
         <run_address>0x1b678</run_address>
         <size>0x36</size>
         <input_file_ref idref="fl-19"/>
      </object_component>
      <object_component id="oc-43a">
         <name>.text:NOROM_FlashProgram</name>
         <load_address>0x1b6ae</load_address>
         <run_address>0x1b6ae</run_address>
         <size>0x1e</size>
         <input_file_ref idref="fl-108"/>
      </object_component>
      <object_component id="oc-440">
         <name>.text:NOROM_FlashSectorErase</name>
         <load_address>0x1b6cc</load_address>
         <run_address>0x1b6cc</run_address>
         <size>0x1e</size>
         <input_file_ref idref="fl-108"/>
      </object_component>
      <object_component id="oc-458">
         <name>.text</name>
         <load_address>0x1b6ea</load_address>
         <run_address>0x1b6ea</run_address>
         <size>0x18</size>
         <input_file_ref idref="fl-dd"/>
      </object_component>
      <object_component id="oc-434">
         <name>.text:NOROM_VIMSModeGet</name>
         <load_address>0x1b702</load_address>
         <run_address>0x1b702</run_address>
         <size>0x16</size>
         <input_file_ref idref="fl-10b"/>
      </object_component>
      <object_component id="oc-1a">
         <name>.text:decompress:none</name>
         <load_address>0x1b718</load_address>
         <run_address>0x1b718</run_address>
         <size>0xe</size>
         <input_file_ref idref="fl-da"/>
      </object_component>
      <object_component id="oc-6f0">
         <name>.text:NOROM_CPUcpsid</name>
         <load_address>0x1b726</load_address>
         <run_address>0x1b726</run_address>
         <size>0xc</size>
         <input_file_ref idref="fl-107"/>
      </object_component>
      <object_component id="oc-6f6">
         <name>.text:NOROM_CPUcpsie</name>
         <load_address>0x1b732</load_address>
         <run_address>0x1b732</run_address>
         <size>0xc</size>
         <input_file_ref idref="fl-107"/>
      </object_component>
      <object_component id="oc-20">
         <name>.text:decompress:ZI</name>
         <load_address>0x1b73e</load_address>
         <run_address>0x1b73e</run_address>
         <size>0xc</size>
         <input_file_ref idref="fl-db"/>
      </object_component>
      <object_component id="oc-7a3">
         <name>.tramp.HCI_LE_SetRandomAddressCmd.1</name>
         <load_address>0x1b74c</load_address>
         <run_address>0x1b74c</run_address>
         <size>0x8</size>
         <input_file_ref idref="fl-1f"/>
      </object_component>
      <object_component id="oc-7a2">
         <name>.tramp.llGetNumTxDataEntries.1</name>
         <load_address>0x1b754</load_address>
         <run_address>0x1b754</run_address>
         <size>0x8</size>
         <input_file_ref idref="fl-1f"/>
      </object_component>
      <object_component id="oc-7a1">
         <name>.tramp.LL_ENC_GenDeviceIV.1</name>
         <load_address>0x1b75c</load_address>
         <run_address>0x1b75c</run_address>
         <size>0x8</size>
         <input_file_ref idref="fl-1f"/>
      </object_component>
      <object_component id="oc-7a0">
         <name>.tramp.LL_ENC_GenDeviceSKD.1</name>
         <load_address>0x1b764</load_address>
         <run_address>0x1b764</run_address>
         <size>0x8</size>
         <input_file_ref idref="fl-1f"/>
      </object_component>
      <object_component id="oc-79f">
         <name>.tramp.LL_ENC_ReverseBytes.1</name>
         <load_address>0x1b76c</load_address>
         <run_address>0x1b76c</run_address>
         <size>0x8</size>
         <input_file_ref idref="fl-1f"/>
      </object_component>
      <object_component id="oc-79e">
         <name>.tramp.llMemCopySrc.1</name>
         <load_address>0x1b774</load_address>
         <run_address>0x1b774</run_address>
         <size>0x8</size>
         <input_file_ref idref="fl-1f"/>
      </object_component>
      <object_component id="oc-79d">
         <name>.tramp.LL_ENC_Decrypt.1</name>
         <load_address>0x1b77c</load_address>
         <run_address>0x1b77c</run_address>
         <size>0x8</size>
         <input_file_ref idref="fl-1f"/>
      </object_component>
      <object_component id="oc-79c">
         <name>.tramp.HCI_LE_LtkReqNegReplyCmd.1</name>
         <load_address>0x1b784</load_address>
         <run_address>0x1b784</run_address>
         <size>0x8</size>
         <input_file_ref idref="fl-1f"/>
      </object_component>
      <object_component id="oc-79b">
         <name>.tramp.HCI_LE_LtkReqReplyCmd.1</name>
         <load_address>0x1b78c</load_address>
         <run_address>0x1b78c</run_address>
         <size>0x8</size>
         <input_file_ref idref="fl-1f"/>
      </object_component>
      <object_component id="oc-79a">
         <name>.tramp.HCI_SendDataPkt.1</name>
         <load_address>0x1b794</load_address>
         <run_address>0x1b794</run_address>
         <size>0x8</size>
         <input_file_ref idref="fl-1f"/>
      </object_component>
      <object_component id="oc-799">
         <name>.tramp.HCI_LE_SetAdvParamCmd.1</name>
         <load_address>0x1b79c</load_address>
         <run_address>0x1b79c</run_address>
         <size>0x8</size>
         <input_file_ref idref="fl-1f"/>
      </object_component>
      <object_component id="oc-798">
         <name>.tramp.HCI_LE_SetAdvEnableCmd.1</name>
         <load_address>0x1b7a4</load_address>
         <run_address>0x1b7a4</run_address>
         <size>0x8</size>
         <input_file_ref idref="fl-1f"/>
      </object_component>
      <object_component id="oc-797">
         <name>.tramp.HCI_LE_SetScanRspDataCmd.1</name>
         <load_address>0x1b7ac</load_address>
         <run_address>0x1b7ac</run_address>
         <size>0x8</size>
         <input_file_ref idref="fl-1f"/>
      </object_component>
      <object_component id="oc-796">
         <name>.tramp.HCI_LE_SetAdvDataCmd.1</name>
         <load_address>0x1b7b4</load_address>
         <run_address>0x1b7b4</run_address>
         <size>0x8</size>
         <input_file_ref idref="fl-1f"/>
      </object_component>
      <object_component id="oc-795">
         <name>.tramp.llPatchCM0.1</name>
         <load_address>0x1b7bc</load_address>
         <run_address>0x1b7bc</run_address>
         <size>0x8</size>
         <input_file_ref idref="fl-1f"/>
      </object_component>
      <object_component id="oc-794">
         <name>.tramp.LL_PseudoRand.1</name>
         <load_address>0x1b7c4</load_address>
         <run_address>0x1b7c4</run_address>
         <size>0x8</size>
         <input_file_ref idref="fl-1f"/>
      </object_component>
      <object_component id="oc-793">
         <name>.tramp.LL_Encrypt.1</name>
         <load_address>0x1b7cc</load_address>
         <run_address>0x1b7cc</run_address>
         <size>0x8</size>
         <input_file_ref idref="fl-1f"/>
      </object_component>
      <object_component id="oc-792">
         <name>.tramp.HCI_LE_RandCmd.1</name>
         <load_address>0x1b7d4</load_address>
         <run_address>0x1b7d4</run_address>
         <size>0x8</size>
         <input_file_ref idref="fl-1f"/>
      </object_component>
      <object_component id="oc-791">
         <name>.tramp.llMoveTempTxDataEntries.1</name>
         <load_address>0x1b7dc</load_address>
         <run_address>0x1b7dc</run_address>
         <size>0x8</size>
         <input_file_ref idref="fl-1f"/>
      </object_component>
      <object_component id="oc-790">
         <name>.tramp.llSetupVersionIndReq.1</name>
         <load_address>0x1b7e4</load_address>
         <run_address>0x1b7e4</run_address>
         <size>0x8</size>
         <input_file_ref idref="fl-1f"/>
      </object_component>
      <object_component id="oc-78f">
         <name>.tramp.LL_ReadRemoteVersionInfoCback.1</name>
         <load_address>0x1b7ec</load_address>
         <run_address>0x1b7ec</run_address>
         <size>0x8</size>
         <input_file_ref idref="fl-1f"/>
      </object_component>
      <object_component id="oc-78e">
         <name>.tramp.llSetupPauseEncRsp.1</name>
         <load_address>0x1b7f4</load_address>
         <run_address>0x1b7f4</run_address>
         <size>0x8</size>
         <input_file_ref idref="fl-1f"/>
      </object_component>
      <object_component id="oc-78d">
         <name>.tramp.llSetupStartEncRsp.1</name>
         <load_address>0x1b7fc</load_address>
         <run_address>0x1b7fc</run_address>
         <size>0x8</size>
         <input_file_ref idref="fl-1f"/>
      </object_component>
      <object_component id="oc-78c">
         <name>.tramp.LL_EncChangeCback.1</name>
         <load_address>0x1b804</load_address>
         <run_address>0x1b804</run_address>
         <size>0x8</size>
         <input_file_ref idref="fl-1f"/>
      </object_component>
      <object_component id="oc-78b">
         <name>.tramp.LL_EncKeyRefreshCback.1</name>
         <load_address>0x1b80c</load_address>
         <run_address>0x1b80c</run_address>
         <size>0x8</size>
         <input_file_ref idref="fl-1f"/>
      </object_component>
      <object_component id="oc-78a">
         <name>.tramp.LL_ENC_AES128_Encrypt.1</name>
         <load_address>0x1b814</load_address>
         <run_address>0x1b814</run_address>
         <size>0x8</size>
         <input_file_ref idref="fl-1f"/>
      </object_component>
      <object_component id="oc-789">
         <name>.tramp.llSetupStartEncReq.1</name>
         <load_address>0x1b81c</load_address>
         <run_address>0x1b81c</run_address>
         <size>0x8</size>
         <input_file_ref idref="fl-1f"/>
      </object_component>
      <object_component id="oc-788">
         <name>.tramp.llSetupEncRsp.1</name>
         <load_address>0x1b824</load_address>
         <run_address>0x1b824</run_address>
         <size>0x8</size>
         <input_file_ref idref="fl-1f"/>
      </object_component>
      <object_component id="oc-787">
         <name>.tramp.LL_EncLtkReqCback.1</name>
         <load_address>0x1b82c</load_address>
         <run_address>0x1b82c</run_address>
         <size>0x8</size>
         <input_file_ref idref="fl-1f"/>
      </object_component>
      <object_component id="oc-786">
         <name>.tramp.llSetupUnknownRsp.1</name>
         <load_address>0x1b834</load_address>
         <run_address>0x1b834</run_address>
         <size>0x8</size>
         <input_file_ref idref="fl-1f"/>
      </object_component>
      <object_component id="oc-785">
         <name>.tramp.llConvertCtrlProcTimeoutToEvent.1</name>
         <load_address>0x1b83c</load_address>
         <run_address>0x1b83c</run_address>
         <size>0x8</size>
         <input_file_ref idref="fl-1f"/>
      </object_component>
      <object_component id="oc-784">
         <name>.tramp.llConvertLstoToEvent.1</name>
         <load_address>0x1b844</load_address>
         <run_address>0x1b844</run_address>
         <size>0x8</size>
         <input_file_ref idref="fl-1f"/>
      </object_component>
      <object_component id="oc-783">
         <name>.tramp.llEventInRange.1</name>
         <load_address>0x1b84c</load_address>
         <run_address>0x1b84c</run_address>
         <size>0x8</size>
         <input_file_ref idref="fl-1f"/>
      </object_component>
      <object_component id="oc-782">
         <name>.tramp.llCheckForLstoDuringSL.1</name>
         <load_address>0x1b854</load_address>
         <run_address>0x1b854</run_address>
         <size>0x8</size>
         <input_file_ref idref="fl-1f"/>
      </object_component>
      <object_component id="oc-781">
         <name>.tramp.llConnTerminate.1</name>
         <load_address>0x1b85c</load_address>
         <run_address>0x1b85c</run_address>
         <size>0x8</size>
         <input_file_ref idref="fl-1f"/>
      </object_component>
      <object_component id="oc-780">
         <name>.tramp.HCI_DisconnectCmd.1</name>
         <load_address>0x1b864</load_address>
         <run_address>0x1b864</run_address>
         <size>0x8</size>
         <input_file_ref idref="fl-1f"/>
      </object_component>
      <object_component id="oc-77f">
         <name>.tramp.llSetupRejectInd.1</name>
         <load_address>0x1b86c</load_address>
         <run_address>0x1b86c</run_address>
         <size>0x8</size>
         <input_file_ref idref="fl-1f"/>
      </object_component>
      <object_component id="oc-77e">
         <name>.tramp.llTimeDelta.1</name>
         <load_address>0x1b874</load_address>
         <run_address>0x1b874</run_address>
         <size>0x8</size>
         <input_file_ref idref="fl-1f"/>
      </object_component>
      <object_component id="oc-77d">
         <name>.tramp.LL_RX_bm_alloc.1</name>
         <load_address>0x1b87c</load_address>
         <run_address>0x1b87c</run_address>
         <size>0x8</size>
         <input_file_ref idref="fl-1f"/>
      </object_component>
      <object_component id="oc-77c">
         <name>.tramp.HCI_bm_alloc.1</name>
         <load_address>0x1b884</load_address>
         <run_address>0x1b884</run_address>
         <size>0x8</size>
         <input_file_ref idref="fl-1f"/>
      </object_component>
      <object_component id="oc-77b">
         <name>.tramp.llTimeCompare.1</name>
         <load_address>0x1b88c</load_address>
         <run_address>0x1b88c</run_address>
         <size>0x8</size>
         <input_file_ref idref="fl-1f"/>
      </object_component>
      <object_component id="oc-77a">
         <name>.tramp.llReleaseConnId.1</name>
         <load_address>0x1b894</load_address>
         <run_address>0x1b894</run_address>
         <size>0x8</size>
         <input_file_ref idref="fl-1f"/>
      </object_component>
      <object_component id="oc-779">
         <name>.tramp.LL_ENC_Encrypt.1</name>
         <load_address>0x1b89c</load_address>
         <run_address>0x1b89c</run_address>
         <size>0x8</size>
         <input_file_ref idref="fl-1f"/>
      </object_component>
      <object_component id="oc-778">
         <name>.tramp.LL_TX_bm_alloc.1</name>
         <load_address>0x1b8a4</load_address>
         <run_address>0x1b8a4</run_address>
         <size>0x8</size>
         <input_file_ref idref="fl-1f"/>
      </object_component>
      <object_component id="oc-777">
         <name>.tramp.llEventDelta.1</name>
         <load_address>0x1b8ac</load_address>
         <run_address>0x1b8ac</run_address>
         <size>0x8</size>
         <input_file_ref idref="fl-1f"/>
      </object_component>
      <object_component id="oc-776">
         <name>.tramp.HCI_ReadRemoteVersionInfoCmd.1</name>
         <load_address>0x1b8b4</load_address>
         <run_address>0x1b8b4</run_address>
         <size>0x8</size>
         <input_file_ref idref="fl-1f"/>
      </object_component>
      <object_component id="oc-775">
         <name>.tramp.HCI_SetEventMaskCmd.1</name>
         <load_address>0x1b8bc</load_address>
         <run_address>0x1b8bc</run_address>
         <size>0x8</size>
         <input_file_ref idref="fl-1f"/>
      </object_component>
      <object_component id="oc-774">
         <name>.tramp.HCI_ReadTransmitPowerLevelCmd.1</name>
         <load_address>0x1b8c4</load_address>
         <run_address>0x1b8c4</run_address>
         <size>0x8</size>
         <input_file_ref idref="fl-1f"/>
      </object_component>
      <object_component id="oc-773">
         <name>.tramp.HCI_ReadLocalSupportedFeaturesCmd.1</name>
         <load_address>0x1b8cc</load_address>
         <run_address>0x1b8cc</run_address>
         <size>0x8</size>
         <input_file_ref idref="fl-1f"/>
      </object_component>
      <object_component id="oc-772">
         <name>.tramp.HCI_ReadBDADDRCmd.1</name>
         <load_address>0x1b8d4</load_address>
         <run_address>0x1b8d4</run_address>
         <size>0x8</size>
         <input_file_ref idref="fl-1f"/>
      </object_component>
      <object_component id="oc-771">
         <name>.tramp.HCI_ReadRssiCmd.1</name>
         <load_address>0x1b8dc</load_address>
         <run_address>0x1b8dc</run_address>
         <size>0x8</size>
         <input_file_ref idref="fl-1f"/>
      </object_component>
      <object_component id="oc-770">
         <name>.tramp.HCI_LE_ReadLocalSupportedFeaturesCmd.1</name>
         <load_address>0x1b8e4</load_address>
         <run_address>0x1b8e4</run_address>
         <size>0x8</size>
         <input_file_ref idref="fl-1f"/>
      </object_component>
      <object_component id="oc-76f">
         <name>.tramp.HCI_LE_ReadAdvChanTxPowerCmd.1</name>
         <load_address>0x1b8ec</load_address>
         <run_address>0x1b8ec</run_address>
         <size>0x8</size>
         <input_file_ref idref="fl-1f"/>
      </object_component>
      <object_component id="oc-76e">
         <name>.tramp.HCI_LE_ReadWhiteListSizeCmd.1</name>
         <load_address>0x1b8f4</load_address>
         <run_address>0x1b8f4</run_address>
         <size>0x8</size>
         <input_file_ref idref="fl-1f"/>
      </object_component>
      <object_component id="oc-76d">
         <name>.tramp.HCI_LE_ClearWhiteListCmd.1</name>
         <load_address>0x1b8fc</load_address>
         <run_address>0x1b8fc</run_address>
         <size>0x8</size>
         <input_file_ref idref="fl-1f"/>
      </object_component>
      <object_component id="oc-76c">
         <name>.tramp.HCI_LE_AddWhiteListCmd.1</name>
         <load_address>0x1b904</load_address>
         <run_address>0x1b904</run_address>
         <size>0x8</size>
         <input_file_ref idref="fl-1f"/>
      </object_component>
      <object_component id="oc-76b">
         <name>.tramp.HCI_LE_RemoveWhiteListCmd.1</name>
         <load_address>0x1b90c</load_address>
         <run_address>0x1b90c</run_address>
         <size>0x8</size>
         <input_file_ref idref="fl-1f"/>
      </object_component>
      <object_component id="oc-76a">
         <name>.tramp.HCI_LE_ReadChannelMapCmd.1</name>
         <load_address>0x1b914</load_address>
         <run_address>0x1b914</run_address>
         <size>0x8</size>
         <input_file_ref idref="fl-1f"/>
      </object_component>
      <object_component id="oc-769">
         <name>.tramp.HCI_LE_EncryptCmd.1</name>
         <load_address>0x1b91c</load_address>
         <run_address>0x1b91c</run_address>
         <size>0x8</size>
         <input_file_ref idref="fl-1f"/>
      </object_component>
      <object_component id="oc-768">
         <name>.tramp.HCI_LE_ReadSupportedStatesCmd.1</name>
         <load_address>0x1b924</load_address>
         <run_address>0x1b924</run_address>
         <size>0x8</size>
         <input_file_ref idref="fl-1f"/>
      </object_component>
      <object_component id="oc-767">
         <name>.tramp.HCI_LE_TestEndCmd.1</name>
         <load_address>0x1b92c</load_address>
         <run_address>0x1b92c</run_address>
         <size>0x8</size>
         <input_file_ref idref="fl-1f"/>
      </object_component>
      <object_component id="oc-766">
         <name>.tramp.HCI_EXT_SetTxPowerCmd.1</name>
         <load_address>0x1b934</load_address>
         <run_address>0x1b934</run_address>
         <size>0x8</size>
         <input_file_ref idref="fl-1f"/>
      </object_component>
      <object_component id="oc-765">
         <name>.tramp.HCI_EXT_OnePktPerEvtCmd.1</name>
         <load_address>0x1b93c</load_address>
         <run_address>0x1b93c</run_address>
         <size>0x8</size>
         <input_file_ref idref="fl-1f"/>
      </object_component>
      <object_component id="oc-764">
         <name>.tramp.HCI_EXT_DecryptCmd.1</name>
         <load_address>0x1b944</load_address>
         <run_address>0x1b944</run_address>
         <size>0x8</size>
         <input_file_ref idref="fl-1f"/>
      </object_component>
      <object_component id="oc-763">
         <name>.tramp.HCI_EXT_SetLocalSupportedFeaturesCmd.1</name>
         <load_address>0x1b94c</load_address>
         <run_address>0x1b94c</run_address>
         <size>0x8</size>
         <input_file_ref idref="fl-1f"/>
      </object_component>
      <object_component id="oc-762">
         <name>.tramp.HCI_EXT_SetFastTxResponseTimeCmd.1</name>
         <load_address>0x1b954</load_address>
         <run_address>0x1b954</run_address>
         <size>0x8</size>
         <input_file_ref idref="fl-1f"/>
      </object_component>
      <object_component id="oc-761">
         <name>.tramp.HCI_EXT_ModemTestTxCmd.1</name>
         <load_address>0x1b95c</load_address>
         <run_address>0x1b95c</run_address>
         <size>0x8</size>
         <input_file_ref idref="fl-1f"/>
      </object_component>
      <object_component id="oc-760">
         <name>.tramp.HCI_EXT_ModemHopTestTxCmd.1</name>
         <load_address>0x1b964</load_address>
         <run_address>0x1b964</run_address>
         <size>0x8</size>
         <input_file_ref idref="fl-1f"/>
      </object_component>
      <object_component id="oc-75f">
         <name>.tramp.HCI_EXT_ModemTestRxCmd.1</name>
         <load_address>0x1b96c</load_address>
         <run_address>0x1b96c</run_address>
         <size>0x8</size>
         <input_file_ref idref="fl-1f"/>
      </object_component>
      <object_component id="oc-75e">
         <name>.tramp.HCI_EXT_EndModemTestCmd.1</name>
         <load_address>0x1b974</load_address>
         <run_address>0x1b974</run_address>
         <size>0x8</size>
         <input_file_ref idref="fl-1f"/>
      </object_component>
      <object_component id="oc-75d">
         <name>.tramp.HCI_EXT_SetBDADDRCmd.1</name>
         <load_address>0x1b97c</load_address>
         <run_address>0x1b97c</run_address>
         <size>0x8</size>
         <input_file_ref idref="fl-1f"/>
      </object_component>
      <object_component id="oc-75c">
         <name>.tramp.HCI_EXT_SetSCACmd.1</name>
         <load_address>0x1b984</load_address>
         <run_address>0x1b984</run_address>
         <size>0x8</size>
         <input_file_ref idref="fl-1f"/>
      </object_component>
      <object_component id="oc-75b">
         <name>.tramp.HCI_EXT_EnablePTMCmd.1</name>
         <load_address>0x1b98c</load_address>
         <run_address>0x1b98c</run_address>
         <size>0x8</size>
         <input_file_ref idref="fl-1f"/>
      </object_component>
      <object_component id="oc-75a">
         <name>.tramp.HCI_EXT_SetMaxDtmTxPowerCmd.1</name>
         <load_address>0x1b994</load_address>
         <run_address>0x1b994</run_address>
         <size>0x8</size>
         <input_file_ref idref="fl-1f"/>
      </object_component>
      <object_component id="oc-759">
         <name>.tramp.HCI_EXT_DisconnectImmedCmd.1</name>
         <load_address>0x1b99c</load_address>
         <run_address>0x1b99c</run_address>
         <size>0x8</size>
         <input_file_ref idref="fl-1f"/>
      </object_component>
      <object_component id="oc-758">
         <name>.tramp.HCI_EXT_PacketErrorRateCmd.1</name>
         <load_address>0x1b9a4</load_address>
         <run_address>0x1b9a4</run_address>
         <size>0x8</size>
         <input_file_ref idref="fl-1f"/>
      </object_component>
      <object_component id="oc-757">
         <name>.tramp.HCI_EXT_PERbyChanCmd.1</name>
         <load_address>0x1b9ac</load_address>
         <run_address>0x1b9ac</run_address>
         <size>0x8</size>
         <input_file_ref idref="fl-1f"/>
      </object_component>
      <object_component id="oc-756">
         <name>.tramp.HCI_EXT_AdvEventNoticeCmd.1</name>
         <load_address>0x1b9b4</load_address>
         <run_address>0x1b9b4</run_address>
         <size>0x8</size>
         <input_file_ref idref="fl-1f"/>
      </object_component>
      <object_component id="oc-755">
         <name>.tramp.HCI_EXT_SetSlaveLatencyOverrideCmd.1</name>
         <load_address>0x1b9bc</load_address>
         <run_address>0x1b9bc</run_address>
         <size>0x8</size>
         <input_file_ref idref="fl-1f"/>
      </object_component>
      <object_component id="oc-754">
         <name>.tramp.HCI_EXT_BuildRevisionCmd.1</name>
         <load_address>0x1b9c4</load_address>
         <run_address>0x1b9c4</run_address>
         <size>0x8</size>
         <input_file_ref idref="fl-1f"/>
      </object_component>
      <object_component id="oc-753">
         <name>.tramp.HCI_EXT_NumComplPktsLimitCmd.1</name>
         <load_address>0x1b9cc</load_address>
         <run_address>0x1b9cc</run_address>
         <size>0x8</size>
         <input_file_ref idref="fl-1f"/>
      </object_component>
      <object_component id="oc-752">
         <name>.tramp.llFreeTask.1</name>
         <load_address>0x1b9d4</load_address>
         <run_address>0x1b9d4</run_address>
         <size>0x8</size>
         <input_file_ref idref="fl-1f"/>
      </object_component>
      <object_component id="oc-751">
         <name>.tramp.llGetNumTasks.1</name>
         <load_address>0x1b9dc</load_address>
         <run_address>0x1b9dc</run_address>
         <size>0x8</size>
         <input_file_ref idref="fl-1f"/>
      </object_component>
      <object_component id="oc-750">
         <name>.tramp.llScheduler.1</name>
         <load_address>0x1b9e4</load_address>
         <run_address>0x1b9e4</run_address>
         <size>0x8</size>
         <input_file_ref idref="fl-1f"/>
      </object_component>
      <object_component id="oc-74f">
         <name>.tramp.llSetupAdv.1</name>
         <load_address>0x1b9ec</load_address>
         <run_address>0x1b9ec</run_address>
         <size>0x8</size>
         <input_file_ref idref="fl-1f"/>
      </object_component>
      <object_component id="oc-74e">
         <name>.tramp.llGetActiveTasks.1</name>
         <load_address>0x1b9f4</load_address>
         <run_address>0x1b9f4</run_address>
         <size>0x8</size>
         <input_file_ref idref="fl-1f"/>
      </object_component>
      <object_component id="oc-74d">
         <name>.tramp.LL_DirectTestEndDoneCback.1</name>
         <load_address>0x1b9fc</load_address>
         <run_address>0x1b9fc</run_address>
         <size>0x8</size>
         <input_file_ref idref="fl-1f"/>
      </object_component>
      <object_component id="oc-74c">
         <name>.tramp.llRfStartFS.1</name>
         <load_address>0x1ba04</load_address>
         <run_address>0x1ba04</run_address>
         <size>0x8</size>
         <input_file_ref idref="fl-1f"/>
      </object_component>
      <object_component id="oc-74b">
         <name>.tramp.llWriteTxData.1</name>
         <load_address>0x1ba0c</load_address>
         <run_address>0x1ba0c</run_address>
         <size>0x8</size>
         <input_file_ref idref="fl-1f"/>
      </object_component>
      <object_component id="oc-74a">
         <name>.tramp.HCI_DataBufferOverflowEvent.1</name>
         <load_address>0x1ba14</load_address>
         <run_address>0x1ba14</run_address>
         <size>0x8</size>
         <input_file_ref idref="fl-1f"/>
      </object_component>
      <object_component id="oc-749">
         <name>.tramp.llEnqueueCtrlPkt.1</name>
         <load_address>0x1ba1c</load_address>
         <run_address>0x1ba1c</run_address>
         <size>0x8</size>
         <input_file_ref idref="fl-1f"/>
      </object_component>
      <object_component id="oc-748">
         <name>.tramp.LL_ConnActive.1</name>
         <load_address>0x1ba24</load_address>
         <run_address>0x1ba24</run_address>
         <size>0x8</size>
         <input_file_ref idref="fl-1f"/>
      </object_component>
      <object_component id="oc-747">
         <name>.tramp.llReleaseAllConnId.1</name>
         <load_address>0x1ba2c</load_address>
         <run_address>0x1ba2c</run_address>
         <size>0x8</size>
         <input_file_ref idref="fl-1f"/>
      </object_component>
      <object_component id="oc-746">
         <name>.tramp.LL_ClearWhiteList.1</name>
         <load_address>0x1ba34</load_address>
         <run_address>0x1ba34</run_address>
         <size>0x8</size>
         <input_file_ref idref="fl-1f"/>
      </object_component>
      <object_component id="oc-745">
         <name>.tramp.LL_ENC_Init.1</name>
         <load_address>0x1ba3c</load_address>
         <run_address>0x1ba3c</run_address>
         <size>0x8</size>
         <input_file_ref idref="fl-1f"/>
      </object_component>
      <object_component id="oc-744">
         <name>.tramp.WL_Init.1</name>
         <load_address>0x1ba44</load_address>
         <run_address>0x1ba44</run_address>
         <size>0x8</size>
         <input_file_ref idref="fl-1f"/>
      </object_component>
      <object_component id="oc-743">
         <name>.tramp.llHaltRadio.1</name>
         <load_address>0x1ba4c</load_address>
         <run_address>0x1ba4c</run_address>
         <size>0x8</size>
         <input_file_ref idref="fl-1f"/>
      </object_component>
      <object_component id="oc-742">
         <name>.tramp.HCI_HardwareErrorEvent.1</name>
         <load_address>0x1ba54</load_address>
         <run_address>0x1ba54</run_address>
         <size>0x8</size>
         <input_file_ref idref="fl-1f"/>
      </object_component>
      <object_component id="oc-741">
         <name>.tramp.LL_ConnectionCompleteCback.1</name>
         <load_address>0x1ba5c</load_address>
         <run_address>0x1ba5c</run_address>
         <size>0x8</size>
         <input_file_ref idref="fl-1f"/>
      </object_component>
      <object_component id="oc-740">
         <name>.tramp.llGetCurrentTask.1</name>
         <load_address>0x1ba64</load_address>
         <run_address>0x1ba64</run_address>
         <size>0x8</size>
         <input_file_ref idref="fl-1f"/>
      </object_component>
      <object_component id="oc-73f">
         <name>.tramp.LL_ENC_GenerateTrueRandNum.1</name>
         <load_address>0x1ba6c</load_address>
         <run_address>0x1ba6c</run_address>
         <size>0x8</size>
         <input_file_ref idref="fl-1f"/>
      </object_component>
      <object_component id="oc-73e">
         <name>.tramp.llInitRAT.1</name>
         <load_address>0x1ba74</load_address>
         <run_address>0x1ba74</run_address>
         <size>0x8</size>
         <input_file_ref idref="fl-1f"/>
      </object_component>
      <object_component id="oc-73d">
         <name>.tramp.llGetCurrentTime.1</name>
         <load_address>0x1ba7c</load_address>
         <run_address>0x1ba7c</run_address>
         <size>0x8</size>
         <input_file_ref idref="fl-1f"/>
      </object_component>
      <object_component id="oc-73c">
         <name>.tramp.llSetupRfHal.1</name>
         <load_address>0x1ba84</load_address>
         <run_address>0x1ba84</run_address>
         <size>0x8</size>
         <input_file_ref idref="fl-1f"/>
      </object_component>
      <object_component id="oc-73b">
         <name>.tramp.llSetupMailbox.1</name>
         <load_address>0x1ba8c</load_address>
         <run_address>0x1ba8c</run_address>
         <size>0x8</size>
         <input_file_ref idref="fl-1f"/>
      </object_component>
      <object_component id="oc-73a">
         <name>.tramp.llResetRadio.1</name>
         <load_address>0x1ba94</load_address>
         <run_address>0x1ba94</run_address>
         <size>0x8</size>
         <input_file_ref idref="fl-1f"/>
      </object_component>
      <object_component id="oc-2f5">
         <name>.const:$O12$$</name>
         <load_address>0x1ba9c</load_address>
         <run_address>0x1ba9c</run_address>
         <size>0x664</size>
         <input_file_ref idref="fl-19"/>
      </object_component>
      <object_component id="oc-2f2">
         <name>.const:$O10$$</name>
         <load_address>0x1c100</load_address>
         <run_address>0x1c100</run_address>
         <size>0x10c</size>
         <input_file_ref idref="fl-16"/>
      </object_component>
      <object_component id="oc-460">
         <name>.const:tasksArr</name>
         <load_address>0x1c20c</load_address>
         <run_address>0x1c20c</run_address>
         <size>0x28</size>
         <input_file_ref idref="fl-18"/>
      </object_component>
      <object_component id="oc-4da">
         <name>.rodata</name>
         <load_address>0x1c234</load_address>
         <run_address>0x1c234</run_address>
         <size>0x5c</size>
         <input_file_ref idref="fl-fb"/>
      </object_component>
      <object_component id="oc-707">
         <name>.rodata</name>
         <load_address>0x1c290</load_address>
         <run_address>0x1c290</run_address>
         <size>0x8</size>
         <input_file_ref idref="fl-ed"/>
      </object_component>
      <object_component id="oc-6e6">
         <name>.rodata</name>
         <load_address>0x1c298</load_address>
         <run_address>0x1c298</run_address>
         <size>0x8</size>
         <input_file_ref idref="fl-f1"/>
      </object_component>
      <object_component id="oc-651">
         <name>.rodata</name>
         <load_address>0x1c2a0</load_address>
         <run_address>0x1c2a0</run_address>
         <size>0x2</size>
         <input_file_ref idref="fl-fd"/>
      </object_component>
      <object_component id="oc-737">
         <name>.cinit..data.load</name>
         <load_address>0x1c2a8</load_address>
         <run_address>0x1c2a8</run_address>
         <size>0xe2</size>
      </object_component>
      <object_component id="oc-735">
         <name>__TI_handler_table</name>
         <load_address>0x1c38c</load_address>
         <run_address>0x1c38c</run_address>
         <size>0xc</size>
      </object_component>
      <object_component id="oc-739">
         <name>.cinit..TI.bound:mbIntCbackTable.load</name>
         <load_address>0x1c398</load_address>
         <run_address>0x1c398</run_address>
         <size>0x8</size>
      </object_component>
      <object_component id="oc-738">
         <name>.cinit..bss.load</name>
         <load_address>0x1c3a0</load_address>
         <run_address>0x1c3a0</run_address>
         <size>0x8</size>
      </object_component>
      <object_component id="oc-736">
         <name>__TI_cinit_table</name>
         <load_address>0x1c3a8</load_address>
         <run_address>0x1c3a8</run_address>
         <size>0x18</size>
      </object_component>
      <object_component id="oc-26">
         <name>EntrySection</name>
         <load_address>0xe000</load_address>
         <run_address>0xe000</run_address>
         <size>0x2c0</size>
         <input_file_ref idref="fl-17"/>
      </object_component>
      <object_component id="oc-539">
         <name>.data</name>
         <load_address>0x2000465c</load_address>
         <run_address>0x2000465c</run_address>
         <size>0x2c</size>
         <input_file_ref idref="fl-e7"/>
      </object_component>
      <object_component id="oc-6c4">
         <name>.data</name>
         <load_address>0x200045a4</load_address>
         <run_address>0x200045a4</run_address>
         <size>0x50</size>
         <input_file_ref idref="fl-e7"/>
      </object_component>
      <object_component id="oc-53a">
         <name>.data</name>
         <load_address>0x200046ac</load_address>
         <run_address>0x200046ac</run_address>
         <size>0x1c</size>
         <input_file_ref idref="fl-e9"/>
      </object_component>
      <object_component id="oc-700">
         <name>.data</name>
         <load_address>0x200046c8</load_address>
         <run_address>0x200046c8</run_address>
         <size>0x1c</size>
         <input_file_ref idref="fl-ea"/>
      </object_component>
      <object_component id="oc-6ea">
         <name>.data</name>
         <load_address>0x2000473c</load_address>
         <run_address>0x2000473c</run_address>
         <size>0x4</size>
         <input_file_ref idref="fl-eb"/>
      </object_component>
      <object_component id="oc-538">
         <name>.data</name>
         <load_address>0x20004704</load_address>
         <run_address>0x20004704</run_address>
         <size>0xc</size>
         <input_file_ref idref="fl-ec"/>
      </object_component>
      <object_component id="oc-708">
         <name>.data</name>
         <load_address>0x20004746</load_address>
         <run_address>0x20004746</run_address>
         <size>0x1</size>
         <input_file_ref idref="fl-ed"/>
      </object_component>
      <object_component id="oc-6e7">
         <name>.data</name>
         <load_address>0x20004688</load_address>
         <run_address>0x20004688</run_address>
         <size>0x24</size>
         <input_file_ref idref="fl-ed"/>
      </object_component>
      <object_component id="oc-709">
         <name>.data</name>
         <load_address>0x20004747</load_address>
         <run_address>0x20004747</run_address>
         <size>0x1</size>
         <input_file_ref idref="fl-ed"/>
      </object_component>
      <object_component id="oc-70a">
         <name>.data</name>
         <load_address>0x20004748</load_address>
         <run_address>0x20004748</run_address>
         <size>0x1</size>
         <input_file_ref idref="fl-ed"/>
      </object_component>
      <object_component id="oc-6e8">
         <name>.data</name>
         <load_address>0x20004534</load_address>
         <run_address>0x20004534</run_address>
         <size>0x70</size>
         <input_file_ref idref="fl-ed"/>
      </object_component>
      <object_component id="oc-6e2">
         <name>.data</name>
         <load_address>0x20004749</load_address>
         <run_address>0x20004749</run_address>
         <size>0x1</size>
         <input_file_ref idref="fl-ee"/>
      </object_component>
      <object_component id="oc-6e1">
         <name>.data</name>
         <load_address>0x20004730</load_address>
         <run_address>0x20004730</run_address>
         <size>0x8</size>
         <input_file_ref idref="fl-ee"/>
      </object_component>
      <object_component id="oc-5e7">
         <name>.data</name>
         <load_address>0x2000474a</load_address>
         <run_address>0x2000474a</run_address>
         <size>0x1</size>
         <input_file_ref idref="fl-ef"/>
      </object_component>
      <object_component id="oc-5e9">
         <name>.data</name>
         <load_address>0x2000474b</load_address>
         <run_address>0x2000474b</run_address>
         <size>0x1</size>
         <input_file_ref idref="fl-f1"/>
      </object_component>
      <object_component id="oc-5f2">
         <name>.data</name>
         <load_address>0x200046e4</load_address>
         <run_address>0x200046e4</run_address>
         <size>0x10</size>
         <input_file_ref idref="fl-f1"/>
      </object_component>
      <object_component id="oc-431">
         <name>.data</name>
         <load_address>0x20004744</load_address>
         <run_address>0x20004744</run_address>
         <size>0x2</size>
         <input_file_ref idref="fl-f6"/>
      </object_component>
      <object_component id="oc-6b8">
         <name>.data</name>
         <load_address>0x20004710</load_address>
         <run_address>0x20004710</run_address>
         <size>0xc</size>
         <input_file_ref idref="fl-fa"/>
      </object_component>
      <object_component id="oc-2fe">
         <name>.data</name>
         <load_address>0x200046f4</load_address>
         <run_address>0x200046f4</run_address>
         <size>0x10</size>
         <input_file_ref idref="fl-fb"/>
      </object_component>
      <object_component id="oc-6af">
         <name>.data</name>
         <load_address>0x200045f4</load_address>
         <run_address>0x200045f4</run_address>
         <size>0x3c</size>
         <input_file_ref idref="fl-100"/>
      </object_component>
      <object_component id="oc-702">
         <name>.data</name>
         <load_address>0x2000471c</load_address>
         <run_address>0x2000471c</run_address>
         <size>0xc</size>
         <input_file_ref idref="fl-103"/>
      </object_component>
      <object_component id="oc-6ba">
         <name>.data</name>
         <load_address>0x20004740</load_address>
         <run_address>0x20004740</run_address>
         <size>0x4</size>
         <input_file_ref idref="fl-10"/>
      </object_component>
      <object_component id="oc-2ff">
         <name>.data:$O3$$</name>
         <load_address>0x20004630</load_address>
         <run_address>0x20004630</run_address>
         <size>0x2c</size>
         <input_file_ref idref="fl-b"/>
      </object_component>
      <object_component id="oc-45d">
         <name>.data:$O4$$</name>
         <load_address>0x20004728</load_address>
         <run_address>0x20004728</run_address>
         <size>0x8</size>
         <input_file_ref idref="fl-c"/>
      </object_component>
      <object_component id="oc-30b">
         <name>.data:$O5$$</name>
         <load_address>0x20004738</load_address>
         <run_address>0x20004738</run_address>
         <size>0x4</size>
         <input_file_ref idref="fl-e"/>
      </object_component>
      <object_component id="oc-30f">
         <name>.data:$O7$$</name>
         <load_address>0x200044b8</load_address>
         <run_address>0x200044b8</run_address>
         <size>0x7c</size>
         <input_file_ref idref="fl-11"/>
      </object_component>
      <object_component id="oc-312">
         <name>.data:$O9$$</name>
         <load_address>0x200043ec</load_address>
         <run_address>0x200043ec</run_address>
         <size>0xcc</size>
         <input_file_ref idref="fl-14"/>
      </object_component>
      <object_component id="oc-6e3">
         <name>.bss</name>
         <uninitialized>true</uninitialized>
         <run_address>0x2000488c</run_address>
         <size>0x4</size>
         <input_file_ref idref="fl-e4"/>
      </object_component>
      <object_component id="oc-6c3">
         <name>.bss</name>
         <uninitialized>true</uninitialized>
         <run_address>0x20004894</run_address>
         <size>0x4</size>
         <input_file_ref idref="fl-e8"/>
      </object_component>
      <object_component id="oc-6c2">
         <name>.bss</name>
         <uninitialized>true</uninitialized>
         <run_address>0x20004890</run_address>
         <size>0x4</size>
         <input_file_ref idref="fl-e8"/>
      </object_component>
      <object_component id="oc-53b">
         <name>.bss</name>
         <uninitialized>true</uninitialized>
         <run_address>0x20004898</run_address>
         <size>0x4</size>
         <input_file_ref idref="fl-e9"/>
      </object_component>
      <object_component id="oc-701">
         <name>.bss</name>
         <uninitialized>true</uninitialized>
         <run_address>0x2000488a</run_address>
         <size>0x2</size>
         <input_file_ref idref="fl-ea"/>
      </object_component>
      <object_component id="oc-6e9">
         <name>.bss</name>
         <uninitialized>true</uninitialized>
         <run_address>0x2000489c</run_address>
         <size>0x4</size>
         <input_file_ref idref="fl-ed"/>
      </object_component>
      <object_component id="oc-6e0">
         <name>.bss</name>
         <uninitialized>true</uninitialized>
         <run_address>0x200048a0</run_address>
         <size>0x4</size>
         <input_file_ref idref="fl-ee"/>
      </object_component>
      <object_component id="oc-5e8">
         <name>.bss</name>
         <uninitialized>true</uninitialized>
         <run_address>0x200048b4</run_address>
         <size>0x2</size>
         <input_file_ref idref="fl-ef"/>
      </object_component>
      <object_component id="oc-5e6">
[...]
         <object_component_ref idref="oc-276"/>
      </symbol>
      <symbol id="sm-1185">
         <name>SysBootMsg</name>
         <value>0x20004844</value>
         <object_component_ref idref="oc-4d9"/>
      </symbol>
      <symbol id="sm-1186">
         <name>llConnectionExt</name>
         <value>0x20004840</value>
         <object_component_ref idref="oc-4d9"/>
      </symbol>
      <symbol id="sm-1187">
         <name>ll_buildRevision</name>
         <value>0x1c2a0</value>
         <object_component_ref idref="oc-651"/>
      </symbol>
      <symbol id="sm-1188">
         <name>maxPduSize</name>
         <value>0x2000483c</value>
         <object_component_ref idref="oc-4d9"/>
      </symbol>
      <symbol id="sm-1189">
         <name>maxQueuedPdu</name>
         <value>0x2000483e</value>
         <object_component_ref idref="oc-4d9"/>
      </symbol>
      <symbol id="sm-118a">
         <name>rfFeModeBias</name>
         <value>0x2000483d</value>
         <object_component_ref idref="oc-4d9"/>
      </symbol>
      <symbol id="sm-118b">
         <name>sclkSrc</name>
         <value>0x20004848</value>
         <object_component_ref idref="oc-4d9"/>
      </symbol>
      <symbol id="sm-11a0">
         <name>llActiveTask</name>
         <value>0x1ac23</value>
         <object_component_ref idref="oc-4b9"/>
      </symbol>
      <symbol id="sm-11a1">
         <name>llAllocTask</name>
         <value>0x1aba7</value>
         <object_component_ref idref="oc-4b9"/>
      </symbol>
      <symbol id="sm-11a2">
         <name>llGetTask</name>
         <value>0x1ac59</value>
         <object_component_ref idref="oc-4b9"/>
      </symbol>
      <symbol id="sm-11a3">
         <name>llGetTaskState</name>
         <value>0x1ac01</value>
         <object_component_ref idref="oc-4b9"/>
      </symbol>
      <symbol id="sm-11a4">
         <name>llScheduleTask</name>
         <value>0x1ac89</value>
         <object_component_ref idref="oc-4b9"/>
      </symbol>
      <symbol id="sm-11a5">
         <name>llSchedulerInit</name>
         <value>0x1ab75</value>
         <object_component_ref idref="oc-4b9"/>
      </symbol>
      <symbol id="sm-11cd">
         <name>llProcessSlaveControlProcedures</name>
         <value>0x13dc9</value>
         <object_component_ref idref="oc-63f"/>
      </symbol>
      <symbol id="sm-11ce">
         <name>llSetupNextSlaveEvent</name>
         <value>0x13afd</value>
         <object_component_ref idref="oc-63f"/>
      </symbol>
      <symbol id="sm-11cf">
         <name>llSlave_TaskEnd</name>
         <value>0x13941</value>
         <object_component_ref idref="oc-63f"/>
      </symbol>
      <symbol id="sm-1265">
         <name>LL_PM_Enter_AES</name>
         <value>0x15521</value>
         <object_component_ref idref="oc-464"/>
      </symbol>
      <symbol id="sm-1266">
         <name>LL_PM_Exit_AES</name>
         <value>0x15533</value>
         <object_component_ref idref="oc-464"/>
      </symbol>
      <symbol id="sm-1267">
         <name>LL_PM_ForceSysBusThroughRF</name>
         <value>0x14f05</value>
         <object_component_ref idref="oc-464"/>
      </symbol>
      <symbol id="sm-1268">
         <name>LL_PM_GetRfCoreState</name>
         <value>0x152d9</value>
         <object_component_ref idref="oc-464"/>
      </symbol>
      <symbol id="sm-1269">
         <name>LL_PM_Init</name>
         <value>0x1526b</value>
         <object_component_ref idref="oc-464"/>
      </symbol>
      <symbol id="sm-126a">
         <name>LL_PM_InitRadioSetupCmd</name>
         <value>0x14f0d</value>
         <object_component_ref idref="oc-464"/>
      </symbol>
      <symbol id="sm-126b">
         <name>LL_PM_PowerCycleRadio</name>
         <value>0x153fb</value>
         <object_component_ref idref="oc-464"/>
      </symbol>
      <symbol id="sm-126c">
         <name>LL_PM_PowerOffRfCore</name>
         <value>0x1512f</value>
         <object_component_ref idref="oc-464"/>
      </symbol>
      <symbol id="sm-126d">
         <name>LL_PM_PowerOffRfCoreOptimize</name>
         <value>0x15193</value>
         <object_component_ref idref="oc-464"/>
      </symbol>
      <symbol id="sm-126e">
         <name>LL_PM_PowerOnReq</name>
         <value>0x1546d</value>
         <object_component_ref idref="oc-464"/>
      </symbol>
      <symbol id="sm-126f">
         <name>LL_PM_PowerOnRfCore</name>
         <value>0x150b9</value>
         <object_component_ref idref="oc-464"/>
      </symbol>
      <symbol id="sm-1270">
         <name>LL_PM_PowerOnRfCoreOptimize</name>
         <value>0x14fc3</value>
         <object_component_ref idref="oc-464"/>
      </symbol>
      <symbol id="sm-1271">
         <name>LL_PM_RFCmdDoneEventCallback</name>
         <value>0x20004628</value>
         <object_component_ref idref="oc-6af"/>
      </symbol>
      <symbol id="sm-1272">
         <name>LL_PM_ShutdownFS</name>
         <value>0x1515b</value>
         <object_component_ref idref="oc-464"/>
      </symbol>
      <symbol id="sm-1273">
         <name>LL_PM_StartRfTask</name>
         <value>0x152ef</value>
         <object_component_ref idref="oc-464"/>
      </symbol>
      <symbol id="sm-1274">
         <name>LL_PM_StopCurTaskTimer</name>
         <value>0x153bd</value>
         <object_component_ref idref="oc-464"/>
      </symbol>
      <symbol id="sm-12d4">
         <name>SM_CalcRandomAddr</name>
         <value>0x14089</value>
         <object_component_ref idref="oc-4f8"/>
      </symbol>
      <symbol id="sm-12d5">
         <name>SM_Encrypt</name>
         <value>0x14109</value>
         <object_component_ref idref="oc-4f8"/>
      </symbol>
      <symbol id="sm-12d6">
         <name>SM_GenerateAuthenSig</name>
         <value>0x143fd</value>
         <object_component_ref idref="oc-4f8"/>
      </symbol>
      <symbol id="sm-12d7">
         <name>SM_NewRandKey</name>
         <value>0x14059</value>
         <object_component_ref idref="oc-4f8"/>
      </symbol>
      <symbol id="sm-12d8">
         <name>SM_ResolveRandomAddrs</name>
         <value>0x140bb</value>
         <object_component_ref idref="oc-4f8"/>
      </symbol>
      <symbol id="sm-12d9">
         <name>SM_VerifyAuthenSig</name>
         <value>0x14497</value>
         <object_component_ref idref="oc-4f8"/>
      </symbol>
      <symbol id="sm-12da">
         <name>smAuthReqToUint8</name>
         <value>0x1439f</value>
         <object_component_ref idref="oc-4f8"/>
      </symbol>
      <symbol id="sm-12db">
         <name>smGenerateRandBuf</name>
         <value>0x14379</value>
         <object_component_ref idref="oc-4f8"/>
      </symbol>
      <symbol id="sm-12dc">
         <name>smInProcess</name>
         <value>0x141d7</value>
         <object_component_ref idref="oc-4f8"/>
      </symbol>
      <symbol id="sm-12dd">
         <name>smProcessRandComplete</name>
         <value>0x14147</value>
         <object_component_ref idref="oc-4f8"/>
      </symbol>
      <symbol id="sm-12de">
         <name>smStartRspTimer</name>
         <value>0x141b1</value>
         <object_component_ref idref="oc-4f8"/>
      </symbol>
      <symbol id="sm-12df">
         <name>smStopRspTimer</name>
         <value>0x141cd</value>
         <object_component_ref idref="oc-4f8"/>
      </symbol>
      <symbol id="sm-12e0">
         <name>smUint8ToAuthReq</name>
         <value>0x143bf</value>
         <object_component_ref idref="oc-4f8"/>
      </symbol>
      <symbol id="sm-12e1">
         <name>sm_ah</name>
         <value>0x1420b</value>
         <object_component_ref idref="oc-4f8"/>
      </symbol>
      <symbol id="sm-12e2">
         <name>sm_c1new</name>
         <value>0x1426b</value>
         <object_component_ref idref="oc-4f8"/>
      </symbol>
      <symbol id="sm-12e3">
         <name>sm_d1</name>
         <value>0x141e9</value>
         <object_component_ref idref="oc-4f8"/>
      </symbol>
      <symbol id="sm-12e4">
         <name>sm_dm</name>
         <value>0x14241</value>
         <object_component_ref idref="oc-4f8"/>
      </symbol>
      <symbol id="sm-12e5">
         <name>sm_s1</name>
         <value>0x14339</value>
         <object_component_ref idref="oc-4f8"/>
      </symbol>
      <symbol id="sm-133b">
         <name>SM_PasskeyUpdate</name>
         <value>0x1326b</value>
         <object_component_ref idref="oc-53c"/>
      </symbol>
      <symbol id="sm-133c">
         <name>SM_StartPairing</name>
         <value>0x131e5</value>
         <object_component_ref idref="oc-53c"/>
      </symbol>
      <symbol id="sm-133d">
         <name>pPairingParams</name>
         <value>0x20004858</value>
         <object_component_ref idref="oc-55c"/>
      </symbol>
      <symbol id="sm-133e">
         <name>pfnResponderCBs</name>
         <value>0x2000485c</value>
         <object_component_ref idref="oc-55c"/>
      </symbol>
      <symbol id="sm-133f">
         <name>smDetermineKeySize</name>
         <value>0x1389f</value>
         <object_component_ref idref="oc-53c"/>
      </symbol>
      <symbol id="sm-1340">
         <name>smEndPairing</name>
         <value>0x1386f</value>
         <object_component_ref idref="oc-53c"/>
      </symbol>
      <symbol id="sm-1341">
         <name>smGenerateConfirm</name>
         <value>0x13603</value>
         <object_component_ref idref="oc-53c"/>
      </symbol>
      <symbol id="sm-1342">
         <name>smGeneratePairingReqRsp</name>
         <value>0x135d7</value>
         <object_component_ref idref="oc-53c"/>
      </symbol>
      <symbol id="sm-1343">
         <name>smGenerateRandMsg</name>
         <value>0x1361b</value>
         <object_component_ref idref="oc-53c"/>
      </symbol>
      <symbol id="sm-1344">
         <name>smLinkCheck</name>
         <value>0x132f5</value>
         <object_component_ref idref="oc-53c"/>
      </symbol>
      <symbol id="sm-1345">
         <name>smNextPairingState</name>
         <value>0x134a3</value>
         <object_component_ref idref="oc-53c"/>
      </symbol>
      <symbol id="sm-1346">
         <name>smPairingSendEncInfo</name>
         <value>0x137c3</value>
         <object_component_ref idref="oc-53c"/>
      </symbol>
      <symbol id="sm-1347">
         <name>smPairingSendIdentityAddrInfo</name>
         <value>0x137fb</value>
         <object_component_ref idref="oc-53c"/>
      </symbol>
      <symbol id="sm-1348">
         <name>smPairingSendIdentityInfo</name>
         <value>0x137f1</value>
         <object_component_ref idref="oc-53c"/>
      </symbol>
      <symbol id="sm-1349">
         <name>smPairingSendMasterID</name>
         <value>0x137c9</value>
         <object_component_ref idref="oc-53c"/>
      </symbol>
      <symbol id="sm-134a">
         <name>smPairingSendSingingInfo</name>
         <value>0x1381f</value>
         <object_component_ref idref="oc-53c"/>
      </symbol>
      <symbol id="sm-134b">
         <name>smProcessDataMsg</name>
         <value>0x13311</value>
         <object_component_ref idref="oc-53c"/>
      </symbol>
      <symbol id="sm-134c">
         <name>smProcessEncryptChange</name>
         <value>0x133f9</value>
         <object_component_ref idref="oc-53c"/>
      </symbol>
      <symbol id="sm-134d">
         <name>smProcessPairingReq</name>
         <value>0x13569</value>
         <object_component_ref idref="oc-53c"/>
      </symbol>
      <symbol id="sm-134e">
         <name>smRegisterInitiator</name>
         <value>0x132e5</value>
         <object_component_ref idref="oc-53c"/>
      </symbol>
      <symbol id="sm-134f">
         <name>smRegisterResponder</name>
         <value>0x132ed</value>
         <object_component_ref idref="oc-53c"/>
      </symbol>
      <symbol id="sm-1350">
         <name>smSavePairInfo</name>
         <value>0x13645</value>
         <object_component_ref idref="oc-53c"/>
      </symbol>
      <symbol id="sm-1351">
         <name>smSendFailAndEnd</name>
         <value>0x133dd</value>
         <object_component_ref idref="oc-53c"/>
      </symbol>
      <symbol id="sm-1352">
         <name>smStartEncryption</name>
         <value>0x135bd</value>
         <object_component_ref idref="oc-53c"/>
      </symbol>
      <symbol id="sm-1353">
         <name>smTimedOut</name>
         <value>0x1330d</value>
         <object_component_ref idref="oc-53c"/>
      </symbol>
      <symbol id="sm-1354">
         <name>sm_c1</name>
         <value>0x134d3</value>
         <object_component_ref idref="oc-53c"/>
      </symbol>
      <symbol id="sm-1376">
         <name>SM_ResponderInit</name>
         <value>0x16ea1</value>
         <object_component_ref idref="oc-66d"/>
      </symbol>
      <symbol id="sm-1377">
         <name>smpResponderProcessPairingReq</name>
         <value>0x17161</value>
         <object_component_ref idref="oc-66d"/>
      </symbol>
      <symbol id="sm-1387">
         <name>SM_Init</name>
         <value>0x1adb9</value>
         <object_component_ref idref="oc-2aa"/>
      </symbol>
      <symbol id="sm-1388">
         <name>SM_ProcessEvent</name>
         <value>0x1add5</value>
         <object_component_ref idref="oc-2aa"/>
      </symbol>
      <symbol id="sm-1389">
         <name>smTaskID</name>
         <value>0x200048bb</value>
         <object_component_ref idref="oc-55b"/>
      </symbol>
      <symbol id="sm-13c1">
         <name>smSendSMMsg</name>
         <value>0x17fab</value>
         <object_component_ref idref="oc-6c6"/>
      </symbol>
      <symbol id="sm-13c2">
         <name>smpBuildEncInfo</name>
         <value>0x17e79</value>
         <object_component_ref idref="oc-6c6"/>
      </symbol>
      <symbol id="sm-13c3">
         <name>smpBuildIdentityAddrInfo</name>
         <value>0x17efb</value>
         <object_component_ref idref="oc-6c6"/>
      </symbol>
      <symbol id="sm-13c4">
         <name>smpBuildIdentityInfo</name>
         <value>0x17ee9</value>
         <object_component_ref idref="oc-6c6"/>
      </symbol>
      <symbol id="sm-13c5">
         <name>smpBuildMasterID</name>
         <value>0x17ea1</value>
         <object_component_ref idref="oc-6c6"/>
      </symbol>
      <symbol id="sm-13c6">
         <name>smpBuildPairingConfirm</name>
         <value>0x17de3</value>
         <object_component_ref idref="oc-6c6"/>
      </symbol>
      <symbol id="sm-13c7">
         <name>smpBuildPairingFailed</name>
         <value>0x17e43</value>
         <object_component_ref idref="oc-6c6"/>
      </symbol>
      <symbol id="sm-13c8">
         <name>smpBuildPairingRandom</name>
         <value>0x17e0b</value>
         <object_component_ref idref="oc-6c6"/>
      </symbol>
      <symbol id="sm-13c9">
         <name>smpBuildPairingReq</name>
         <value>0x17c59</value>
         <object_component_ref idref="oc-6c6"/>
      </symbol>
      <symbol id="sm-13ca">
         <name>smpBuildPairingReqRsp</name>
         <value>0x17c67</value>
         <object_component_ref idref="oc-6c6"/>
      </symbol>
      <symbol id="sm-13cb">
         <name>smpBuildPairingRsp</name>
         <value>0x17c61</value>
         <object_component_ref idref="oc-6c6"/>
      </symbol>
      <symbol id="sm-13cc">
         <name>smpBuildSecurityReq</name>
         <value>0x17f73</value>
         <object_component_ref idref="oc-6c6"/>
      </symbol>
      <symbol id="sm-13cd">
         <name>smpBuildSigningInfo</name>
         <value>0x17f4b</value>
         <object_component_ref idref="oc-6c6"/>
      </symbol>
      <symbol id="sm-13ce">
         <name>smpParseEncInfo</name>
         <value>0x17e8b</value>
         <object_component_ref idref="oc-6c6"/>
      </symbol>
      <symbol id="sm-13cf">
         <name>smpParseIdentityAddrInfo</name>
         <value>0x17f2f</value>
         <object_component_ref idref="oc-6c6"/>
      </symbol>
      <symbol id="sm-13d0">
         <name>smpParseIdentityInfo</name>
         <value>0x17f19</value>
         <object_component_ref idref="oc-6c6"/>
      </symbol>
      <symbol id="sm-13d1">
         <name>smpParseMasterID</name>
         <value>0x17ec5</value>
         <object_component_ref idref="oc-6c6"/>
      </symbol>
      <symbol id="sm-13d2">
         <name>smpParsePairingConfirm</name>
         <value>0x17df5</value>
         <object_component_ref idref="oc-6c6"/>
      </symbol>
      <symbol id="sm-13d3">
         <name>smpParsePairingFailed</name>
         <value>0x17e5b</value>
         <object_component_ref idref="oc-6c6"/>
      </symbol>
      <symbol id="sm-13d4">
         <name>smpParsePairingRandom</name>
         <value>0x17e2d</value>
         <object_component_ref idref="oc-6c6"/>
      </symbol>
      <symbol id="sm-13d5">
         <name>smpParsePairingReq</name>
         <value>0x17d0f</value>
         <object_component_ref idref="oc-6c6"/>
      </symbol>
      <symbol id="sm-13d6">
         <name>smpParseSecurityReq</name>
         <value>0x17f8f</value>
         <object_component_ref idref="oc-6c6"/>
      </symbol>
      <symbol id="sm-13d7">
         <name>smpParseSigningInfo</name>
         <value>0x17f5d</value>
         <object_component_ref idref="oc-6c6"/>
      </symbol>
      <symbol id="sm-13ec">
         <name>HCI_ExtTaskRegister</name>
         <value>0x1b2b9</value>
         <object_component_ref idref="oc-293"/>
      </symbol>
      <symbol id="sm-13ed">
         <name>HCI_GAPTaskRegister</name>
         <value>0x1b2a7</value>
         <object_component_ref idref="oc-293"/>
      </symbol>
      <symbol id="sm-13ee">
         <name>HCI_Init</name>
         <value>0x1b251</value>
         <object_component_ref idref="oc-293"/>
      </symbol>
      <symbol id="sm-13ef">
         <name>HCI_L2CAPTaskRegister</name>
         <value>0x1b2ad</value>
         <object_component_ref idref="oc-293"/>
      </symbol>
      <symbol id="sm-13f0">
         <name>HCI_ProcessEvent</name>
         <value>0x1b26f</value>
         <object_component_ref idref="oc-293"/>
      </symbol>
      <symbol id="sm-13f1">
         <name>HCI_SMPTaskRegister</name>
         <value>0x1b2b3</value>
         <object_component_ref idref="oc-293"/>
      </symbol>
      <symbol id="sm-13f2">
         <name>HCI_TestAppTaskRegister</name>
         <value>0x1b2a1</value>
         <object_component_ref idref="oc-293"/>
      </symbol>
      <symbol id="sm-13f3">
         <name>hciExtTaskID</name>
         <value>0x20004889</value>
         <object_component_ref idref="oc-4db"/>
      </symbol>
      <symbol id="sm-13f4">
         <name>hciGapTaskID</name>
         <value>0x20004886</value>
         <object_component_ref idref="oc-4db"/>
      </symbol>
      <symbol id="sm-13f5">
         <name>hciL2capTaskID</name>
         <value>0x20004887</value>
         <object_component_ref idref="oc-4db"/>
      </symbol>
      <symbol id="sm-13f6">
         <name>hciSmpTaskID</name>
         <value>0x20004888</value>
         <object_component_ref idref="oc-4db"/>
      </symbol>
      <symbol id="sm-13f7">
         <name>hciTaskID</name>
         <value>0x20004884</value>
         <object_component_ref idref="oc-4db"/>
      </symbol>
      <symbol id="sm-13f8">
         <name>hciTestTaskID</name>
         <value>0x20004885</value>
         <object_component_ref idref="oc-4db"/>
      </symbol>
      <symbol id="sm-140a">
         <name>NOROM_CPUcpsie</name>
         <value>0x1b733</value>
         <object_component_ref idref="oc-6f6"/>
      </symbol>
      <symbol id="sm-140b">
         <name>NOROM_CPUcpsid</name>
         <value>0x1b727</value>
         <object_component_ref idref="oc-6f0"/>
      </symbol>
      <symbol id="sm-140c">
         <name>__TI_static_base__</name>
         <value>0x1c2a8</value>
      </symbol>
      <symbol id="sm-1411">
         <name>SHT$$INIT_ARRAY$$Limit</name>
         <value>0x0</value>
      </symbol>
      <symbol id="sm-1412">
         <name>SHT$$INIT_ARRAY$$Base</name>
         <value>0x0</value>
      </symbol>
   </symbol_table>
   <title>Link successful</title>
</link_info>
