******************************************************************************
                  TI ARM Linker PC v16.9.6                     
******************************************************************************
>> Linked Mon Aug 06 23:58:13 2018

OUTPUT FILE NAME:   <HIDEmuKbdStack.out>
ENTRY POINT SYMBOL: "startup_entry"  address: 0000e001


MEMORY CONFIGURATION

         name            origin    length      used     unused   attr    fill
----------------------  --------  ---------  --------  --------  ----  --------
  FLASH                 0000e000   00011000  000103ba  00000c46  R  X
  SRAM                  200043ec   000004fb  000004d0  0000002b  RW X
  $BOUND$0x20004fec     20004fec   00000010  00000010  00000000  R IX


SEGMENT ALLOCATION MAP

run origin  load origin   length   init length attrs members
----------  ----------- ---------- ----------- ----- -------
0000e000    0000e000    0000e3c0   0000e3c0    r-x
  0000e000    0000e000    000002c0   000002c0    r-x EntrySection
  0000e2c0    0000e2c0    0000d7dc   0000d7dc    r-x .text
  0001ba9c    0001ba9c    00000798   00000798    r-- .const
  0001c234    0001c234    0000006e   0000006e    r-- .rodata
  0001c2a8    0001c2a8    00000118   00000118    r-- .cinit
0001d000    0001d000    00002000   00002000    r--
  0001d000    0001d000    00002000   00002000    r-- .TI.bound:SNV_FLASH
200043ec    200043ec    000004d0   00000000    rw-
  200043ec    200043ec    00000360   00000000    rw- .data
  2000474c    2000474c    00000170   00000000    rw- .bss
20004fec    20004fec    00000010   00000000    rw-
  20004fec    20004fec    00000010   00000000    rw- .TI.bound:mbIntCbackTable


SECTION ALLOCATION MAP

 output                                  attributes/
section   page    origin      length       input sections
--------  ----  ----------  ----------   ----------------
EntrySection 
*          0    0000e000    000002c0     
                  0000e000    000002c0     ICall_startup.obj (EntrySection)

.text      0    0000e2c0    0000d7dc     
                  0000e2c0    00000fbc     CC2640Stack.a : gattservapp.o (.text)
                  0000f27c    00000d9c                   : ll_PATCH.o (.text)
                  00010018    00000b4a     bleDispatch.obj (.text)
                  00010b62    00000002     OnBoard.obj (.text)
                  00010b64    00000a4c     CC2640Stack.a : gatt_server.o (.text)
                  000115b0    00000a28     gapbondmgr.obj (.text)
                  00011fd8    0000094c     CC2640Stack.a : ll_common_PATCH.o (.text)
                  00012924    000008c0                   : gap_linkmgr.o (.text)
                  000131e4    0000075c                   : sm_pairing.o (.text)
                  00013940    00000716                   : ll_slaveEndCauses_PATCH.o (.text)
                  00014056    00000002     hal_assert.obj (.text)
                  00014058    00000708     CC2640Stack.a : sm_mgr.o (.text)
                  00014760    00000704     OSAL.obj (.text)
                  00014e64    000006d4     CC2640Stack.a : ll_sleep.o (.text)
                  00015538    000006a4                   : ll_config.o (.text)
                  00015bdc    00000690                   : gap_peridevmgr.o (.text)
                  0001626c    00000684                   : l2cap_util.o (.text)
                  000168f0    000005b0                   : att_util.o (.text)
                  00016ea0    00000558                   : sm_rsppairing.o (.text)
                  000173f8    00000470                   : ll_isr.o (.text)
                  00017868    000003f0     osal_snv_wrapper.obj (.text)
                  00017c58    0000039a     CC2640Stack.a : smp.o (.text)
                  00017ff2    00000002     rtsv7M3_T_le_eabi.lib : startup.obj (.text)
                  00017ff4    00000382     CC2640Stack.a : ble_PATCH.o (.text)
                  00018376    00000002     --HOLE-- [fill = 0]
                  00018378    00000364     mb_PATCH.obj (.text)
                  000186dc    00000358     CC2640Stack.a : gap_configmgr.o (.text)
                  00018a34    00000338                   : ll_advEndCauses_PATCH.o (.text)
                  00018d6c    00000008     ble_rom_PATCH.symbols (.tramp.llCalcScaFactor.1)
                  00018d74    00000314     CC2640Stack.a : hci_event_PATCH.o (.text)
                  00019088    00000008     ble_rom_PATCH.symbols (.tramp.HCI_SendCommandCompleteEvent.1)
                  00019090    00000308     CC2640Stack.a : gapgattserver.o (.text)
                  00019398    000002fc                   : gatt_task.o (.text)
                  00019694    000002d0                   : hci_PATCH.o (.text)
                  00019964    00000008     ble_rom_PATCH.symbols (.tramp.HCI_CommandCompleteEvent.1)
                  0001996c    00000008     ble_rom_PATCH.symbols (.tramp.HCI_CommandStatusEvent.1)
                  00019974    00000008     ble_rom_PATCH.symbols (.tramp.LL_EXT_ResetSystem.1)
                  0001997c    00000008     ble_rom_PATCH.symbols (.tramp.LL_ReadLocalVersionInfo.1)
                  00019984    00000294     CC2640Stack.a : linkdb.o (.text)
                  00019c18    00000284                   : gap_task.o (.text)
                  00019e9c    00000284                   : l2cap_task.o (.text)
                  0001a120    00000234     OSAL_Timers.obj (.text)
                  0001a354    000001f4     rtsv7M3_T_le_eabi.lib : ull_div_t2.obj (.text)
                  0001a548    000001ec     CC2640Stack.a : att_server.o (.text)
                  0001a734    00000188     osal_cbtimer.obj (.text)
                  0001a8bc    0000015e     CC2640Stack.a : l2cap_if.o (.text)
                  0001aa1a    00000002     --HOLE-- [fill = 0]
                  0001aa1c    00000008     ble_rom_PATCH.symbols (.tramp.HCI_SetControllerToHostFlowCtrlCmd.1)
                  0001aa24    00000008     ble_rom_PATCH.symbols (.tramp.HCI_HostBufferSizeCmd.1)
                  0001aa2c    00000008     ble_rom_PATCH.symbols (.tramp.HCI_HostNumCompletedPktCmd.1)
                  0001aa34    0000013e     CC2640Stack.a : gatt_uuid.o (.text)
                  0001ab72    00000002     --HOLE-- [fill = 0]
                  0001ab74    00000138                   : ll_scheduler_PATCH.o (.text)
                  0001acac    0000010c                   : gap_perilinkmgr.o (.text)
                  0001adb8    00000104                   : sm_task.o (.text)
                  0001aebc    000000c8     osal_bufmgr.obj (.text)
                  0001af84    000000a8     CC2640Stack.a : hci_data_PATCH.o (.text)
                  0001b02c    00000008     ble_rom_PATCH.symbols (.tramp.LL_CtrlToHostFlowControl.1)
                  0001b034    0000009c     rtsv7M3_T_le_eabi.lib : memcpy_t2.obj (.text)
                  0001b0d0    00000084     OSAL_PwrMgr.obj (.text)
                  0001b154    00000082     CC2640Stack.a : gap_devmgr.o (.text)
                  0001b1d6    0000007a     rtsv7M3_T_le_eabi.lib : memset_t2.obj (.text)
                  0001b250    00000078     CC2640Stack_HCI_TL.a : hci_tl.o (.text)
                  0001b2c8    00000078     driverlib.lib : interrupt.obj (.text:NOROM_IntDisable)
                  0001b340    00000078                   : interrupt.obj (.text:NOROM_IntEnable)
                  0001b3b8    00000078     hal_trng_wrapper.obj (.text)
                  0001b430    00000070     rtsv7M3_T_le_eabi.lib : autoinit.obj (.text)
                  0001b4a0    00000068                           : copy_decompress_lzss.obj (.text:decompress:lzss)
                  0001b508    00000060     gattservapp_util.obj (.text)
                  0001b568    0000004c     hal_flash_wrapper.obj (.text)
                  0001b5b4    0000004c     rtsv7M3_T_le_eabi.lib : cpy_tbl.obj (.text)
                  0001b600    00000040     OSAL_MemoryICall.obj (.text)
                  0001b640    00000038     OSAL_ICallBle.obj (.text)
                  0001b678    00000036     ROM_Init.obj (.text)
                  0001b6ae    0000001e     driverlib.lib : flash.obj (.text:NOROM_FlashProgram)
                  0001b6cc    0000001e                   : flash.obj (.text:NOROM_FlashSectorErase)
                  0001b6ea    00000018     rtsv7M3_T_le_eabi.lib : ll_mul_t2.obj (.text)
                  0001b702    00000016     driverlib.lib : vims.obj (.text:NOROM_VIMSModeGet)
                  0001b718    0000000e     rtsv7M3_T_le_eabi.lib : copy_decompress_none.obj (.text:decompress:none)
                  0001b726    0000000c     driverlib.lib : cpu.obj (.text:NOROM_CPUcpsid)
                  0001b732    0000000c                   : cpu.obj (.text:NOROM_CPUcpsie)
                  0001b73e    0000000c     rtsv7M3_T_le_eabi.lib : copy_zero_init.obj (.text:decompress:ZI)
                  0001b74a    00000002     --HOLE-- [fill = 0]
                  0001b74c    00000008     ble_rom_PATCH.symbols (.tramp.HCI_LE_SetRandomAddressCmd.1)
                  0001b754    00000008     ble_rom_PATCH.symbols (.tramp.llGetNumTxDataEntries.1)
                  0001b75c    00000008     ble_rom_PATCH.symbols (.tramp.LL_ENC_GenDeviceIV.1)
                  0001b764    00000008     ble_rom_PATCH.symbols (.tramp.LL_ENC_GenDeviceSKD.1)
                  0001b76c    00000008     ble_rom_PATCH.symbols (.tramp.LL_ENC_ReverseBytes.1)
                  0001b774    00000008     ble_rom_PATCH.symbols (.tramp.llMemCopySrc.1)
                  0001b77c    00000008     ble_rom_PATCH.symbols (.tramp.LL_ENC_Decrypt.1)
                  0001b784    00000008     ble_rom_PATCH.symbols (.tramp.HCI_LE_LtkReqNegReplyCmd.1)
                  0001b78c    00000008     ble_rom_PATCH.symbols (.tramp.HCI_LE_LtkReqReplyCmd.1)
                  0001b794    00000008     ble_rom_PATCH.symbols (.tramp.HCI_SendDataPkt.1)
                  0001b79c    00000008     ble_rom_PATCH.symbols (.tramp.HCI_LE_SetAdvParamCmd.1)
                  0001b7a4    00000008     ble_rom_PATCH.symbols (.tramp.HCI_LE_SetAdvEnableCmd.1)
                  0001b7ac    00000008     ble_rom_PATCH.symbols (.tramp.HCI_LE_SetScanRspDataCmd.1)
                  0001b7b4    00000008     ble_rom_PATCH.symbols (.tramp.HCI_LE_SetAdvDataCmd.1)
                  0001b7bc    00000008     ble_rom_PATCH.symbols (.tramp.llPatchCM0.1)
                  0001b7c4    00000008     ble_rom_PATCH.symbols (.tramp.LL_PseudoRand.1)
                  0001b7cc    00000008     ble_rom_PATCH.symbols (.tramp.LL_Encrypt.1)
                  0001b7d4    00000008     ble_rom_PATCH.symbols (.tramp.HCI_LE_RandCmd.1)
                  0001b7dc    00000008     ble_rom_PATCH.symbols (.tramp.llMoveTempTxDataEntries.1)
                  0001b7e4    00000008     ble_rom_PATCH.symbols (.tramp.llSetupVersionIndReq.1)
                  0001b7ec    00000008     ble_rom_PATCH.symbols (.tramp.LL_ReadRemoteVersionInfoCback.1)
                  0001b7f4    00000008     ble_rom_PATCH.symbols (.tramp.llSetupPauseEncRsp.1)
                  0001b7fc    00000008     ble_rom_PATCH.symbols (.tramp.llSetupStartEncRsp.1)
                  0001b804    00000008     ble_rom_PATCH.symbols (.tramp.LL_EncChangeCback.1)
                  0001b80c    00000008     ble_rom_PATCH.symbols (.tramp.LL_EncKeyRefreshCback.1)
                  0001b814    00000008     ble_rom_PATCH.symbols (.tramp.LL_ENC_AES128_Encrypt.1)
                  0001b81c    00000008     ble_rom_PATCH.symbols (.tramp.llSetupStartEncReq.1)
                  0001b824    00000008     ble_rom_PATCH.symbols (.tramp.llSetupEncRsp.1)
                  0001b82c    00000008     ble_rom_PATCH.symbols (.tramp.LL_EncLtkReqCback.1)
                  0001b834    00000008     ble_rom_PATCH.symbols (.tramp.llSetupUnknownRsp.1)
                  0001b83c    00000008     ble_rom_PATCH.symbols (.tramp.llConvertCtrlProcTimeoutToEvent.1)
                  0001b844    00000008     ble_rom_PATCH.symbols (.tramp.llConvertLstoToEvent.1)
                  0001b84c    00000008     ble_rom_PATCH.symbols (.tramp.llEventInRange.1)
                  0001b854    00000008     ble_rom_PATCH.symbols (.tramp.llCheckForLstoDuringSL.1)
                  0001b85c    00000008     ble_rom_PATCH.symbols (.tramp.llConnTerminate.1)
                  0001b864    00000008     ble_rom_PATCH.symbols (.tramp.HCI_DisconnectCmd.1)
                  0001b86c    00000008     ble_rom_PATCH.symbols (.tramp.llSetupRejectInd.1)
                  0001b874    00000008     ble_rom_PATCH.symbols (.tramp.llTimeDelta.1)
                  0001b87c    00000008     ble_rom_PATCH.symbols (.tramp.LL_RX_bm_alloc.1)
                  0001b884    00000008     ble_rom_PATCH.symbols (.tramp.HCI_bm_alloc.1)
                  0001b88c    00000008     ble_rom_PATCH.symbols (.tramp.llTimeCompare.1)
                  0001b894    00000008     ble_rom_PATCH.symbols (.tramp.llReleaseConnId.1)
                  0001b89c    00000008     ble_rom_PATCH.symbols (.tramp.LL_ENC_Encrypt.1)
                  0001b8a4    00000008     ble_rom_PATCH.symbols (.tramp.LL_TX_bm_alloc.1)
                  0001b8ac    00000008     ble_rom_PATCH.symbols (.tramp.llEventDelta.1)
                  0001b8b4    00000008     ble_rom_PATCH.symbols (.tramp.HCI_ReadRemoteVersionInfoCmd.1)
                  0001b8bc    00000008     ble_rom_PATCH.symbols (.tramp.HCI_SetEventMaskCmd.1)
                  0001b8c4    00000008     ble_rom_PATCH.symbols (.tramp.HCI_ReadTransmitPowerLevelCmd.1)
                  0001b8cc    00000008     ble_rom_PATCH.symbols (.tramp.HCI_ReadLocalSupportedFeaturesCmd.1)
                  0001b8d4    00000008     ble_rom_PATCH.symbols (.tramp.HCI_ReadBDADDRCmd.1)
                  0001b8dc    00000008     ble_rom_PATCH.symbols (.tramp.HCI_ReadRssiCmd.1)
                  0001b8e4    00000008     ble_rom_PATCH.symbols (.tramp.HCI_LE_ReadLocalSupportedFeaturesCmd.1)
                  0001b8ec    00000008     ble_rom_PATCH.symbols (.tramp.HCI_LE_ReadAdvChanTxPowerCmd.1)
                  0001b8f4    00000008     ble_rom_PATCH.symbols (.tramp.HCI_LE_ReadWhiteListSizeCmd.1)
                  0001b8fc    00000008     ble_rom_PATCH.symbols (.tramp.HCI_LE_ClearWhiteListCmd.1)
                  0001b904    00000008     ble_rom_PATCH.symbols (.tramp.HCI_LE_AddWhiteListCmd.1)
                  0001b90c    00000008     ble_rom_PATCH.symbols (.tramp.HCI_LE_RemoveWhiteListCmd.1)
                  0001b914    00000008     ble_rom_PATCH.symbols (.tramp.HCI_LE_ReadChannelMapCmd.1)
                  0001b91c    00000008     ble_rom_PATCH.symbols (.tramp.HCI_LE_EncryptCmd.1)
                  0001b924    00000008     ble_rom_PATCH.symbols (.tramp.HCI_LE_ReadSupportedStatesCmd.1)
                  0001b92c    00000008     ble_rom_PATCH.symbols (.tramp.HCI_LE_TestEndCmd.1)
                  0001b934    00000008     ble_rom_PATCH.symbols (.tramp.HCI_EXT_SetTxPowerCmd.1)
                  0001b93c    00000008     ble_rom_PATCH.symbols (.tramp.HCI_EXT_OnePktPerEvtCmd.1)
                  0001b944    00000008     ble_rom_PATCH.symbols (.tramp.HCI_EXT_DecryptCmd.1)
                  0001b94c    00000008     ble_rom_PATCH.symbols (.tramp.HCI_EXT_SetLocalSupportedFeaturesCmd.1)
                  0001b954    00000008     ble_rom_PATCH.symbols (.tramp.HCI_EXT_SetFastTxResponseTimeCmd.1)
                  0001b95c    00000008     ble_rom_PATCH.symbols (.tramp.HCI_EXT_ModemTestTxCmd.1)
                  0001b964    00000008     ble_rom_PATCH.symbols (.tramp.HCI_EXT_ModemHopTestTxCmd.1)
                  0001b96c    00000008     ble_rom_PATCH.symbols (.tramp.HCI_EXT_ModemTestRxCmd.1)
                  0001b974    00000008     ble_rom_PATCH.symbols (.tramp.HCI_EXT_EndModemTestCmd.1)
                  0001b97c    00000008     ble_rom_PATCH.symbols (.tramp.HCI_EXT_SetBDADDRCmd.1)
                  0001b984    00000008     ble_rom_PATCH.symbols (.tramp.HCI_EXT_SetSCACmd.1)
                  0001b98c    00000008     ble_rom_PATCH.symbols (.tramp.HCI_EXT_EnablePTMCmd.1)
                  0001b994    00000008     ble_rom_PATCH.symbols (.tramp.HCI_EXT_SetMaxDtmTxPowerCmd.1)
                  0001b99c    00000008     ble_rom_PATCH.symbols (.tramp.HCI_EXT_DisconnectImmedCmd.1)
                  0001b9a4    00000008     ble_rom_PATCH.symbols (.tramp.HCI_EXT_PacketErrorRateCmd.1)
                  0001b9ac    00000008     ble_rom_PATCH.symbols (.tramp.HCI_EXT_PERbyChanCmd.1)
                  0001b9b4    00000008     ble_rom_PATCH.symbols (.tramp.HCI_EXT_AdvEventNoticeCmd.1)
                  0001b9bc    00000008     ble_rom_PATCH.symbols (.tramp.HCI_EXT_SetSlaveLatencyOverrideCmd.1)
                  0001b9c4    00000008     ble_rom_PATCH.symbols (.tramp.HCI_EXT_BuildRevisionCmd.1)
                  0001b9cc    00000008     ble_rom_PATCH.symbols (.tramp.HCI_EXT_NumComplPktsLimitCmd.1)
                  0001b9d4    00000008     ble_rom_PATCH.symbols (.tramp.llFreeTask.1)
                  0001b9dc    00000008     ble_rom_PATCH.symbols (.tramp.llGetNumTasks.1)
                  0001b9e4    00000008     ble_rom_PATCH.symbols (.tramp.llScheduler.1)
                  0001b9ec    00000008     ble_rom_PATCH.symbols (.tramp.llSetupAdv.1)
                  0001b9f4    00000008     ble_rom_PATCH.symbols (.tramp.llGetActiveTasks.1)
                  0001b9fc    00000008     ble_rom_PATCH.symbols (.tramp.LL_DirectTestEndDoneCback.1)
                  0001ba04    00000008     ble_rom_PATCH.symbols (.tramp.llRfStartFS.1)
                  0001ba0c    00000008     ble_rom_PATCH.symbols (.tramp.llWriteTxData.1)
                  0001ba14    00000008     ble_rom_PATCH.symbols (.tramp.HCI_DataBufferOverflowEvent.1)
                  0001ba1c    00000008     ble_rom_PATCH.symbols (.tramp.llEnqueueCtrlPkt.1)
                  0001ba24    00000008     ble_rom_PATCH.symbols (.tramp.LL_ConnActive.1)
                  0001ba2c    00000008     ble_rom_PATCH.symbols (.tramp.llReleaseAllConnId.1)
                  0001ba34    00000008     ble_rom_PATCH.symbols (.tramp.LL_ClearWhiteList.1)
                  0001ba3c    00000008     ble_rom_PATCH.symbols (.tramp.LL_ENC_Init.1)
                  0001ba44    00000008     ble_rom_PATCH.symbols (.tramp.WL_Init.1)
                  0001ba4c    00000008     ble_rom_PATCH.symbols (.tramp.llHaltRadio.1)
                  0001ba54    00000008     ble_rom_PATCH.symbols (.tramp.HCI_HardwareErrorEvent.1)
                  0001ba5c    00000008     ble_rom_PATCH.symbols (.tramp.LL_ConnectionCompleteCback.1)
                  0001ba64    00000008     ble_rom_PATCH.symbols (.tramp.llGetCurrentTask.1)
                  0001ba6c    00000008     ble_rom_PATCH.symbols (.tramp.LL_ENC_GenerateTrueRandNum.1)
                  0001ba74    00000008     ble_rom_PATCH.symbols (.tramp.llInitRAT.1)
                  0001ba7c    00000008     ble_rom_PATCH.symbols (.tramp.llGetCurrentTime.1)
                  0001ba84    00000008     ble_rom_PATCH.symbols (.tramp.llSetupRfHal.1)
                  0001ba8c    00000008     ble_rom_PATCH.symbols (.tramp.llSetupMailbox.1)
                  0001ba94    00000008     ble_rom_PATCH.symbols (.tramp.llResetRadio.1)

.const     0    0001ba9c    00000798     
                  0001ba9c    00000664     ROM_Init.obj (.const:$O12$$)
                  0001c100    0000010c     CommonROM_Init.obj (.const:$O10$$)
                  0001c20c    00000028     OSAL_ICallBle.obj (.const:tasksArr)

.rodata    0    0001c234    0000006e     
                  0001c234    0000005c     CC2640Stack.a : ll_config.o (.rodata)
                  0001c290    00000008                   : gapgattserver.o (.rodata)
                  0001c298    00000008                   : gattservapp.o (.rodata)
                  0001c2a0    00000002                   : ll_PATCH.o (.rodata)

.cinit     0    0001c2a8    00000118     
                  0001c2a8    000000e2     (.cinit..data.load) [load image, compression = lzss]
                  0001c38a    00000002     --HOLE-- [fill = 0]
                  0001c38c    0000000c     (__TI_handler_table)
                  0001c398    00000008     (.cinit..TI.bound:mbIntCbackTable.load) [load image, compression = zero_init]
                  0001c3a0    00000008     (.cinit..bss.load) [load image, compression = zero_init]
                  0001c3a8    00000018     (__TI_cinit_table)

.init_array 
*          0    0000e000    00000000     UNINITIALIZED

.TI.bound:SNV_FLASH 
*          0    0001d000    00002000     
                  0001d000    00002000     osal_snv_wrapper.obj (.TI.bound:SNV_FLASH)

.data      0    200043ec    00000360     UNINITIALIZED
                  200043ec    000000cc     gapbondmgr.obj (.data:$O9$$)
                  200044b8    0000007c     osal_cbtimer.obj (.data:$O7$$)
                  20004534    00000070     CC2640Stack.a : gapgattserver.o (.data)
                  200045a4    00000050                   : gap_configmgr.o (.data)
                  200045f4    0000003c                   : ll_sleep.o (.data)
                  20004630    0000002c     OSAL.obj (.data:$O3$$)
                  2000465c    0000002c     CC2640Stack.a : gap_configmgr.o (.data)
                  20004688    00000024                   : gapgattserver.o (.data)
                  200046ac    0000001c                   : gap_linkmgr.o (.data)
                  200046c8    0000001c                   : gap_peridevmgr.o (.data)
                  200046e4    00000010                   : gattservapp.o (.data)
                  200046f4    00000010                   : ll_config.o (.data)
                  20004704    0000000c                   : gap_task.o (.data)
                  20004710    0000000c                   : ll_common_PATCH.o (.data)
                  2000471c    0000000c                   : sm_rsppairing.o (.data)
                  20004728    00000008     OSAL_Clock.obj (.data:$O4$$)
                  20004730    00000008     CC2640Stack.a : gatt_server.o (.data)
                  20004738    00000004     OSAL_PwrMgr.obj (.data:$O5$$)
                  2000473c    00000004     CC2640Stack.a : gap_perilinkmgr.o (.data)
                  20004740    00000004     osal_bufmgr.obj (.data)
                  20004744    00000002     CC2640Stack.a : l2cap_task.o (.data)
                  20004746    00000001                   : gapgattserver.o (.data)
                  20004747    00000001                   : gapgattserver.o (.data)
                  20004748    00000001                   : gapgattserver.o (.data)
                  20004749    00000001                   : gatt_server.o (.data)
                  2000474a    00000001                   : gatt_task.o (.data)
                  2000474b    00000001                   : gattservapp.o (.data)

.bss       0    2000474c    00000170     UNINITIALIZED
                  2000474c    0000003c     bleDispatch.obj (.bss:$O2$$)
                  20004788    00000038     CC2640Stack.a : linkdb.o (.bss)
                  200047c0    00000030                   : l2cap_task.o (.bss)
                  200047f0    00000024                   : gattservapp.o (.bss)
                  20004814    00000018                   : ll_sleep.o (.bss)
                  2000482c    00000010                   : hci_event_PATCH.o (.bss)
                  2000483c    00000010                   : ll_PATCH.o (.bss)
                  2000484c    0000000c     ICall_startup.obj (.bss:$O11$$)
                  20004858    0000000c     CC2640Stack.a : sm_pairing.o (.bss)
                  20004864    00000008     OSAL_Timers.obj (.bss:$O6$$)
                  2000486c    00000008     osal_snv_wrapper.obj (.bss:$O8$$)
                  20004874    00000008     CC2640Stack.a : gatt_task.o (.bss)
                  2000487c    00000008                   : l2cap_task.o (.bss)
                  20004884    00000006     CC2640Stack_HCI_TL.a : hci_tl.o (.bss)
                  2000488a    00000002     CC2640Stack.a : gap_peridevmgr.o (.bss)
                  2000488c    00000004                   : att_server.o (.bss)
                  20004890    00000004                   : gap_devmgr.o (.bss)
                  20004894    00000004                   : gap_devmgr.o (.bss)
                  20004898    00000004                   : gap_linkmgr.o (.bss)
                  2000489c    00000004                   : gapgattserver.o (.bss)
                  200048a0    00000004                   : gatt_server.o (.bss)
                  200048a4    00000004                   : gattservapp.o (.bss)
                  200048a8    00000004                   : sm_mgr.o (.bss)
                  200048ac    00000004     hal_trng_wrapper.obj (.bss)
                  200048b0    00000004     (.common:tasksEvents)
                  200048b4    00000002     CC2640Stack.a : gatt_task.o (.bss)
                  200048b6    00000002                   : ll_slaveEndCauses_PATCH.o (.bss)
                  200048b8    00000001                   : l2cap_if.o (.bss)
                  200048b9    00000001                   : l2cap_util.o (.bss)
                  200048ba    00000001                   : ll_sleep.o (.bss)
                  200048bb    00000001                   : sm_task.o (.bss)

.TI.bound:mbIntCbackTable 
*          0    20004fec    00000010     UNINITIALIZED
                  20004fec    00000010     mb_PATCH.obj (.TI.bound:mbIntCbackTable)

MODULE SUMMARY

       Module                                   code    ro data   rw data
       ------                                   ----    -------   -------
    .\HAL\Common\
       hal_assert.obj                           2       0         0      
    +--+----------------------------------------+-------+---------+---------+
       Total:                                   2       0         0      
                                                                         
    .\HAL\Target\CC2650\Drivers\
       hal_trng_wrapper.obj                     120     0         4      
       hal_flash_wrapper.obj                    76      0         0      
    +--+----------------------------------------+-------+---------+---------+
       Total:                                   196     0         4      
                                                                         
    .\HAL\Target\CC2650\_common\
       mb_PATCH.obj                             868     0         16     
    +--+----------------------------------------+-------+---------+---------+
       Total:                                   868     0         16     
                                                                         
    .\ICallBLE\
       bleDispatch.obj                          2890    0         60     
    +--+----------------------------------------+-------+---------+---------+
       Total:                                   2890    0         60     
                                                                         
    .\OSAL\
       osal_snv_wrapper.obj                     1008    8192      8      
       OSAL.obj                                 1796    0         44     
       OSAL_Timers.obj                          564     0         8      
       osal_cbtimer.obj                         392     0         124    
       osal_bufmgr.obj                          200     0         4      
       OSAL_PwrMgr.obj                          132     0         4      
       OSAL_MemoryICall.obj                     64      0         0      
       OSAL_Clock.obj                           0       0         8      
    +--+----------------------------------------+-------+---------+---------+
       Total:                                   4156    8192      200    
                                                                         
    .\PROFILES\
       gapbondmgr.obj                           2600    0         204    
       gattservapp_util.obj                     96      0         0      
    +--+----------------------------------------+-------+---------+---------+
       Total:                                   2696    0         204    
                                                                         
    .\Startup\
       ROM_Init.obj                             54      1636      0      
       ICall_startup.obj                        704     0         12     
       CommonROM_Init.obj                       0       268       0      
       OSAL_ICallBle.obj                        56      40        0      
    +--+----------------------------------------+-------+---------+---------+
       Total:                                   814     1944      12     
                                                                         
    .\TOOLS\
       OnBoard.obj                              2       0         0      
    +--+----------------------------------------+-------+---------+---------+
       Total:                                   2       0         0      
                                                                         
    C:\Users\Jian\AppData\Local\Temp\
       {4AAC8E5D-E804-4E23-9958-56000C5E947C}   0       0         4      
    +--+----------------------------------------+-------+---------+---------+
       Total:                                   0       0         4      
                                                                         
    C:\ti\simplelink\ble_cc26xx_2_01_01_44627\Projects\common\BLE_ROM_Releases\04242014\
       ble_rom_PATCH.symbols                    928     0         0      
    +--+----------------------------------------+-------+---------+---------+
       Total:                                   928     0         0      
                                                                         
    C:/ti/simplelink/ble_cc26xx_2_01_01_44627/Projects/ble/HIDEmuKbd_Origin/CC26xx/IAR/Lib/CC2640Stack.a
       gattservapp.o                            4028    8         57     
       ll_PATCH.o                               3484    2         16     
       gatt_server.o                            2636    0         13     
       ll_common_PATCH.o                        2380    0         12     
       gap_linkmgr.o                            2240    0         32     
       sm_pairing.o                             1884    0         12     
       ll_sleep.o                               1748    0         85     
       ll_slaveEndCauses_PATCH.o                1814    0         2      
       ll_config.o                              1700    92        16     
       sm_mgr.o                                 1800    0         4      
       gap_peridevmgr.o                         1680    0         30     
       l2cap_util.o                             1668    0         1      
       att_util.o                               1456    0         0      
       sm_rsppairing.o                          1368    0         12     
       ll_isr.o                                 1136    0         0      
       gap_configmgr.o                          856     0         124    
       gapgattserver.o                          776     8         155    
       smp.o                                    922     0         0      
       ble_PATCH.o                              898     0         0      
       ll_advEndCauses_PATCH.o                  824     0         0      
       hci_event_PATCH.o                        788     0         16     
       gatt_task.o                              764     0         11     
       hci_PATCH.o                              720     0         0      
       linkdb.o                                 660     0         56     
       l2cap_task.o                             644     0         58     
       gap_task.o                               644     0         12     
       att_server.o                             492     0         4      
       l2cap_if.o                               350     0         1      
       gatt_uuid.o                              318     0         0      
       ll_scheduler_PATCH.o                     312     0         0      
       gap_perilinkmgr.o                        268     0         4      
       sm_task.o                                260     0         1      
       hci_data_PATCH.o                         168     0         0      
       gap_devmgr.o                             130     0         8      
    +--+----------------------------------------+-------+---------+---------+
       Total:                                   41816   110       742    
                                                                         
    C:/ti/simplelink/ble_cc26xx_2_01_01_44627/Projects/ble/HIDEmuKbd_Origin/CC26xx/IAR/Lib/CC2640Stack_HCI_TL.a
       hci_tl.o                                 120     0         6      
    +--+----------------------------------------+-------+---------+---------+
       Total:                                   120     0         6      
                                                                         
    C:/ti/tirtos_simplelink_2_13_00_06/products/cc26xxware_2_21_01_15600/driverlib/bin/ccs/driverlib.lib
       interrupt.obj                            240     0         0      
       flash.obj                                60      0         0      
       cpu.obj                                  24      0         0      
       vims.obj                                 22      0         0      
    +--+----------------------------------------+-------+---------+---------+
       Total:                                   346     0         0      
                                                                         
    C:\ti\ccsv7\tools\compiler\ti-cgt-arm_16.9.6.LTS\lib\rtsv7M3_T_le_eabi.lib
       ull_div_t2.obj                           500     0         0      
       memcpy_t2.obj                            156     0         0      
       memset_t2.obj                            122     0         0      
       autoinit.obj                             112     0         0      
       copy_decompress_lzss.obj                 104     0         0      
       cpy_tbl.obj                              76      0         0      
       ll_mul_t2.obj                            24      0         0      
       copy_decompress_none.obj                 14      0         0      
       copy_zero_init.obj                       12      0         0      
       startup.obj                              2       0         0      
    +--+----------------------------------------+-------+---------+---------+
       Total:                                   1122    0         0      
                                                                         
       Linker Generated:                        0       278       0      
    +--+----------------------------------------+-------+---------+---------+
       Grand Total:                             55956   10524     1248   


LINKER GENERATED COPY TABLES

__TI_cinit_table @ 0001c3a8 records: 3, size/record: 8, table size: 24
	.data: load addr=0001c2a8, load size=000000e2 bytes, run addr=200043ec, run size=00000360 bytes, compression=lzss
	.TI.bound:mbIntCbackTable: load addr=0001c398, load size=00000008 bytes, run addr=20004fec, run size=00000010 bytes, compression=zero_init
	.bss: load addr=0001c3a0, load size=00000008 bytes, run addr=2000474c, run size=00000170 bytes, compression=zero_init


LINKER GENERATED HANDLER TABLE

__TI_handler_table @ 0001c38c records: 3, size/record: 4, table size: 12
	index: 0, handler: __TI_decompress_lzss
	index: 1, handler: __TI_decompress_none
	index: 2, handler: __TI_zero_init


FAR CALL TRAMPOLINES

callee name               trampoline name
   callee addr  tramp addr   call addr  call info
--------------  -----------  ---------  ----------------
llCalcScaFactor           $Tramp$TT$L$PI$$llCalcScaFactor
   1000d94d     00018d6c     00018b78   CC2640Stack.a : ll_advEndCauses_PATCH.o (.text)
HCI_SendCommandCompleteEvent  $Tramp$TT$L$PI$$HCI_SendCommandCompleteEvent
   10008c81     00019088     0001905a   CC2640Stack.a : hci_event_PATCH.o (.text)
HCI_CommandCompleteEvent  $Tramp$TT$L$PI$$HCI_CommandCompleteEvent
   10008add     00019964     000196fe   CC2640Stack.a : hci_PATCH.o (.text)
                             000197ae                 : hci_PATCH.o (.text)
                             000197d8                 : hci_PATCH.o (.text)
                             00019916                 : hci_PATCH.o (.text)
HCI_CommandStatusEvent    $Tramp$TT$L$PI$$HCI_CommandStatusEvent
   10008ba1     0001996c     000197c2   CC2640Stack.a : hci_PATCH.o (.text)
                             00019834                 : hci_PATCH.o (.text)
LL_EXT_ResetSystem        $Tramp$TT$L$PI$$LL_EXT_ResetSystem
   100070d5     00019974     00019850   CC2640Stack.a : hci_PATCH.o (.text)
LL_ReadLocalVersionInfo   $Tramp$TT$L$PI$$LL_ReadLocalVersionInfo
   1000589d     0001997c     000198d4   CC2640Stack.a : hci_PATCH.o (.text)
HCI_SetControllerToHostFlowCtrlCmd  $Tramp$TT$L$PI$$HCI_SetControllerToHostFlowCtrlCmd
   100095f5     0001aa1c     0001a9a8   CC2640Stack.a : l2cap_if.o (.text)
                             0001a9ca                 : l2cap_if.o (.text)
HCI_HostBufferSizeCmd     $Tramp$TT$L$PI$$HCI_HostBufferSizeCmd
   10009631     0001aa24     0001a9c0   CC2640Stack.a : l2cap_if.o (.text)
HCI_HostNumCompletedPktCmd  $Tramp$TT$L$PI$$HCI_HostNumCompletedPktCmd
   1000965d     0001aa2c     0001a9de   CC2640Stack.a : l2cap_if.o (.text)
LL_CtrlToHostFlowControl  $Tramp$TT$L$PI$$LL_CtrlToHostFlowControl
   100058d5     0001b02c     0001afa6   CC2640Stack.a : hci_data_PATCH.o (.text)
HCI_LE_SetRandomAddressCmd  $Tramp$TT$L$PI$$HCI_LE_SetRandomAddressCmd
   10009849     0001b74c     000188e4   CC2640Stack.a : gap_configmgr.o (.text)
llGetNumTxDataEntries     $Tramp$TT$L$PI$$llGetNumTxDataEntries
   1000b009     0001b754     000182a4   CC2640Stack.a : ble_PATCH.o (.text)
LL_ENC_GenDeviceIV        $Tramp$TT$L$PI$$LL_ENC_GenDeviceIV
   1000b555     0001b75c     00018182   CC2640Stack.a : ble_PATCH.o (.text)
LL_ENC_GenDeviceSKD       $Tramp$TT$L$PI$$LL_ENC_GenDeviceSKD
   1000b541     0001b764     0001817a   CC2640Stack.a : ble_PATCH.o (.text)
LL_ENC_ReverseBytes       $Tramp$TT$L$PI$$LL_ENC_ReverseBytes
   1000b4ed     0001b76c     0001815c   CC2640Stack.a : ble_PATCH.o (.text)
                             00018172                 : ble_PATCH.o (.text)
llMemCopySrc              $Tramp$TT$L$PI$$llMemCopySrc
   100089d9     0001b774     00018058   CC2640Stack.a : ble_PATCH.o (.text)
                             00018064                 : ble_PATCH.o (.text)
                             00018070                 : ble_PATCH.o (.text)
                             0001807c                 : ble_PATCH.o (.text)
                             000180a0                 : ble_PATCH.o (.text)
                             000180dc                 : ble_PATCH.o (.text)
                             000180e8                 : ble_PATCH.o (.text)
                             00018138                 : ble_PATCH.o (.text)
                             00018144                 : ble_PATCH.o (.text)
                             00018152                 : ble_PATCH.o (.text)
                             0001816a                 : ble_PATCH.o (.text)
                             00018226                 : ble_PATCH.o (.text)
                             00018232                 : ble_PATCH.o (.text)
LL_ENC_Decrypt            $Tramp$TT$L$PI$$LL_ENC_Decrypt
   1000b9dd     0001b77c     000176b8   CC2640Stack.a : ll_isr.o (.text)
HCI_LE_LtkReqNegReplyCmd  $Tramp$TT$L$PI$$HCI_LE_LtkReqNegReplyCmd
   10009be1     0001b784     00016f72   CC2640Stack.a : sm_rsppairing.o (.text)
HCI_LE_LtkReqReplyCmd     $Tramp$TT$L$PI$$HCI_LE_LtkReqReplyCmd
   10009bc5     0001b78c     00016f58   CC2640Stack.a : sm_rsppairing.o (.text)
HCI_SendDataPkt           $Tramp$TT$L$PI$$HCI_SendDataPkt
   100094e9     0001b794     0001645c   CC2640Stack.a : l2cap_util.o (.text)
HCI_LE_SetAdvParamCmd     $Tramp$TT$L$PI$$HCI_LE_SetAdvParamCmd
   1000986d     0001b79c     00015f0e   CC2640Stack.a : gap_peridevmgr.o (.text)
HCI_LE_SetAdvEnableCmd    $Tramp$TT$L$PI$$HCI_LE_SetAdvEnableCmd
   100098d9     0001b7a4     00015d30   CC2640Stack.a : gap_peridevmgr.o (.text)
                             00015f2c                 : gap_peridevmgr.o (.text)
HCI_LE_SetScanRspDataCmd  $Tramp$TT$L$PI$$HCI_LE_SetScanRspDataCmd
   100098bd     0001b7ac     00015ce0   CC2640Stack.a : gap_peridevmgr.o (.text)
                             000161ce                 : gap_peridevmgr.o (.text)
HCI_LE_SetAdvDataCmd      $Tramp$TT$L$PI$$HCI_LE_SetAdvDataCmd
   100098a1     0001b7b4     00015cd6   CC2640Stack.a : gap_peridevmgr.o (.text)
                             000161c4                 : gap_peridevmgr.o (.text)
llPatchCM0                $Tramp$TT$L$PI$$llPatchCM0
   1000adb1     0001b7bc     0001501c   CC2640Stack.a : ll_sleep.o (.text)
LL_PseudoRand             $Tramp$TT$L$PI$$LL_PseudoRand
   10005801     0001b7c4     00014dc4   OSAL.obj (.text)
LL_Encrypt                $Tramp$TT$L$PI$$LL_Encrypt
   100057d5     0001b7cc     000143f8   CC2640Stack.a : sm_mgr.o (.text)
HCI_LE_RandCmd            $Tramp$TT$L$PI$$HCI_LE_RandCmd
   10009b51     0001b7d4     00014066   CC2640Stack.a : sm_mgr.o (.text)
                             0001415e                 : sm_mgr.o (.text)
llMoveTempTxDataEntries   $Tramp$TT$L$PI$$llMoveTempTxDataEntries
   1000afa1     0001b7dc     00014052   CC2640Stack.a : ll_slaveEndCauses_PATCH.o (.text)
llSetupVersionIndReq      $Tramp$TT$L$PI$$llSetupVersionIndReq
   10007f29     0001b7e4     00013ff0   CC2640Stack.a : ll_slaveEndCauses_PATCH.o (.text)
LL_ReadRemoteVersionInfoCback  $Tramp$TT$L$PI$$LL_ReadRemoteVersionInfoCback
   100091e1     0001b7ec     00013fd0   CC2640Stack.a : ll_slaveEndCauses_PATCH.o (.text)
                             00013fe4                 : ll_slaveEndCauses_PATCH.o (.text)
llSetupPauseEncRsp        $Tramp$TT$L$PI$$llSetupPauseEncRsp
   10007d55     0001b7f4     00013f58   CC2640Stack.a : ll_slaveEndCauses_PATCH.o (.text)
llSetupStartEncRsp        $Tramp$TT$L$PI$$llSetupStartEncRsp
   10007ca9     0001b7fc     00013f3e   CC2640Stack.a : ll_slaveEndCauses_PATCH.o (.text)
LL_EncChangeCback         $Tramp$TT$L$PI$$LL_EncChangeCback
   1000933d     0001b804     00013f2c   CC2640Stack.a : ll_slaveEndCauses_PATCH.o (.text)
LL_EncKeyRefreshCback     $Tramp$TT$L$PI$$LL_EncKeyRefreshCback
   100093dd     0001b80c     00013f22   CC2640Stack.a : ll_slaveEndCauses_PATCH.o (.text)
LL_ENC_AES128_Encrypt     $Tramp$TT$L$PI$$LL_ENC_AES128_Encrypt
   1000b5f5     0001b814     00013eee   CC2640Stack.a : ll_slaveEndCauses_PATCH.o (.text)
llSetupStartEncReq        $Tramp$TT$L$PI$$llSetupStartEncReq
   10007c55     0001b81c     00013ec8   CC2640Stack.a : ll_slaveEndCauses_PATCH.o (.text)
llSetupEncRsp             $Tramp$TT$L$PI$$llSetupEncRsp
   10007b95     0001b824     00013e92   CC2640Stack.a : ll_slaveEndCauses_PATCH.o (.text)
LL_EncLtkReqCback         $Tramp$TT$L$PI$$LL_EncLtkReqCback
   1000925d     0001b82c     00013e8a   CC2640Stack.a : ll_slaveEndCauses_PATCH.o (.text)
llSetupUnknownRsp         $Tramp$TT$L$PI$$llSetupUnknownRsp
   10008069     0001b834     00013df2   CC2640Stack.a : ll_slaveEndCauses_PATCH.o (.text)
llConvertCtrlProcTimeoutToEvent  $Tramp$TT$L$PI$$llConvertCtrlProcTimeoutToEvent
   10008741     0001b83c     00013c42   CC2640Stack.a : ll_slaveEndCauses_PATCH.o (.text)
                             00018b5e                 : ll_advEndCauses_PATCH.o (.text)
llConvertLstoToEvent      $Tramp$TT$L$PI$$llConvertLstoToEvent
   10008721     0001b844     00013be4   CC2640Stack.a : ll_slaveEndCauses_PATCH.o (.text)
                             00018b54                 : ll_advEndCauses_PATCH.o (.text)
llEventInRange            $Tramp$TT$L$PI$$llEventInRange
   100086f1     0001b84c     00013b74   CC2640Stack.a : ll_slaveEndCauses_PATCH.o (.text)
                             00013b94                 : ll_slaveEndCauses_PATCH.o (.text)
llCheckForLstoDuringSL    $Tramp$TT$L$PI$$llCheckForLstoDuringSL
   1000c1b5     0001b854     00013b52   CC2640Stack.a : ll_slaveEndCauses_PATCH.o (.text)
llConnTerminate           $Tramp$TT$L$PI$$llConnTerminate
   10008631     0001b85c     00013a90   CC2640Stack.a : ll_slaveEndCauses_PATCH.o (.text)
                             00013d6e                 : ll_slaveEndCauses_PATCH.o (.text)
                             00013e52                 : ll_slaveEndCauses_PATCH.o (.text)
                             00018c30                 : ll_advEndCauses_PATCH.o (.text)
HCI_DisconnectCmd         $Tramp$TT$L$PI$$HCI_DisconnectCmd
   10009525     0001b864     0001298e   CC2640Stack.a : gap_linkmgr.o (.text)
                             00012e7e                 : gap_linkmgr.o (.text)
llSetupRejectInd          $Tramp$TT$L$PI$$llSetupRejectInd
   10007df5     0001b86c     0001282e   CC2640Stack.a : ll_common_PATCH.o (.text)
                             00013f98                 : ll_slaveEndCauses_PATCH.o (.text)
llTimeDelta               $Tramp$TT$L$PI$$llTimeDelta
   1000d8f5     0001b874     00012636   CC2640Stack.a : ll_common_PATCH.o (.text)
                             000151b0                 : ll_sleep.o (.text)
                             0001532c                 : ll_sleep.o (.text)
LL_RX_bm_alloc            $Tramp$TT$L$PI$$LL_RX_bm_alloc
   1000556d     0001b87c     00012566   CC2640Stack.a : ll_common_PATCH.o (.text)
                             000176e8                 : ll_isr.o (.text)
                             0001831a                 : ble_PATCH.o (.text)
HCI_bm_alloc              $Tramp$TT$L$PI$$HCI_bm_alloc
   100094a1     0001b884     0001248c   CC2640Stack.a : ll_common_PATCH.o (.text)
                             000168d6                 : l2cap_util.o (.text)
llTimeCompare             $Tramp$TT$L$PI$$llTimeCompare
   1000d8c9     0001b88c     000123c2   CC2640Stack.a : ll_common_PATCH.o (.text)
                             00012618                 : ll_common_PATCH.o (.text)
llReleaseConnId           $Tramp$TT$L$PI$$llReleaseConnId
   10008429     0001b894     00012310   CC2640Stack.a : ll_common_PATCH.o (.text)
LL_ENC_Encrypt            $Tramp$TT$L$PI$$LL_ENC_Encrypt
   1000b965     0001b89c     000121d2   CC2640Stack.a : ll_common_PATCH.o (.text)
                             00012884                 : ll_common_PATCH.o (.text)
LL_TX_bm_alloc            $Tramp$TT$L$PI$$LL_TX_bm_alloc
   10005549     0001b8a4     00012192   CC2640Stack.a : ll_common_PATCH.o (.text)
                             0001284c                 : ll_common_PATCH.o (.text)
llEventDelta              $Tramp$TT$L$PI$$llEventDelta
   10008719     0001b8ac     00012042   CC2640Stack.a : ll_common_PATCH.o (.text)
                             000127ee                 : ll_common_PATCH.o (.text)
                             00013bb2                 : ll_slaveEndCauses_PATCH.o (.text)
                             00013bfe                 : ll_slaveEndCauses_PATCH.o (.text)
HCI_ReadRemoteVersionInfoCmd  $Tramp$TT$L$PI$$HCI_ReadRemoteVersionInfoCmd
   10009541     0001b8b4     00010aee   bleDispatch.obj (.text)
HCI_SetEventMaskCmd       $Tramp$TT$L$PI$$HCI_SetEventMaskCmd
   10009571     0001b8bc     00010ae6   bleDispatch.obj (.text)
HCI_ReadTransmitPowerLevelCmd  $Tramp$TT$L$PI$$HCI_ReadTransmitPowerLevelCmd
   100095d1     0001b8c4     00010ad8   bleDispatch.obj (.text)
HCI_ReadLocalSupportedFeaturesCmd  $Tramp$TT$L$PI$$HCI_ReadLocalSupportedFeaturesCmd
   1000973d     0001b8cc     00010aba   bleDispatch.obj (.text)
HCI_ReadBDADDRCmd         $Tramp$TT$L$PI$$HCI_ReadBDADDRCmd
   10009765     0001b8d4     00010ab4   bleDispatch.obj (.text)
                             00018720   CC2640Stack.a : gap_configmgr.o (.text)
HCI_ReadRssiCmd           $Tramp$TT$L$PI$$HCI_ReadRssiCmd
   1000978d     0001b8dc     00010aae   bleDispatch.obj (.text)
HCI_LE_ReadLocalSupportedFeaturesCmd  $Tramp$TT$L$PI$$HCI_LE_ReadLocalSupportedFeaturesCmd
   10009829     0001b8e4     00010a9e   bleDispatch.obj (.text)
HCI_LE_ReadAdvChanTxPowerCmd  $Tramp$TT$L$PI$$HCI_LE_ReadAdvChanTxPowerCmd
   100098f5     0001b8ec     00010a98   bleDispatch.obj (.text)
HCI_LE_ReadWhiteListSizeCmd  $Tramp$TT$L$PI$$HCI_LE_ReadWhiteListSizeCmd
   100099c9     0001b8f4     00010a92   bleDispatch.obj (.text)
HCI_LE_ClearWhiteListCmd  $Tramp$TT$L$PI$$HCI_LE_ClearWhiteListCmd
   100099f9     0001b8fc     00010a8c   bleDispatch.obj (.text)
                             000117d4   gapbondmgr.obj (.text)
HCI_LE_AddWhiteListCmd    $Tramp$TT$L$PI$$HCI_LE_AddWhiteListCmd
   10009a15     0001b904     00010a86   bleDispatch.obj (.text)
                             000117ec   gapbondmgr.obj (.text)
HCI_LE_RemoveWhiteListCmd  $Tramp$TT$L$PI$$HCI_LE_RemoveWhiteListCmd
   10009a31     0001b90c     00010a7c   bleDispatch.obj (.text)
HCI_LE_ReadChannelMapCmd  $Tramp$TT$L$PI$$HCI_LE_ReadChannelMapCmd
   10009aa1     0001b914     00010a72   bleDispatch.obj (.text)
HCI_LE_EncryptCmd         $Tramp$TT$L$PI$$HCI_LE_EncryptCmd
   10009af5     0001b91c     00010a62   bleDispatch.obj (.text)
HCI_LE_ReadSupportedStatesCmd  $Tramp$TT$L$PI$$HCI_LE_ReadSupportedStatesCmd
   10009c15     0001b924     00010a58   bleDispatch.obj (.text)
HCI_LE_TestEndCmd         $Tramp$TT$L$PI$$HCI_LE_TestEndCmd
   10009c8d     0001b92c     00010a3e   bleDispatch.obj (.text)
HCI_EXT_SetTxPowerCmd     $Tramp$TT$L$PI$$HCI_EXT_SetTxPowerCmd
   10009d09     0001b934     00010a38   bleDispatch.obj (.text)
HCI_EXT_OnePktPerEvtCmd   $Tramp$TT$L$PI$$HCI_EXT_OnePktPerEvtCmd
   10009d45     0001b93c     00010a30   bleDispatch.obj (.text)
HCI_EXT_DecryptCmd        $Tramp$TT$L$PI$$HCI_EXT_DecryptCmd
   10009dd1     0001b944     00010a28   bleDispatch.obj (.text)
HCI_EXT_SetLocalSupportedFeaturesCmd  $Tramp$TT$L$PI$$HCI_EXT_SetLocalSupportedFeaturesCmd
   10009e2d     0001b94c     00010a1e   bleDispatch.obj (.text)
HCI_EXT_SetFastTxResponseTimeCmd  $Tramp$TT$L$PI$$HCI_EXT_SetFastTxResponseTimeCmd
   10009e4d     0001b954     00010a16   bleDispatch.obj (.text)
HCI_EXT_ModemTestTxCmd    $Tramp$TT$L$PI$$HCI_EXT_ModemTestTxCmd
   10009e8d     0001b95c     00010a0e   bleDispatch.obj (.text)
HCI_EXT_ModemHopTestTxCmd  $Tramp$TT$L$PI$$HCI_EXT_ModemHopTestTxCmd
   10009ead     0001b964     00010a04   bleDispatch.obj (.text)
HCI_EXT_ModemTestRxCmd    $Tramp$TT$L$PI$$HCI_EXT_ModemTestRxCmd
   10009ecd     0001b96c     000109fe   bleDispatch.obj (.text)
HCI_EXT_EndModemTestCmd   $Tramp$TT$L$PI$$HCI_EXT_EndModemTestCmd
   10009eed     0001b974     000109f6   bleDispatch.obj (.text)
HCI_EXT_SetBDADDRCmd      $Tramp$TT$L$PI$$HCI_EXT_SetBDADDRCmd
   10009f0d     0001b97c     000109f0   bleDispatch.obj (.text)
HCI_EXT_SetSCACmd         $Tramp$TT$L$PI$$HCI_EXT_SetSCACmd
   10009f49     0001b984     000109e8   bleDispatch.obj (.text)
HCI_EXT_EnablePTMCmd      $Tramp$TT$L$PI$$HCI_EXT_EnablePTMCmd
   10009f69     0001b98c     000109e0   bleDispatch.obj (.text)
HCI_EXT_SetMaxDtmTxPowerCmd  $Tramp$TT$L$PI$$HCI_EXT_SetMaxDtmTxPowerCmd
   10009fd1     0001b994     000109da   bleDispatch.obj (.text)
HCI_EXT_DisconnectImmedCmd  $Tramp$TT$L$PI$$HCI_EXT_DisconnectImmedCmd
   1000a011     0001b99c     000109d2   bleDispatch.obj (.text)
HCI_EXT_PacketErrorRateCmd  $Tramp$TT$L$PI$$HCI_EXT_PacketErrorRateCmd
   1000a031     0001b9a4     000109ca   bleDispatch.obj (.text)
HCI_EXT_PERbyChanCmd      $Tramp$TT$L$PI$$HCI_EXT_PERbyChanCmd
   1000a075     0001b9ac     000109c0   bleDispatch.obj (.text)
HCI_EXT_AdvEventNoticeCmd  $Tramp$TT$L$PI$$HCI_EXT_AdvEventNoticeCmd
   1000a0f1     0001b9b4     000109b6   bleDispatch.obj (.text)
HCI_EXT_SetSlaveLatencyOverrideCmd  $Tramp$TT$L$PI$$HCI_EXT_SetSlaveLatencyOverrideCmd
   10009e6d     0001b9bc     000109a0   bleDispatch.obj (.text)
HCI_EXT_BuildRevisionCmd  $Tramp$TT$L$PI$$HCI_EXT_BuildRevisionCmd
   1000a109     0001b9c4     00010998   bleDispatch.obj (.text)
HCI_EXT_NumComplPktsLimitCmd  $Tramp$TT$L$PI$$HCI_EXT_NumComplPktsLimitCmd
   1000a1b5     0001b9cc     00010978   bleDispatch.obj (.text)
llFreeTask                $Tramp$TT$L$PI$$llFreeTask
   1000abed     0001b9d4     0000feda   CC2640Stack.a : ll_PATCH.o (.text)
                             00012316                 : ll_common_PATCH.o (.text)
                             00018a56                 : ll_advEndCauses_PATCH.o (.text)
llGetNumTasks             $Tramp$TT$L$PI$$llGetNumTasks
   1000ace1     0001b9dc     0000feaa   CC2640Stack.a : ll_PATCH.o (.text)
llScheduler               $Tramp$TT$L$PI$$llScheduler
   1000a335     0001b9e4     0000fe92   CC2640Stack.a : ll_PATCH.o (.text)
                             0000feea                 : ll_PATCH.o (.text)
                             00013af4                 : ll_slaveEndCauses_PATCH.o (.text)
                             00018d2a                 : ll_advEndCauses_PATCH.o (.text)
llSetupAdv                $Tramp$TT$L$PI$$llSetupAdv
   100073e5     0001b9ec     0000fe56   CC2640Stack.a : ll_PATCH.o (.text)
llGetActiveTasks          $Tramp$TT$L$PI$$llGetActiveTasks
   1000aca9     0001b9f4     0000fe26   CC2640Stack.a : ll_PATCH.o (.text)
LL_DirectTestEndDoneCback  $Tramp$TT$L$PI$$LL_DirectTestEndDoneCback
   10009471     0001b9fc     0000fcec   CC2640Stack.a : ll_PATCH.o (.text)
llRfStartFS               $Tramp$TT$L$PI$$llRfStartFS
   10007269     0001ba04     0000fa7c   CC2640Stack.a : ll_PATCH.o (.text)
llWriteTxData             $Tramp$TT$L$PI$$llWriteTxData
   100087c9     0001ba0c     0000fa06   CC2640Stack.a : ll_PATCH.o (.text)
                             00012476                 : ll_common_PATCH.o (.text)
HCI_DataBufferOverflowEvent  $Tramp$TT$L$PI$$HCI_DataBufferOverflowEvent
   10008a2d     0001ba14     0000f9d4   CC2640Stack.a : ll_PATCH.o (.text)
llEnqueueCtrlPkt          $Tramp$TT$L$PI$$llEnqueueCtrlPkt
   100080bd     0001ba1c     0000f8a8   CC2640Stack.a : ll_PATCH.o (.text)
                             000181b8                 : ble_PATCH.o (.text)
                             00018258                 : ble_PATCH.o (.text)
LL_ConnActive             $Tramp$TT$L$PI$$LL_ConnActive
   1000678d     0001ba24     0000f7b4   CC2640Stack.a : ll_PATCH.o (.text)
                             0000f804                 : ll_PATCH.o (.text)
                             0000f842                 : ll_PATCH.o (.text)
                             0000f87c                 : ll_PATCH.o (.text)
                             0000f9a4                 : ll_PATCH.o (.text)
                             0000ff3c                 : ll_PATCH.o (.text)
llReleaseAllConnId        $Tramp$TT$L$PI$$llReleaseAllConnId
   10008461     0001ba2c     0000f6ee   CC2640Stack.a : ll_PATCH.o (.text)
LL_ClearWhiteList         $Tramp$TT$L$PI$$LL_ClearWhiteList
   10005719     0001ba34     0000f68a   CC2640Stack.a : ll_PATCH.o (.text)
LL_ENC_Init               $Tramp$TT$L$PI$$LL_ENC_Init
   1000b4c9     0001ba3c     0000f686   CC2640Stack.a : ll_PATCH.o (.text)
                             0001552e                 : ll_sleep.o (.text)
WL_Init                   $Tramp$TT$L$PI$$WL_Init
   1000d189     0001ba44     0000f682   CC2640Stack.a : ll_PATCH.o (.text)
llHaltRadio               $Tramp$TT$L$PI$$llHaltRadio
   1000720d     0001ba4c     0000f656   CC2640Stack.a : ll_PATCH.o (.text)
                             0000fca0                 : ll_PATCH.o (.text)
                             0000fec4                 : ll_PATCH.o (.text)
                             00012628                 : ll_common_PATCH.o (.text)
HCI_HardwareErrorEvent    $Tramp$TT$L$PI$$HCI_HardwareErrorEvent
   10008bf5     0001ba54     0000f602   CC2640Stack.a : ll_PATCH.o (.text)
                             0000f9f6                 : ll_PATCH.o (.text)
                             00012498                 : ll_common_PATCH.o (.text)
                             000125a2                 : ll_common_PATCH.o (.text)
                             000128be                 : ll_common_PATCH.o (.text)
LL_ConnectionCompleteCback  $Tramp$TT$L$PI$$LL_ConnectionCompleteCback
   10008ead     0001ba5c     0000f568   CC2640Stack.a : ll_PATCH.o (.text)
                             0000f5ba                 : ll_PATCH.o (.text)
                             0000f5ce                 : ll_PATCH.o (.text)
llGetCurrentTask          $Tramp$TT$L$PI$$llGetCurrentTask
   1000ac3d     0001ba64     0000f536   CC2640Stack.a : ll_PATCH.o (.text)
                             0000feb2                 : ll_PATCH.o (.text)
                             0001261e                 : ll_common_PATCH.o (.text)
                             00015316                 : ll_sleep.o (.text)
                             0001545a                 : ll_sleep.o (.text)
                             0001546e                 : ll_sleep.o (.text)
LL_ENC_GenerateTrueRandNum  $Tramp$TT$L$PI$$LL_ENC_GenerateTrueRandNum
   1000b51d     0001ba6c     0000f500   CC2640Stack.a : ll_PATCH.o (.text)
llInitRAT                 $Tramp$TT$L$PI$$llInitRAT
   1000d8b5     0001ba74     0000f4dc   CC2640Stack.a : ll_PATCH.o (.text)
llGetCurrentTime          $Tramp$TT$L$PI$$llGetCurrentTime
   1000d8c1     0001ba7c     0000f4ce   CC2640Stack.a : ll_PATCH.o (.text)
                             0000f4d4                 : ll_PATCH.o (.text)
                             0000fe72                 : ll_PATCH.o (.text)
                             000125f6                 : ll_common_PATCH.o (.text)
                             00014f9e                 : ll_sleep.o (.text)
                             000151aa                 : ll_sleep.o (.text)
                             00015324                 : ll_sleep.o (.text)
                             000153aa                 : ll_sleep.o (.text)
llSetupRfHal              $Tramp$TT$L$PI$$llSetupRfHal
   1000ad6d     0001ba84     0000f4aa   CC2640Stack.a : ll_PATCH.o (.text)
llSetupMailbox            $Tramp$TT$L$PI$$llSetupMailbox
   1000ad21     0001ba8c     0000f4a6   CC2640Stack.a : ll_PATCH.o (.text)
                             0000f664                 : ll_PATCH.o (.text)
                             0000fcf0                 : ll_PATCH.o (.text)
llResetRadio              $Tramp$TT$L$PI$$llResetRadio
   10007201     0001ba94     0000f498   CC2640Stack.a : ll_PATCH.o (.text)
                             00017426                 : ll_isr.o (.text)

[116 trampolines]
[199 trampoline calls]


GLOBAL SYMBOLS: SORTED ALPHABETICALLY BY Name 

address   name                                  
-------   ----                                  
10014c00  A1_rw                                 
10005000  A1_rw_1                               
10019ffe  A2_rw                                 
1000dffe  A2_rw_1                               
10019ffc  A3_rw                                 
1000dffc  A3_rw_1                               
20004f2c  A4_rw                                 
200048e8  A4_rw_1                               
20004f7c  ACCX                                  
20004f80  ACCY                                  
20004f84  ACCZ                                  
10015229  ATOMICPATTERN                         
0001694b  ATT_BuildErrorRsp                     
0001697b  ATT_BuildExchangeMTUReq               
00016987  ATT_BuildExchangeMTURsp               
00016c9b  ATT_BuildExecuteWriteReq              
00016a13  ATT_BuildFindByTypeValueReq           
00016a6f  ATT_BuildFindByTypeValueRsp           
000169ad  ATT_BuildFindInfoReq                  
000169b9  ATT_BuildFindInfoRsp                  
00016cbf  ATT_BuildHandleValueInd               
00016c21  ATT_BuildPrepareWriteReq              
00016c4b  ATT_BuildPrepareWriteRsp              
00016b6f  ATT_BuildReadBlobReq                  
00016bad  ATT_BuildReadBlobRsp                  
00016be5  ATT_BuildReadByGrpTypeRsp             
00016a89  ATT_BuildReadByTypeReq                
00016af5  ATT_BuildReadByTypeRsp                
00016bbf  ATT_BuildReadMultiReq                 
00016bdf  ATT_BuildReadMultiRsp                 
00016b17  ATT_BuildReadReq                      
00016b33  ATT_BuildReadRsp                      
00016b63  ATT_BuildWriteReq                     
00016d8d  ATT_CompareUUID                       
00016ddd  ATT_ConvertUUIDto128                  
00016e05  ATT_ConvertUUIDto16                   
0001a54f  ATT_ErrorRsp                          
0001a561  ATT_ExchangeMTURsp                    
0001a693  ATT_ExecuteWriteRsp                   
0001a5a9  ATT_FindByTypeValueRsp                
0001a579  ATT_FindInfoRsp                       
00016e6d  ATT_GetMTU                            
00016e8d  ATT_GetParamValue                     
0001a6b5  ATT_HandleValueInd                    
0001a69f  ATT_HandleValueNoti                   
0001695d  ATT_ParseErrorRsp                     
0001697d  ATT_ParseExchangeMTUReq               
00016997  ATT_ParseExchangeMTURsp               
00016ca3  ATT_ParseExecuteWriteReq              
00016cb5  ATT_ParseExecuteWriteRsp              
00016a2d  ATT_ParseFindByTypeValueReq           
00016a77  ATT_ParseFindByTypeValueRsp           
000169af  ATT_ParseFindInfoReq                  
000169d1  ATT_ParseFindInfoRsp                  
00016cff  ATT_ParseHandleValueCfm               
00016cd3  ATT_ParseHandleValueInd               
000168f1  ATT_ParsePacket                       
00016c23  ATT_ParsePrepareWriteReq              
00016c69  ATT_ParsePrepareWriteRsp              
00016b89  ATT_ParseReadBlobReq                  
00016bb1  ATT_ParseReadBlobRsp                  
00016bf7  ATT_ParseReadByGrpTypeRsp             
00016ab9  ATT_ParseReadByTypeReq                
00016af7  ATT_ParseReadByTypeRsp                
00016bc7  ATT_ParseReadMultiReq                 
00016be3  ATT_ParseReadMultiRsp                 
00016b19  ATT_ParseReadReq                      
00016b37  ATT_ParseReadRsp                      
00016b39  ATT_ParseWriteReq                     
00016b65  ATT_ParseWriteRsp                     
0001a679  ATT_PrepareWriteRsp                   
0001a611  ATT_ReadBlobRsp                       
0001a64b  ATT_ReadByGrpTypeRsp                  
0001a5c9  ATT_ReadByTypeRsp                     
0001a62d  ATT_ReadMultiRsp                      
0001a5f5  ATT_ReadRsp                           
0001a549  ATT_RegisterServer                    
00016e8b  ATT_SetParamValue                     
00016e43  ATT_UpdateMTU                         
0001a66d  ATT_WriteRsp                          
10016c29  AddRoundKeySubBytes_Sw                
10018a19  AesCcm_authEncrypt_Sw                 
10018a35  AesCcm_decryptAuth_Sw                 
10018b09  AesCcm_getNumBlocks_Sw                
10018ac5  Aes_decrypt_Sw                        
10018a99  Aes_encrypt_Sw                        
20004f2c  COMMON_RAM_BASE_ADDR                  
10014c01  COMMON_ROM_BASE_ADDR                  
10015a6d  COPY                                  
10017959  ECC_allocWorkzone                     
10017dbd  ECC_keyGen                            
10017961  ECC_setWin                            
10017ded  ECDH_commonKey                        
10017969  ECDSA_sign                            
10017b01  ECDSA_verif                           
10015a11  EXPORTOPERAND                         
20004f78  EXPW                                  
20004f6c  EXPX                                  
20004f70  EXPY                                  
20004f74  EXPZ                                  
10016f58  FFMult2                               
10017058  FFMult3                               
10016d05  FFMult_Sw                             
10018d6c  Fill1                                 
1000d9ec  Fill1_1                               
00011ed9  GAPBondMgr_LinkEst                    
00011b75  GAPBondMgr_LinkTerm                   
00011d39  GAPBondMgr_ProcessEvent               
00011bc9  GAPBondMgr_ProcessGAPMsg              
00011603  GAPBondMgr_ResolveAddr                
00011779  GAPBondMgr_UpdateCharCfg              
00012a57  GAP_Authenticate                      
00012b8d  GAP_Bond                              
00018771  GAP_ConfigDeviceAddr                  
00015ce9  GAP_EndDiscoverable                   
00015d99  GAP_GetAdvToken                       
000186f9  GAP_GetParamValue                     
00019c1f  GAP_Init                              
00015bdd  GAP_MakeDiscoverable                  
00019cfb  GAP_NumActiveConnections              
0001870b  GAP_ParamsInit                        
00012b41  GAP_PasscodeUpdate                    
00012b0f  GAP_PasskeyUpdate                     
0001ace5  GAP_PeriConnRegister                  
00015ddd  GAP_PeriDevMgrInit                    
00019c35  GAP_ProcessEvent                      
00019c19  GAP_RegisterForMsgs                   
00015db5  GAP_RemoveAdvToken                    
0001b155  GAP_ResolvePrivateAddr                
00018733  GAP_SecParamsInit                     
0001acad  GAP_SendSlaveSecurityRequest          
00015d35  GAP_SetAdvToken                       
000186dd  GAP_SetParamValue                     
00012a0f  GAP_Signable                          
00012af1  GAP_TerminateAuth                     
00012925  GAP_TerminateLinkReq                  
00015dc9  GAP_UpdateAdvTokens                   
00015c7b  GAP_UpdateAdvertisingData             
0001299f  GAP_UpdateLinkParamReq                
0000e501  GATTServApp_AddService                
0000e517  GATTServApp_DelService                
0000e3a9  GATTServApp_DeregisterService         
0000f1bf  GATTServApp_GetParamValue             
0000e44b  GATTServApp_GetParameter              
0000e2c9  GATTServApp_Init                      
0001b535  GATTServApp_InitCharCfg               
0000e317  GATTServApp_ProcessEvent              
0000ef41  GATTServApp_ReadAttr                  
0001b525  GATTServApp_ReadCharCfg               
0000e2c1  GATTServApp_RegisterForMsg            
0000e355  GATTServApp_RegisterService           
0000f239  GATTServApp_SendCCCUpdatedEvent       
0000f1bd  GATTServApp_SetParamValue             
0000e3eb  GATTServApp_SetParameter              
20004808  GATTServApp_TaskID                    
0000f1c3  GATTServApp_UpdateCharCfg             
0000f135  GATTServApp_WriteAttr                 
000193b7  GATT_AppCompletedMsg                  
00010c63  GATT_DeregisterService                
00010e01  GATT_FindHandle                       
00010da5  GATT_FindHandleUUID                   
00010e49  GATT_FindNextAttr                     
0001aa35  GATT_FindUUIDRec                      
00011529  GATT_GetNextHandle                    
00010f9d  GATT_Indication                       
000193df  GATT_Init                             
00010b65  GATT_InitServer                       
00010ff7  GATT_Notification                     
00019549  GATT_NotifyEvent                      
000193fd  GATT_ProcessEvent                     
000193a5  GATT_RegisterForMsgs                  
00010ca3  GATT_RegisterForReq                   
00010bcb  GATT_RegisterService                  
00010ee9  GATT_SendRsp                          
00010d33  GATT_ServiceChangedInd                
00010ed9  GATT_ServiceEncKeySize                
00010ecd  GATT_ServiceNumAttrs                  
000193ab  GATT_SetHostToAppFlowCtrl             
00011527  GATT_SetNextHandle                    
0001955d  GATT_UpdateMTU                        
00010cab  GATT_VerifyReadPermissions            
00010ce1  GATT_VerifyWritePermissions           
00019609  GATT_bm_alloc                         
00019681  GATT_bm_free                          
10015141  GETBIT                                
10015155  GETDIGIT                              
100151a5  GETDIGITL2R                           
0001914d  GGS_AddService                        
00019165  GGS_DelService                        
00019149  GGS_GetParamValue                     
00019111  GGS_GetParameter                      
00019179  GGS_RegisterAppCBs                    
00019147  GGS_SetParamValue                     
00019091  GGS_SetParameter                      
10008add  HCI_CommandCompleteEvent              
10008ba1  HCI_CommandStatusEvent                
10008a2d  HCI_DataBufferOverflowEvent           
10009525  HCI_DisconnectCmd                     
1000a0f1  HCI_EXT_AdvEventNoticeCmd             
1000a109  HCI_EXT_BuildRevisionCmd              
10009d79  HCI_EXT_ClkDivOnHaltCmd               
0001988f  HCI_EXT_ConnEventNoticeCmd            
10009dad  HCI_EXT_DeclareNvUsageCmd             
10009dd1  HCI_EXT_DecryptCmd                    
0001986b  HCI_EXT_DelaySleepCmd                 
1000a011  HCI_EXT_DisconnectImmedCmd            
10009f69  HCI_EXT_EnablePTMCmd                  
10009eed  HCI_EXT_EndModemTestCmd               
1000a095  HCI_EXT_ExtendRfRangeCmd              
00019707  HCI_EXT_GetConnInfoCmd                
1000a0d1  HCI_EXT_HaltDuringRfCmd               
10009ff1  HCI_EXT_MapPmIoPortCmd                
10009ead  HCI_EXT_ModemHopTestTxCmd             
10009ecd  HCI_EXT_ModemTestRxCmd                
10009e8d  HCI_EXT_ModemTestTxCmd                
1000a1b5  HCI_EXT_NumComplPktsLimitCmd          
10009d45  HCI_EXT_OnePktPerEvtCmd               
1000a195  HCI_EXT_OverlappedProcessingCmd       
1000a075  HCI_EXT_PERbyChanCmd                  
1000a031  HCI_EXT_PacketErrorRateCmd            
0001983d  HCI_EXT_ResetSystemCmd                
10009fb1  HCI_EXT_SaveFreqTuneCmd               
10009f0d  HCI_EXT_SetBDADDRCmd                  
10009e4d  HCI_EXT_SetFastTxResponseTimeCmd      
10009f81  HCI_EXT_SetFreqTuneCmd                
10009e2d  HCI_EXT_SetLocalSupportedFeaturesCmd  
10009fd1  HCI_EXT_SetMaxDtmTxPowerCmd           
10009cd5  HCI_EXT_SetRxGainCmd                  
10009f49  HCI_EXT_SetSCACmd                     
10009e6d  HCI_EXT_SetSlaveLatencyOverrideCmd    
10009d09  HCI_EXT_SetTxPowerCmd                 
0001b2b9  HCI_ExtTaskRegister                   
0001b2a7  HCI_GAPTaskRegister                   
10008bf5  HCI_HardwareErrorEvent                
10009631  HCI_HostBufferSizeCmd                 
1000965d  HCI_HostNumCompletedPktCmd            
0001b251  HCI_Init                              
0001b2ad  HCI_L2CAPTaskRegister                 
10009a15  HCI_LE_AddWhiteListCmd                
100099f9  HCI_LE_ClearWhiteListCmd              
0001982d  HCI_LE_ConnUpdateCmd                  
1000999d  HCI_LE_CreateConnCancelCmd            
1000995d  HCI_LE_CreateConnCmd                  
10009af5  HCI_LE_EncryptCmd                     
10009be1  HCI_LE_LtkReqNegReplyCmd              
10009bc5  HCI_LE_LtkReqReplyCmd                 
10009b51  HCI_LE_RandCmd                        
100098f5  HCI_LE_ReadAdvChanTxPowerCmd          
00019789  HCI_LE_ReadBufSizeCmd                 
10009aa1  HCI_LE_ReadChannelMapCmd              
10009829  HCI_LE_ReadLocalSupportedFeaturesCmd  
000197b7  HCI_LE_ReadRemoteUsedFeaturesCmd      
10009c15  HCI_LE_ReadSupportedStatesCmd         
100099c9  HCI_LE_ReadWhiteListSizeCmd           
000197f3  HCI_LE_ReceiverTestCmd                
10009a31  HCI_LE_RemoveWhiteListCmd             
100098a1  HCI_LE_SetAdvDataCmd                  
100098d9  HCI_LE_SetAdvEnableCmd                
1000986d  HCI_LE_SetAdvParamCmd                 
00019893  HCI_LE_SetEventMaskCmd                
10009a85  HCI_LE_SetHostChanClassificationCmd   
10009849  HCI_LE_SetRandomAddressCmd            
10009941  HCI_LE_SetScanEnableCmd               
10009915  HCI_LE_SetScanParamCmd                
100098bd  HCI_LE_SetScanRspDataCmd              
10009ba9  HCI_LE_StartEncyptCmd                 
10009c8d  HCI_LE_TestEndCmd                     
000197e1  HCI_LE_TransmitterTestCmd             
00018eb9  HCI_NumOfCompletedPacketsEvent        
0001b26f  HCI_ProcessEvent                      
10009765  HCI_ReadBDADDRCmd                     
000196f3  HCI_ReadLocalSupportedCommandsCmd     
1000973d  HCI_ReadLocalSupportedFeaturesCmd     
000198c9  HCI_ReadLocalVersionInfoCmd           
10009541  HCI_ReadRemoteVersionInfoCmd          
1000978d  HCI_ReadRssiCmd                       
100095d1  HCI_ReadTransmitPowerLevelCmd         
000196d1  HCI_ResetCmd                          
1000d7cd  HCI_ReverseBytes                      
0001b2b3  HCI_SMPTaskRegister                   
10008c81  HCI_SendCommandCompleteEvent          
10008c59  HCI_SendCommandStatusEvent            
10008d31  HCI_SendControllerToHostEvent         
100094e9  HCI_SendDataPkt                       
100095f5  HCI_SetControllerToHostFlowCtrlCmd    
10009571  HCI_SetEventMaskCmd                   
00019805  HCI_SetEventMaskPage2Cmd              
0001b2a1  HCI_TestAppTaskRegister               
00019695  HCI_ValidConnTimeParams               
0001900b  HCI_VendorSpecifcCommandCompleteEvent 
100094a1  HCI_bm_alloc                          
0001b569  HalFlashGetAddress                    
0001b583  HalFlashRead                          
0001b3e9  HalTRNG_GetTRNG                       
0001b3b9  HalTRNG_InitTRNG                      
2000484c  ICall_dispatcher                      
20004850  ICall_enterCriticalSection            
20004854  ICall_leaveCriticalSection            
10015a35  IMPORTDATA                            
100159a9  IMPORTLENGTH                          
100159ad  IMPORTMODULUS                         
100159d1  IMPORTOPERAND                         
1001568d  INVERT                                
10016da1  InvAddRoundKey_Sw                     
10016ed5  InvMixColumns_Sw                      
10016dc9  InvRoundKey_Sw                        
10017264  InvSbox                               
10016ea1  InvShiftRows_Sw                       
10016e8d  InvSubBytes_Sw                        
100154f5  JACADD                                
000164e7  L2CAP_BuildCmdReject                  
000165ff  L2CAP_BuildInfoRsp                    
000165cb  L2CAP_BuildParamUpdateRsp             
0001a949  L2CAP_CmdReject                       
0001a96b  L2CAP_ConnParamUpdateReq              
0001a983  L2CAP_ConnParamUpdateRsp              
0001a9f1  L2CAP_GetMTU                          
000168ed  L2CAP_GetParamValue                   
0001a9cf  L2CAP_HostNumCompletedPkts            
0001a957  L2CAP_InfoReq                         
00019e9d  L2CAP_Init                            
000165e7  L2CAP_ParseInfoReq                    
00016591  L2CAP_ParseParamUpdateReq             
00019eff  L2CAP_ProcessEvent                    
0001a8bd  L2CAP_RegisterApp                     
0001a8e7  L2CAP_SendData                        
0001a9e5  L2CAP_SetBufSize                      
0001a995  L2CAP_SetControllerToHostFlowCtrl     
000168eb  L2CAP_SetParamValue                   
0001aa19  L2CAP_SetUserConfig                   
000168d1  L2CAP_bm_alloc                        
20004fe8  LEN                                   
10005739  LL_AddWhiteListDevice                 
10008d81  LL_AdvReportCback                     
00018f97  LL_AuthPayloadTimeoutExpiredCback     
10005719  LL_ClearWhiteList                     
1000678d  LL_ConnActive                         
00018db3  LL_ConnParamUpdateCback               
10008ead  LL_ConnectionCompleteCback            
100066c5  LL_CreateConnCancel                   
100058d5  LL_CtrlToHostFlowControl              
0000fc8b  LL_DirectTestEnd                      
10009471  LL_DirectTestEndDoneCback             
0000fbc1  LL_DirectTestRxTest                   
0000facf  LL_DirectTestTxTest                   
10005a39  LL_Disconnect                         
10009005  LL_DisconnectCback                    
1000b639  LL_ENC_AES128_Decrypt                 
1000b5f5  LL_ENC_AES128_Encrypt                 
1000b9dd  LL_ENC_Decrypt                        
1000b851  LL_ENC_DecryptMsg                     
1000b965  LL_ENC_Encrypt                        
1000b721  LL_ENC_EncryptMsg                     
1000b555  LL_ENC_GenDeviceIV                    
1000b541  LL_ENC_GenDeviceSKD                   
1000b569  LL_ENC_GenerateNonce                  
1000b50d  LL_ENC_GeneratePseudoRandNum          
1000b51d  LL_ENC_GenerateTrueRandNum            
1000b4c9  LL_ENC_Init                           
1000b58d  LL_ENC_LoadKey                        
1000b4ed  LL_ENC_ReverseBytes                   
10007025  LL_EXT_AdvEventNotice                 
0000ff53  LL_EXT_BuildRevision                  
10006b7d  LL_EXT_ClkDivOnHalt                   
0000ff35  LL_EXT_ConnEventNotice                
10006b81  LL_EXT_DeclareNvUsage                 
10006b85  LL_EXT_Decrypt                        
100070a1  LL_EXT_DelaySleep                     
10006f4d  LL_EXT_DisconnectImmed                
10006dd1  LL_EXT_EndModemTest                   
1000701d  LL_EXT_ExtendRfRange                  
1000a2ad  LL_EXT_ExtendRfRangeCback             
0000f74d  LL_EXT_GetConnInfo                    
10007021  LL_EXT_HaltDuringRf                   
10006f49  LL_EXT_MapPmIoPort                    
0000fd01  LL_EXT_ModemHopTestTx                 
0000fa4d  LL_EXT_ModemTestRx                    
10006c01  LL_EXT_ModemTestTx                    
1000710d  LL_EXT_NumComplPktsLimit              
10006b59  LL_EXT_OnePacketPerEvent              
10007109  LL_EXT_OverlappedProcessing           
10006fed  LL_EXT_PERbyChan                      
10006f99  LL_EXT_PacketErrorRate                
1000a259  LL_EXT_PacketErrorRateCback           
100070d5  LL_EXT_ResetSystem                    
10006efd  LL_EXT_SaveFreqTune                   
10006e01  LL_EXT_SetBDADDR                      
10006bc5  LL_EXT_SetFastTxResponseTime          
10006ef9  LL_EXT_SetFreqTune                    
0000f8c7  LL_EXT_SetLocalSupportedFeatures      
0000f92f  LL_EXT_SetMaxDtmTxPower               
10006ad9  LL_EXT_SetRxGain                      
1000a201  LL_EXT_SetRxGainCback                 
10006e85  LL_EXT_SetSCA                         
10006bdd  LL_EXT_SetSlaveLatencyOverride        
0000f8f7  LL_EXT_SetTxPower                     
1000a211  LL_EXT_SetTxPowerCback                
1000933d  LL_EncChangeCback                     
100093dd  LL_EncKeyRefreshCback                 
0000f83f  LL_EncLtkNegReply                     
0000f7f9  LL_EncLtkReply                        
1000925d  LL_EncLtkReqCback                     
100057d5  LL_Encrypt                            
0000ff21  LL_GetNumActiveConns                  
0000f27d  LL_Init                               
100057b9  LL_NumEmptyWlEntries                  
00015521  LL_PM_Enter_AES                       
00015533  LL_PM_Exit_AES                        
00014f05  LL_PM_ForceSysBusThroughRF            
000152d9  LL_PM_GetRfCoreState                  
0001526b  LL_PM_Init                            
00014f0d  LL_PM_InitRadioSetupCmd               
000153fb  LL_PM_PowerCycleRadio                 
0001512f  LL_PM_PowerOffRfCore                  
00015193  LL_PM_PowerOffRfCoreOptimize          
0001546d  LL_PM_PowerOnReq                      
000150b9  LL_PM_PowerOnRfCore                   
00014fc3  LL_PM_PowerOnRfCoreOptimize           
20004628  LL_PM_RFCmdDoneEventCallback          
0001515b  LL_PM_ShutdownFS                      
000152ef  LL_PM_StartRfTask                     
000153bd  LL_PM_StopCurTaskTimer                
0000f52d  LL_ProcessEvent                       
10005801  LL_PseudoRand                         
1000556d  LL_RX_bm_alloc                        
100057f5  LL_Rand                               
1000a1d5  LL_RandCback                          
10006105  LL_ReadAdvChanTxPower                 
100056c9  LL_ReadBDADDR                         
100059a1  LL_ReadChanMap                        
10005879  LL_ReadLocalSupportedFeatures         
1000589d  LL_ReadLocalVersionInfo               
0000f879  LL_ReadRemoteUsedFeatures             
00018e41  LL_ReadRemoteUsedFeaturesCompleteCback
100058e9  LL_ReadRemoteVersionInfo              
100091e1  LL_ReadRemoteVersionInfoCback         
100059d5  LL_ReadRssi                           
0000ff05  LL_ReadSupportedStates                
[...]
1000a0f1  HCI_EXT_AdvEventNoticeCmd             
1000a109  HCI_EXT_BuildRevisionCmd              
1000a195  HCI_EXT_OverlappedProcessingCmd       
1000a1b5  HCI_EXT_NumComplPktsLimitCmd          
1000a1d5  LL_RandCback                          
1000a201  LL_EXT_SetRxGainCback                 
1000a211  LL_EXT_SetTxPowerCback                
1000a259  LL_EXT_PacketErrorRateCback           
1000a2ad  LL_EXT_ExtendRfRangeCback             
1000a335  llScheduler                           
1000a895  llFindStartType                       
1000a939  llFindNextSecTask                     
1000abed  llFreeTask                            
1000ac3d  llGetCurrentTask                      
1000aca9  llGetActiveTasks                      
1000ace1  llGetNumTasks                         
1000ad21  llSetupMailbox                        
1000ad6d  llSetupRfHal                          
1000adb1  llPatchCM0                            
1000adc9  llSetupRATChanCompare                 
1000ae41  llRatChanCBack_B                      
1000ae45  llRatChanCBack_C                      
1000ae49  llRatChanCBack_D                      
1000ae4d  llSetupScanDataEntryQueue             
1000ae95  llSetupInitDataEntryQueue             
1000aeb1  llSetupAdvDataEntryQueue              
1000afa1  llMoveTempTxDataEntries               
1000b009  llGetNumTxDataEntries                 
1000b4c9  LL_ENC_Init                           
1000b4ed  LL_ENC_ReverseBytes                   
1000b50d  LL_ENC_GeneratePseudoRandNum          
1000b51d  LL_ENC_GenerateTrueRandNum            
1000b541  LL_ENC_GenDeviceSKD                   
1000b555  LL_ENC_GenDeviceIV                    
1000b569  LL_ENC_GenerateNonce                  
1000b58d  LL_ENC_LoadKey                        
1000b5f5  LL_ENC_AES128_Encrypt                 
1000b639  LL_ENC_AES128_Decrypt                 
1000b721  LL_ENC_EncryptMsg                     
1000b851  LL_ENC_DecryptMsg                     
1000b965  LL_ENC_Encrypt                        
1000b9dd  LL_ENC_Decrypt                        
1000c1b5  llCheckForLstoDuringSL                
1000c87d  llDirAdv_TaskEnd                      
1000cc71  llAdv_TaskEnd                         
1000cd51  llAdv_TaskAbort                       
1000d10d  llInit_TaskEnd                        
1000d189  WL_Init                               
1000d1ad  WL_Clear                              
1000d1f5  WL_ClearEntry                         
1000d229  WL_GetSize                            
1000d23d  WL_GetNumFreeEntries                  
1000d26d  WL_FindEntry                          
1000d2d9  WL_AddEntry                           
1000d36d  WL_RemoveEntry                        
1000d3dd  WL_SetWlIgnore                        
1000d425  WL_ClearIgnoreList                    
1000d46d  llScan_TaskEnd                        
1000d4ad  llGetAdvChanPDU                       
1000d575  llProcessScanRxFIFO                   
1000d635  llValidAccessAddr                     
1000d695  llGenerateValidAccessAddr             
1000d6b1  llGtSixConsecZerosOrOnes              
1000d6e5  llEqSynchWord                         
1000d6f5  llOneBitSynchWordDiffer               
1000d709  llEqualBytes                          
1000d731  llGtTwentyFourTransitions             
1000d761  llLtTwoChangesInLastSixBits           
1000d795  llEqAlreadyValidAddr                  
1000d7cd  HCI_ReverseBytes                      
1000d8b5  llInitRAT                             
1000d8c1  llGetCurrentTime                      
1000d8c9  llTimeCompare                         
1000d8f5  llTimeDelta                           
1000d94d  llCalcScaFactor                       
1000d964  SCA                                   
1000d9b0  advChan                               
1000d9b4  advEvt2Cmd                            
1000d9c0  advEvt2State                          
1000d9e1  llTaskError                           
1000d9ec  Fill1_1                               
1000dffc  A3_rw_1                               
1000dffc  romRev                                
1000dffd  __checksum_end                        
1000dffe  A2_rw_1                               
1000dffe  P1_ro_2_1                             
1000dffe  __checksum                            
10014c00  A1_rw                                 
10014c00  __checksum_begin_CommonROM            
10014c01  COMMON_ROM_BASE_ADDR                  
10014c04  P1_ro                                 
10014c05  SCALARMUL_init                        
10014ced  SCALARMUL_core                        
10015019  SCALARMUL_final                       
100150e5  SCALARMUL                             
10015101  SAVEPOINT                             
10015141  GETBIT                                
10015155  GETDIGIT                              
100151a5  GETDIGITL2R                           
10015215  SelectReg                             
10015229  ATOMICPATTERN                         
100154f5  JACADD                                
1001568d  INVERT                                
10015821  SQUAREMULTIPLYWORD                    
1001588c  LUTOPCODE                             
10015894  LUTOPSIGN                             
100158ac  LUTC                                  
100158c4  LUTSE                                 
100158dc  LUTINCI                               
100158f4  LUTJ                                  
1001596c  LUTSTATE                              
100159a9  IMPORTLENGTH                          
100159ad  IMPORTMODULUS                         
100159d1  IMPORTOPERAND                         
10015a11  EXPORTOPERAND                         
10015a35  IMPORTDATA                            
10015a51  SETOPERAND                            
10015a6d  COPY                                  
10015a85  ZERO                                  
10015a91  SETWORD                               
10015a9d  mSET                                  
10015bcd  zSET                                  
10015bd5  mINVK                                 
10015d19  zADD                                  
10015d5d  zSUB                                  
10015de9  zMACC32                               
10015e69  zSUB32                                
10015eb5  zADD32                                
10015f0d  zMULT32                               
10015f81  mMULT                                 
10016551  mADD                                  
1001664d  mSUB                                  
10016749  mOUT                                  
10016975  ssp_KeyInit_Sw                        
10016979  sspAesEncrypt_Sw                      
10016985  sspKeyExpansion_Sw                    
10016a99  sspAesEncryptKeyExp_Sw                
10016af5  sspAesEncryptBasic_Sw                 
10016b79  RoundKey_Sw                           
10016c29  AddRoundKeySubBytes_Sw                
10016c45  ShiftRows_Sw                          
10016c79  MixColumns_Sw                         
10016d05  FFMult_Sw                             
10016d29  sspAesDecrypt_Sw                      
10016da1  InvAddRoundKey_Sw                     
10016dc9  InvRoundKey_Sw                        
10016e8d  InvSubBytes_Sw                        
10016ea1  InvShiftRows_Sw                       
10016ed5  InvMixColumns_Sw                      
10016f58  FFMult2                               
10017058  FFMult3                               
10017158  RCon                                  
10017164  Sbox                                  
10017264  InvSbox                               
10017365  SSP_CCM_Auth_Sw                       
100174fd  SSP_CCM_Encrypt_Sw                    
100175ed  SSP_CTR_Encrypt_Sw                    
1001767d  SSP_CCM_Decrypt_Sw                    
10017771  SSP_CTR_Decrypt_Sw                    
10017839  SSP_CCM_InvAuth_Sw                    
10017895  SSP_CCM_Auth_Encrypt_Sw               
100178f5  SSP_CCM_InvAuth_Decrypt_Sw            
10017959  ECC_allocWorkzone                     
10017961  ECC_setWin                            
10017969  ECDSA_sign                            
10017b01  ECDSA_verif                           
10017dbd  ECC_keyGen                            
10017ded  ECDH_commonKey                        
10017e39  SHA256_updateW                        
10017e75  SHA256_round                          
10017ef1  SHA256_nextState                      
10017f49  SHA256_saveBuffer                     
10017ffd  SHA256_init                           
10018019  SHA256_process                        
10018089  SHA256_final                          
10018129  SHA256_full                           
100182ad  RFHAL_InitRfHal                       
10018315  RFHAL_AllocRatChan                    
1001833d  RFHAL_FreeRatChan                     
10018369  RFHAL_MapRatChansToInt                
10018391  RFHAL_RegisterRatChanCallback         
100183b9  RFHAL_InitDataQueue                   
100183c5  RFHAL_QueueRFDataEntries              
10018415  RFHAL_AddTxDataEntry                  
10018485  RFHAL_FreeNextTxDataEntry             
100184a9  RFHAL_AllocDataEntryQueue             
100184c5  RFHAL_FreeDataEntryQueue              
100184cd  RFHAL_GetNextDataEntry                
100184d1  RFHAL_GetTempDataEntry                
100184d5  RFHAL_NextDataEntryDone               
100184f9  RFHAL_AllocDataEntry                  
10018549  RFHAL_FreeDataEntry                   
10018551  RFHAL_BuildRingBuffer                 
100185e1  RFHAL_BuildDataEntryRingBuffer        
10018669  RFHAL_BuildLinkedBuffer               
10018935  MB_ReadMailboxStatus                  
1001893d  MB_RegisterIsrCback                   
10018945  MB_FwDebugDump                        
10018a19  AesCcm_authEncrypt_Sw                 
10018a35  AesCcm_decryptAuth_Sw                 
10018a99  Aes_encrypt_Sw                        
10018ac5  Aes_decrypt_Sw                        
10018b09  AesCcm_getNumBlocks_Sw                
10018b0c  NIST256_p                             
10018b30  NIST256_r                             
10018b54  NIST256_a                             
10018b78  NIST256_b                             
10018b9c  NIST256_Gx                            
10018bc0  NIST256_Gy                            
10018ced  __exit                                
10018d6c  Fill1                                 
10019ffc  A3_rw                                 
10019ffd  __checksum_end_CommonROM              
10019ffe  A2_rw                                 
10019ffe  P1_ro_2                               
10019ffe  __checksum_CommonROM                  
200044b8  baseTaskID                            
200044bc  cbTimers                              
20004628  LL_PM_RFCmdDoneEventCallback          
20004632  osal_entity                           
20004638  osal_qHead                            
2000463c  osal_eventloop_hook                   
20004640  osal_semaphore                        
20004644  osal_last_timestamp                   
20004648  osal_tickperiod                       
2000464c  osal_max_msecs                        
20004678  gapAppTaskID                          
20004679  gapProfileRole                        
2000467a  gapDeviceAddrMode                     
2000467b  gapAutoAdvPrivateAddrChange           
2000467c  gapPrivateAddrChangeTimeout           
200046b0  slaveUpdateReq                        
200046b8  slaveConnHandle                       
200046bc  pEstLink                              
200046c0  pAuthLink                             
200046c4  pfnCentralConnCBs                     
200046f4  llUserConfig                          
20004704  gapTaskID                             
20004705  gapUnwantedTaskID                     
20004708  pfnPeripheralCBs                      
2000472c  OSAL_timeSeconds                      
20004738  pwrmgr_initialized                    
2000473a  pwrmgr_attribute                      
20004744  l2capMtuSize                          
20004749  reqTaskId                             
2000474a  gattAppTaskID                         
2000474b  appTaskID                             
2000474c  bleDispatch_TaskID                    
2000474d  rspBuf                                
20004788  linkDBNumConns                        
200047c0  l2capFixedChannels                    
20004808  GATTServApp_TaskID                    
2000482c  pBleEvtMask                           
20004834  pHciEvtMask2                          
2000483c  maxPduSize                            
2000483d  rfFeModeBias                          
2000483e  maxQueuedPdu                          
20004840  llConnectionExt                       
20004844  SysBootMsg                            
20004848  sclkSrc                               
2000484c  ICall_dispatcher                      
20004850  ICall_enterCriticalSection            
20004854  ICall_leaveCriticalSection            
20004858  pPairingParams                        
2000485c  pfnResponderCBs                       
20004864  timerHead                             
2000487c  l2capTaskID                           
2000487d  l2capNumChannels                      
2000487e  l2capNumDataPkts                      
20004880  l2capChannels                         
20004884  hciTaskID                             
20004885  hciTestTaskID                         
20004886  hciGapTaskID                          
20004887  hciL2capTaskID                        
20004888  hciSmpTaskID                          
20004889  hciExtTaskID                          
20004890  pGapAdvertState                       
20004894  pGapDiscReq                           
20004898  pfnPeripheralConnCBs                  
200048a0  serverInfoTbl                         
200048b0  tasksEvents                           
200048b4  gattNumConns                          
200048b5  gattTaskID                            
200048bb  smTaskID                              
200048e8  A4_rw_1                               
200048e8  RAM_BASE_ADDR                         
200048fc  P2_zi_1                               
200048fc  scanDataEntry                         
200049dc  scanDataQueue                         
200049ec  advInfo                               
20004a8c  wlTable                               
20004b10  wlTableScan                           
20004b94  initDataEntry                         
20004bcc  initDataQueue                         
20004bdc  advDataEntry                          
20004c14  advDataQueue                          
20004c24  advCmd                                
20004c6c  ownPublicAddr                         
20004c74  ownRandomAddr                         
20004c7c  ownSavedPublicAddr                    
20004c84  LL_TaskID                             
20004c85  maxTxPwrForDTM                        
20004c86  onePktPerEvt                          
20004c87  numComplPktsLimit                     
20004c88  numComplPktsFlush                     
20004c89  slOverride                            
20004c8a  rxFifoFlowCtrl                        
20004c8b  numTxDataBufs                         
20004c8c  verInfo                               
20004c94  rfCfgAdiVal                           
20004c96  sleepDelay                            
20004c98  buildInfo                             
20004c9c  peerInfo                              
20004ca8  chanMapUpdate                         
20004cb0  llConns                               
20004cb8  llState                               
20004cb9  curTxPowerVal                         
20004cba  numComplPkts                          
20004cbb  fastTxRespTime                        
20004cbc  maxNumConns                           
20004cbe  postRfOperations                      
20004cc0  rssiCorrection                        
20004cc4  taskEndAction                         
20004cf0  initParam                             
20004d14  scanParam                             
20004d38  slvParam                              
20004d58  advParam                              
20004d78  txModemTestCmd                        
20004d94  scanInfo                              
20004db0  initCmd                               
20004dc8  connReqData                           
20004de0  slvCmd                                
20004df8  scanCmd                               
20004e10  scanOutput                            
20004e28  trxTestCmd                            
20004e40  rxModemTestCmd                        
20004e58  initInfo                              
20004e70  connOutput                            
20004e84  rxTestParam                           
20004e98  advOutput                             
20004ea8  txTestParam                           
20004eb8  initOutput                            
20004ec4  rxTestOut                             
20004ed0  deviceFeatureSet                      
20004edc  dtmInfo                               
20004ee8  cachedTRNGdata                        
20004ef4  llTaskList                            
20004f00  pHciEvtMask                           
20004f08  bleEvtMask                            
20004f0a  taskEndStatus                         
20004f0c  rxDataQ                               
20004f10  rxRingBuf                             
20004f14  mstCmd                                
20004f18  mstParam                              
20004f1c  txDataQ                               
20004f20  txTestOut                             
20004f24  ctrlToHostEnable                      
20004f26  numHostBufs                           
20004f28  hciPTMenabled                         
20004f2c  A4_rw                                 
20004f2c  COMMON_RAM_BASE_ADDR                  
20004f40  P2_rw                                 
20004f40  P2_s0                                 
20004f40  win                                   
20004f44  workzone                              
20004f48  data_p                                
20004f4c  data_r                                
20004f50  data_a                                
20004f54  inScalar                              
20004f58  inPointX                              
20004f5c  inPointY                              
20004f60  outPointX                             
20004f64  outPointY                             
20004f68  SCAL                                  
20004f6c  EXPX                                  
20004f70  EXPY                                  
20004f74  EXPZ                                  
20004f78  EXPW                                  
20004f7c  ACCX                                  
20004f80  ACCY                                  
20004f84  ACCZ                                  
20004f88  TMP1                                  
20004f8c  TMP2                                  
20004f90  TMP3                                  
20004f94  TMP4                                  
20004f98  TMP5                                  
20004f9c  TMP6                                  
20004fa0  data_Gx                               
20004fa4  data_Gy                               
20004fa8  data_b                                
20004fac  P2_zi                                 
20004fac  ratChanInfo                           
20004fcc  fwInfoCmd                             
20004fd8  MSBMOD                                
20004fdc  aux64                                 
20004fe4  MOD                                   
20004fe8  LEN                                   
20004fec  mbIntCbackTable                       
20004ffc  pSspAesEncrypt_Sw                     
ffffffff  __TI_pprof_out_hndl                   
ffffffff  __TI_prof_data_size                   
ffffffff  __TI_prof_data_start                  
ffffffff  __binit__                             
ffffffff  __c_args__                            
ffffffff  binit                                 
UNDEFED   SHT$$INIT_ARRAY$$Base                 
UNDEFED   SHT$$INIT_ARRAY$$Limit                

[1148 symbols]
