<?xml version="1.0"?>
<link_info>
   <banner>TI ARM Linker PC v15.12.3.LTS</banner>
   <copyright>Copyright (c) 1996-2015 Texas Instruments Incorporated</copyright>
   <link_time>0x5a92c397</link_time>
   <link_errors>0x0</link_errors>
   <output_file>HostTestStack.out</output_file>
   <entry_point>
      <name>startup_entry</name>
      <address>0x7001</address>
   </entry_point>
   <input_file_list>
      <input_file id="fl-113">
         <path>C:\Users\Jian\AppData\Local\Temp\</path>
         <kind>object</kind>
         <file>134162</file>
         <name>134162</name>
      </input_file>
      <input_file id="fl-1f">
         <path>C:\ti\simplelink\ble_cc26xx_2_01_01_44627\Projects\common\BLE_ROM_Releases\04242014\</path>
         <kind>object</kind>
         <file>ble_rom_PATCH.symbols</file>
         <name>ble_rom_PATCH.symbols</name>
      </input_file>
      <input_file id="fl-d8">
         <path>C:\ti\ccsv6\tools\compiler\arm_15.12.3.LTS\lib\</path>
         <kind>archive</kind>
         <file>rtsv7M3_T_le_eabi.lib</file>
         <name>autoinit.obj</name>
      </input_file>
      <input_file id="fl-dd">
         <path>C:\ti\ccsv6\tools\compiler\arm_15.12.3.LTS\lib\</path>
         <kind>archive</kind>
         <file>rtsv7M3_T_le_eabi.lib</file>
         <name>ll_mul_t2.obj</name>
      </input_file>
      <input_file id="fl-df">
         <path>C:\ti\ccsv6\tools\compiler\arm_15.12.3.LTS\lib\</path>
         <kind>archive</kind>
         <file>rtsv7M3_T_le_eabi.lib</file>
         <name>memcpy_t2.obj</name>
      </input_file>
      <input_file id="fl-e0">
         <path>C:\ti\ccsv6\tools\compiler\arm_15.12.3.LTS\lib\</path>
         <kind>archive</kind>
         <file>rtsv7M3_T_le_eabi.lib</file>
         <name>memset_t2.obj</name>
      </input_file>
      <input_file id="fl-e3">
         <path>C:\ti\ccsv6\tools\compiler\arm_15.12.3.LTS\lib\</path>
         <kind>archive</kind>
         <file>rtsv7M3_T_le_eabi.lib</file>
         <name>ull_div_t2.obj</name>
      </input_file>
      <input_file id="fl-e4">
         <path>C:\ti\simplelink\ble_cc26xx_2_01_01_44627\Projects\ble\HostTest\CC26xx\IAR\Lib\</path>
         <kind>archive</kind>
         <file>CC2640Stack.a</file>
         <name>att_client.o</name>
      </input_file>
      <input_file id="fl-e5">
         <path>C:\ti\simplelink\ble_cc26xx_2_01_01_44627\Projects\ble\HostTest\CC26xx\IAR\Lib\</path>
         <kind>archive</kind>
         <file>CC2640Stack.a</file>
         <name>att_server.o</name>
      </input_file>
      <input_file id="fl-e6">
         <path>C:\ti\simplelink\ble_cc26xx_2_01_01_44627\Projects\ble\HostTest\CC26xx\IAR\Lib\</path>
         <kind>archive</kind>
         <file>CC2640Stack.a</file>
         <name>att_util.o</name>
      </input_file>
      <input_file id="fl-e7">
         <path>C:\ti\simplelink\ble_cc26xx_2_01_01_44627\Projects\ble\HostTest\CC26xx\IAR\Lib\</path>
         <kind>archive</kind>
         <file>CC2640Stack.a</file>
         <name>ble_PATCH.o</name>
      </input_file>
      <input_file id="fl-e8">
         <path>C:\ti\simplelink\ble_cc26xx_2_01_01_44627\Projects\ble\HostTest\CC26xx\IAR\Lib\</path>
         <kind>archive</kind>
         <file>CC2640Stack.a</file>
         <name>gap_centdevmgr.o</name>
      </input_file>
      <input_file id="fl-e9">
         <path>C:\ti\simplelink\ble_cc26xx_2_01_01_44627\Projects\ble\HostTest\CC26xx\IAR\Lib\</path>
         <kind>archive</kind>
         <file>CC2640Stack.a</file>
         <name>gap_centlinkmgr.o</name>
      </input_file>
      <input_file id="fl-ea">
         <path>C:\ti\simplelink\ble_cc26xx_2_01_01_44627\Projects\ble\HostTest\CC26xx\IAR\Lib\</path>
         <kind>archive</kind>
         <file>CC2640Stack.a</file>
         <name>gap_configmgr.o</name>
      </input_file>
      <input_file id="fl-eb">
         <path>C:\ti\simplelink\ble_cc26xx_2_01_01_44627\Projects\ble\HostTest\CC26xx\IAR\Lib\</path>
         <kind>archive</kind>
         <file>CC2640Stack.a</file>
         <name>gap_devmgr.o</name>
      </input_file>
      <input_file id="fl-ec">
         <path>C:\ti\simplelink\ble_cc26xx_2_01_01_44627\Projects\ble\HostTest\CC26xx\IAR\Lib\</path>
         <kind>archive</kind>
         <file>CC2640Stack.a</file>
         <name>gap_linkmgr.o</name>
      </input_file>
      <input_file id="fl-ed">
         <path>C:\ti\simplelink\ble_cc26xx_2_01_01_44627\Projects\ble\HostTest\CC26xx\IAR\Lib\</path>
         <kind>archive</kind>
         <file>CC2640Stack.a</file>
         <name>gap_peridevmgr.o</name>
      </input_file>
      <input_file id="fl-ee">
         <path>C:\ti\simplelink\ble_cc26xx_2_01_01_44627\Projects\ble\HostTest\CC26xx\IAR\Lib\</path>
         <kind>archive</kind>
         <file>CC2640Stack.a</file>
         <name>gap_perilinkmgr.o</name>
      </input_file>
      <input_file id="fl-ef">
         <path>C:\ti\simplelink\ble_cc26xx_2_01_01_44627\Projects\ble\HostTest\CC26xx\IAR\Lib\</path>
         <kind>archive</kind>
         <file>CC2640Stack.a</file>
         <name>gap_task.o</name>
      </input_file>
      <input_file id="fl-f0">
         <path>C:\ti\simplelink\ble_cc26xx_2_01_01_44627\Projects\ble\HostTest\CC26xx\IAR\Lib\</path>
         <kind>archive</kind>
         <file>CC2640Stack.a</file>
         <name>gapgattserver.o</name>
      </input_file>
      <input_file id="fl-f1">
         <path>C:\ti\simplelink\ble_cc26xx_2_01_01_44627\Projects\ble\HostTest\CC26xx\IAR\Lib\</path>
         <kind>archive</kind>
         <file>CC2640Stack.a</file>
         <name>gatt_client.o</name>
      </input_file>
      <input_file id="fl-f2">
         <path>C:\ti\simplelink\ble_cc26xx_2_01_01_44627\Projects\ble\HostTest\CC26xx\IAR\Lib\</path>
         <kind>archive</kind>
         <file>CC2640Stack.a</file>
         <name>gatt_server.o</name>
      </input_file>
      <input_file id="fl-f3">
         <path>C:\ti\simplelink\ble_cc26xx_2_01_01_44627\Projects\ble\HostTest\CC26xx\IAR\Lib\</path>
         <kind>archive</kind>
         <file>CC2640Stack.a</file>
         <name>gatt_task.o</name>
      </input_file>
      <input_file id="fl-f4">
         <path>C:\ti\simplelink\ble_cc26xx_2_01_01_44627\Projects\ble\HostTest\CC26xx\IAR\Lib\</path>
         <kind>archive</kind>
         <file>CC2640Stack.a</file>
         <name>gatt_uuid.o</name>
      </input_file>
      <input_file id="fl-f5">
         <path>C:\ti\simplelink\ble_cc26xx_2_01_01_44627\Projects\ble\HostTest\CC26xx\IAR\Lib\</path>
         <kind>archive</kind>
         <file>CC2640Stack.a</file>
         <name>gattservapp.o</name>
      </input_file>
      <input_file id="fl-f6">
         <path>C:\ti\simplelink\ble_cc26xx_2_01_01_44627\Projects\ble\HostTest\CC26xx\IAR\Lib\</path>
         <kind>archive</kind>
         <file>CC2640Stack.a</file>
         <name>hci_data_PATCH.o</name>
      </input_file>
      <input_file id="fl-f7">
         <path>C:\ti\simplelink\ble_cc26xx_2_01_01_44627\Projects\ble\HostTest\CC26xx\IAR\Lib\</path>
         <kind>archive</kind>
         <file>CC2640Stack.a</file>
         <name>hci_event_PATCH.o</name>
      </input_file>
      <input_file id="fl-f8">
         <path>C:\ti\simplelink\ble_cc26xx_2_01_01_44627\Projects\ble\HostTest\CC26xx\IAR\Lib\</path>
         <kind>archive</kind>
         <file>CC2640Stack.a</file>
         <name>hci_PATCH.o</name>
      </input_file>
      <input_file id="fl-f9">
         <path>C:\ti\simplelink\ble_cc26xx_2_01_01_44627\Projects\ble\HostTest\CC26xx\IAR\Lib\</path>
         <kind>archive</kind>
         <file>CC2640Stack.a</file>
         <name>l2cap_if.o</name>
      </input_file>
      <input_file id="fl-fa">
         <path>C:\ti\simplelink\ble_cc26xx_2_01_01_44627\Projects\ble\HostTest\CC26xx\IAR\Lib\</path>
         <kind>archive</kind>
         <file>CC2640Stack.a</file>
         <name>l2cap_task.o</name>
      </input_file>
      <input_file id="fl-fb">
         <path>C:\ti\simplelink\ble_cc26xx_2_01_01_44627\Projects\ble\HostTest\CC26xx\IAR\Lib\</path>
         <kind>archive</kind>
         <file>CC2640Stack.a</file>
         <name>l2cap_util.o</name>
      </input_file>
      <input_file id="fl-fc">
         <path>C:\ti\simplelink\ble_cc26xx_2_01_01_44627\Projects\ble\HostTest\CC26xx\IAR\Lib\</path>
         <kind>archive</kind>
         <file>CC2640Stack.a</file>
         <name>linkdb.o</name>
      </input_file>
      <input_file id="fl-fd">
         <path>C:\ti\simplelink\ble_cc26xx_2_01_01_44627\Projects\ble\HostTest\CC26xx\IAR\Lib\</path>
         <kind>archive</kind>
         <file>CC2640Stack.a</file>
         <name>ll_advEndCauses_PATCH.o</name>
      </input_file>
      <input_file id="fl-fe">
         <path>C:\ti\simplelink\ble_cc26xx_2_01_01_44627\Projects\ble\HostTest\CC26xx\IAR\Lib\</path>
         <kind>archive</kind>
         <file>CC2640Stack.a</file>
         <name>ll_common_PATCH.o</name>
      </input_file>
      <input_file id="fl-ff">
         <path>C:\ti\simplelink\ble_cc26xx_2_01_01_44627\Projects\ble\HostTest\CC26xx\IAR\Lib\</path>
         <kind>archive</kind>
         <file>CC2640Stack.a</file>
         <name>ll_config.o</name>
      </input_file>
      <input_file id="fl-100">
         <path>C:\ti\simplelink\ble_cc26xx_2_01_01_44627\Projects\ble\HostTest\CC26xx\IAR\Lib\</path>
         <kind>archive</kind>
         <file>CC2640Stack.a</file>
         <name>ll_initEndCauses_PATCH.o</name>
      </input_file>
      <input_file id="fl-101">
         <path>C:\ti\simplelink\ble_cc26xx_2_01_01_44627\Projects\ble\HostTest\CC26xx\IAR\Lib\</path>
         <kind>archive</kind>
         <file>CC2640Stack.a</file>
         <name>ll_isr.o</name>
      </input_file>
      <input_file id="fl-102">
         <path>C:\ti\simplelink\ble_cc26xx_2_01_01_44627\Projects\ble\HostTest\CC26xx\IAR\Lib\</path>
         <kind>archive</kind>
         <file>CC2640Stack.a</file>
         <name>ll_masterEndCauses_PATCH.o</name>
      </input_file>
      <input_file id="fl-103">
         <path>C:\ti\simplelink\ble_cc26xx_2_01_01_44627\Projects\ble\HostTest\CC26xx\IAR\Lib\</path>
         <kind>archive</kind>
         <file>CC2640Stack.a</file>
         <name>ll_PATCH.o</name>
      </input_file>
      <input_file id="fl-104">
         <path>C:\ti\simplelink\ble_cc26xx_2_01_01_44627\Projects\ble\HostTest\CC26xx\IAR\Lib\</path>
         <kind>archive</kind>
         <file>CC2640Stack.a</file>
         <name>ll_scheduler_PATCH.o</name>
      </input_file>
      <input_file id="fl-105">
         <path>C:\ti\simplelink\ble_cc26xx_2_01_01_44627\Projects\ble\HostTest\CC26xx\IAR\Lib\</path>
         <kind>archive</kind>
         <file>CC2640Stack.a</file>
         <name>ll_slaveEndCauses_PATCH.o</name>
      </input_file>
      <input_file id="fl-106">
         <path>C:\ti\simplelink\ble_cc26xx_2_01_01_44627\Projects\ble\HostTest\CC26xx\IAR\Lib\</path>
         <kind>archive</kind>
         <file>CC2640Stack.a</file>
         <name>ll_sleep.o</name>
      </input_file>
      <input_file id="fl-107">
         <path>C:\ti\simplelink\ble_cc26xx_2_01_01_44627\Projects\ble\HostTest\CC26xx\IAR\Lib\</path>
         <kind>archive</kind>
         <file>CC2640Stack.a</file>
         <name>sm_intpairing.o</name>
      </input_file>
      <input_file id="fl-108">
         <path>C:\ti\simplelink\ble_cc26xx_2_01_01_44627\Projects\ble\HostTest\CC26xx\IAR\Lib\</path>
         <kind>archive</kind>
         <file>CC2640Stack.a</file>
         <name>sm_mgr.o</name>
      </input_file>
      <input_file id="fl-109">
         <path>C:\ti\simplelink\ble_cc26xx_2_01_01_44627\Projects\ble\HostTest\CC26xx\IAR\Lib\</path>
         <kind>archive</kind>
         <file>CC2640Stack.a</file>
         <name>sm_pairing.o</name>
      </input_file>
      <input_file id="fl-10a">
         <path>C:\ti\simplelink\ble_cc26xx_2_01_01_44627\Projects\ble\HostTest\CC26xx\IAR\Lib\</path>
         <kind>archive</kind>
         <file>CC2640Stack.a</file>
         <name>sm_rsppairing.o</name>
      </input_file>
      <input_file id="fl-10b">
         <path>C:\ti\simplelink\ble_cc26xx_2_01_01_44627\Projects\ble\HostTest\CC26xx\IAR\Lib\</path>
         <kind>archive</kind>
         <file>CC2640Stack.a</file>
         <name>sm_task.o</name>
      </input_file>
      <input_file id="fl-10c">
         <path>C:\ti\simplelink\ble_cc26xx_2_01_01_44627\Projects\ble\HostTest\CC26xx\IAR\Lib\</path>
         <kind>archive</kind>
         <file>CC2640Stack.a</file>
         <name>smp.o</name>
      </input_file>
      <input_file id="fl-10d">
         <path>C:\ti\simplelink\ble_cc26xx_2_01_01_44627\Projects\ble\HostTest\CC26xx\IAR\Lib\</path>
         <kind>archive</kind>
         <file>CC2640Stack_HCI_TL.a</file>
         <name>hci_tl.o</name>
      </input_file>
      <input_file id="fl-10e">
         <path>C:\ti\tirtos_simplelink_2_13_00_06\products\cc26xxware_2_21_01_15600\driverlib\bin\ccs\</path>
         <kind>archive</kind>
         <file>driverlib.lib</file>
         <name>cpu.obj</name>
      </input_file>
   </input_file_list>
   <object_component_list>
      <object_component id="oc-448">
         <name>.text</name>
         <load_address>0x702c</load_address>
         <run_address>0x702c</run_address>
         <size>0x2c84</size>
         <input_file_ref idref="fl-9"/>
      </object_component>
      <object_component id="oc-366">
         <name>.text</name>
         <load_address>0x9cb0</load_address>
         <run_address>0x9cb0</run_address>
         <size>0x14e8</size>
         <input_file_ref idref="fl-103"/>
      </object_component>
      <object_component id="oc-51d">
         <name>.text</name>
         <load_address>0xb198</load_address>
         <run_address>0xb198</run_address>
         <size>0x115c</size>
         <input_file_ref idref="fl-fe"/>
      </object_component>
      <object_component id="oc-41d">
         <name>.text</name>
         <load_address>0xc2f4</load_address>
         <run_address>0xc2f4</run_address>
         <size>0x1044</size>
         <input_file_ref idref="fl-f5"/>
      </object_component>
      <object_component id="oc-5c0">
         <name>.text</name>
         <load_address>0xd338</load_address>
         <run_address>0xd338</run_address>
         <size>0xed4</size>
         <input_file_ref idref="fl-fb"/>
      </object_component>
      <object_component id="oc-774">
         <name>.text</name>
         <load_address>0xe20c</load_address>
         <run_address>0xe20c</run_address>
         <size>0xd6a</size>
         <input_file_ref idref="fl-f1"/>
      </object_component>
      <object_component id="oc-484">
         <name>.text</name>
         <load_address>0xef76</load_address>
         <run_address>0xef76</run_address>
         <size>0x2</size>
         <input_file_ref idref="fl-4"/>
      </object_component>
      <object_component id="oc-394">
         <name>.text</name>
         <load_address>0xef78</load_address>
         <run_address>0xef78</run_address>
         <size>0xabe</size>
         <input_file_ref idref="fl-10d"/>
      </object_component>
      <object_component id="oc-339">
         <name>.text</name>
         <load_address>0xfa36</load_address>
         <run_address>0xfa36</run_address>
         <size>0x2</size>
         <input_file_ref idref="fl-e1"/>
      </object_component>
      <object_component id="oc-6a5">
         <name>.text</name>
         <load_address>0xfa38</load_address>
         <run_address>0xfa38</run_address>
         <size>0xa4c</size>
         <input_file_ref idref="fl-f2"/>
      </object_component>
      <object_component id="oc-55f">
         <name>.text</name>
         <load_address>0x10484</load_address>
         <run_address>0x10484</run_address>
         <size>0x9f2</size>
         <input_file_ref idref="fl-e7"/>
      </object_component>
      <object_component id="oc-56e">
         <name>.text</name>
         <load_address>0x10e78</load_address>
         <run_address>0x10e78</run_address>
         <size>0x93e</size>
         <input_file_ref idref="fl-105"/>
      </object_component>
      <object_component id="oc-661">
         <name>.text</name>
         <load_address>0x117b8</load_address>
         <run_address>0x117b8</run_address>
         <size>0x8e0</size>
         <input_file_ref idref="fl-ec"/>
      </object_component>
      <object_component id="oc-360">
         <name>.text</name>
         <load_address>0x12098</load_address>
         <run_address>0x12098</run_address>
         <size>0x798</size>
         <input_file_ref idref="fl-b"/>
      </object_component>
      <object_component id="oc-684">
         <name>.text</name>
         <load_address>0x12830</load_address>
         <run_address>0x12830</run_address>
         <size>0x75c</size>
         <input_file_ref idref="fl-109"/>
      </object_component>
      <object_component id="oc-63e">
         <name>.text</name>
         <load_address>0x12f8c</load_address>
         <run_address>0x12f8c</run_address>
         <size>0x708</size>
         <input_file_ref idref="fl-108"/>
      </object_component>
      <object_component id="oc-4b8">
         <name>.text</name>
         <load_address>0x13694</load_address>
         <run_address>0x13694</run_address>
         <size>0x6d4</size>
         <input_file_ref idref="fl-106"/>
      </object_component>
      <object_component id="oc-556">
         <name>.text</name>
         <load_address>0x13d68</load_address>
         <run_address>0x13d68</run_address>
         <size>0x6b2</size>
         <input_file_ref idref="fl-102"/>
      </object_component>
      <object_component id="oc-815">
         <name>.text</name>
         <load_address>0x1441c</load_address>
         <run_address>0x1441c</run_address>
         <size>0x6a4</size>
         <input_file_ref idref="fl-ff"/>
      </object_component>
      <object_component id="oc-73b">
         <name>.text</name>
         <load_address>0x14ac0</load_address>
         <run_address>0x14ac0</run_address>
         <size>0x69c</size>
         <input_file_ref idref="fl-ed"/>
      </object_component>
      <object_component id="oc-578">
         <name>.text</name>
         <load_address>0x1515c</load_address>
         <run_address>0x1515c</run_address>
         <size>0x61c</size>
         <input_file_ref idref="fl-101"/>
      </object_component>
      <object_component id="oc-6ce">
         <name>.text</name>
         <load_address>0x15778</load_address>
         <run_address>0x15778</run_address>
         <size>0x5b0</size>
         <input_file_ref idref="fl-e6"/>
      </object_component>
      <object_component id="oc-859">
         <name>.text</name>
         <load_address>0x15d28</load_address>
         <run_address>0x15d28</run_address>
         <size>0x56c</size>
         <input_file_ref idref="fl-107"/>
      </object_component>
      <object_component id="oc-863">
         <name>.text</name>
         <load_address>0x16294</load_address>
         <run_address>0x16294</run_address>
         <size>0x558</size>
         <input_file_ref idref="fl-10a"/>
      </object_component>
      <object_component id="oc-3f4">
         <name>.text</name>
         <load_address>0x167ec</load_address>
         <run_address>0x167ec</run_address>
         <size>0x530</size>
         <input_file_ref idref="fl-fa"/>
      </object_component>
      <object_component id="oc-766">
         <name>.text</name>
         <load_address>0x16d1c</load_address>
         <run_address>0x16d1c</run_address>
         <size>0x51c</size>
         <input_file_ref idref="fl-e8"/>
      </object_component>
      <object_component id="oc-454">
         <name>.text</name>
         <load_address>0x17238</load_address>
         <run_address>0x17238</run_address>
         <size>0x4bc</size>
         <input_file_ref idref="fl-12"/>
      </object_component>
      <object_component id="oc-517">
         <name>.text</name>
         <load_address>0x176f4</load_address>
         <run_address>0x176f4</run_address>
         <size>0x432</size>
         <input_file_ref idref="fl-fd"/>
      </object_component>
      <object_component id="oc-608">
         <name>.text</name>
         <load_address>0x17b28</load_address>
         <run_address>0x17b28</run_address>
         <size>0x3fc</size>
         <input_file_ref idref="fl-f9"/>
      </object_component>
      <object_component id="oc-4fd">
         <name>.text</name>
         <load_address>0x17f24</load_address>
         <run_address>0x17f24</run_address>
         <size>0x3dc</size>
         <input_file_ref idref="fl-f7"/>
      </object_component>
      <object_component id="oc-834">
         <name>.text</name>
         <load_address>0x18300</load_address>
         <run_address>0x18300</run_address>
         <size>0x39a</size>
         <input_file_ref idref="fl-10c"/>
      </object_component>
      <object_component id="oc-4e4">
         <name>.text</name>
         <load_address>0x1869c</load_address>
         <run_address>0x1869c</run_address>
         <size>0x37c</size>
         <input_file_ref idref="fl-f8"/>
      </object_component>
      <object_component id="oc-48a">
         <name>.text</name>
         <load_address>0x18a18</load_address>
         <run_address>0x18a18</run_address>
         <size>0x36c</size>
         <input_file_ref idref="fl-8"/>
      </object_component>
      <object_component id="oc-62a">
         <name>.text</name>
         <load_address>0x18d84</load_address>
         <run_address>0x18d84</run_address>
         <size>0x358</size>
         <input_file_ref idref="fl-ea"/>
      </object_component>
      <object_component id="oc-550">
         <name>.text</name>
         <load_address>0x190dc</load_address>
         <run_address>0x190dc</run_address>
         <size>0x336</size>
         <input_file_ref idref="fl-100"/>
      </object_component>
      <object_component id="oc-7c0">
         <name>.text</name>
         <load_address>0x19414</load_address>
         <run_address>0x19414</run_address>
         <size>0x308</size>
         <input_file_ref idref="fl-f0"/>
      </object_component>
      <object_component id="oc-40b">
         <name>.text</name>
         <load_address>0x1971c</load_address>
         <run_address>0x1971c</run_address>
         <size>0x2fc</size>
         <input_file_ref idref="fl-f3"/>
      </object_component>
      <object_component id="oc-5af">
         <name>.text</name>
         <load_address>0x19a18</load_address>
         <run_address>0x19a18</run_address>
         <size>0x294</size>
         <input_file_ref idref="fl-fc"/>
      </object_component>
      <object_component id="oc-3fe">
         <name>.text</name>
         <load_address>0x19cac</load_address>
         <run_address>0x19cac</run_address>
         <size>0x28c</size>
         <input_file_ref idref="fl-ef"/>
      </object_component>
      <object_component id="oc-49a">
         <name>.text</name>
         <load_address>0x19f38</load_address>
         <run_address>0x19f38</run_address>
         <size>0x244</size>
         <input_file_ref idref="fl-f"/>
      </object_component>
      <object_component id="oc-761">
         <name>.text</name>
         <load_address>0x1a17c</load_address>
         <run_address>0x1a17c</run_address>
         <size>0x228</size>
         <input_file_ref idref="fl-e9"/>
      </object_component>
      <object_component id="oc-3ee">
         <name>.text</name>
         <load_address>0x1a3a4</load_address>
         <run_address>0x1a3a4</run_address>
         <size>0x200</size>
         <input_file_ref idref="fl-11"/>
      </object_component>
      <object_component id="oc-582">
         <name>.text</name>
         <load_address>0x1a5a4</load_address>
         <run_address>0x1a5a4</run_address>
         <size>0x1f4</size>
         <input_file_ref idref="fl-e3"/>
      </object_component>
      <object_component id="oc-711">
         <name>.text</name>
         <load_address>0x1a798</load_address>
         <run_address>0x1a798</run_address>
         <size>0x1ec</size>
         <input_file_ref idref="fl-e5"/>
      </object_component>
      <object_component id="oc-7af">
         <name>.text</name>
         <load_address>0x1a984</load_address>
         <run_address>0x1a984</run_address>
         <size>0x1a4</size>
         <input_file_ref idref="fl-e4"/>
      </object_component>
      <object_component id="oc-735">
         <name>.text</name>
         <load_address>0x1ab28</load_address>
         <run_address>0x1ab28</run_address>
         <size>0x13e</size>
         <input_file_ref idref="fl-f4"/>
      </object_component>
      <object_component id="oc-50f">
         <name>.text</name>
         <load_address>0x1ac68</load_address>
         <run_address>0x1ac68</run_address>
         <size>0x138</size>
         <input_file_ref idref="fl-104"/>
      </object_component>
      <object_component id="oc-75c">
         <name>.text</name>
         <load_address>0x1ada0</load_address>
         <run_address>0x1ada0</run_address>
         <size>0x10c</size>
         <input_file_ref idref="fl-ee"/>
      </object_component>
      <object_component id="oc-252">
         <name>.text</name>
         <load_address>0x1aeac</load_address>
         <run_address>0x1aeac</run_address>
         <size>0x10c</size>
         <input_file_ref idref="fl-18"/>
      </object_component>
      <object_component id="oc-407">
         <name>.text</name>
         <load_address>0x1afb8</load_address>
         <run_address>0x1afb8</run_address>
         <size>0x104</size>
         <input_file_ref idref="fl-10b"/>
      </object_component>
      <object_component id="oc-72b">
         <name>.text</name>
         <load_address>0x1b0bc</load_address>
         <run_address>0x1b0bc</run_address>
         <size>0xd8</size>
         <input_file_ref idref="fl-15"/>
      </object_component>
      <object_component id="oc-47e">
         <name>.text</name>
         <load_address>0x1b194</load_address>
         <run_address>0x1b194</run_address>
         <size>0xd0</size>
         <input_file_ref idref="fl-10"/>
      </object_component>
      <object_component id="oc-50d">
         <name>.text</name>
         <load_address>0x1b264</load_address>
         <run_address>0x1b264</run_address>
         <size>0xa8</size>
         <input_file_ref idref="fl-f6"/>
      </object_component>
      <object_component id="oc-956">
         <name>.tramp.LL_CtrlToHostFlowControl.1</name>
         <load_address>0x1b30c</load_address>
         <run_address>0x1b30c</run_address>
         <size>0x8</size>
         <input_file_ref idref="fl-1f"/>
      </object_component>
      <object_component id="oc-225">
         <name>.text</name>
         <load_address>0x1b314</load_address>
         <run_address>0x1b314</run_address>
         <size>0x9c</size>
         <input_file_ref idref="fl-df"/>
      </object_component>
      <object_component id="oc-494">
         <name>.text</name>
         <load_address>0x1b3b0</load_address>
         <run_address>0x1b3b0</run_address>
         <size>0x90</size>
         <input_file_ref idref="fl-e"/>
      </object_component>
      <object_component id="oc-623">
         <name>.text</name>
         <load_address>0x1b440</load_address>
         <run_address>0x1b440</run_address>
         <size>0x82</size>
         <input_file_ref idref="fl-eb"/>
      </object_component>
      <object_component id="oc-23a">
         <name>.text</name>
         <load_address>0x1b4c2</load_address>
         <run_address>0x1b4c2</run_address>
         <size>0x7a</size>
         <input_file_ref idref="fl-e0"/>
      </object_component>
      <object_component id="oc-4ac">
         <name>.text:NOROM_IntDisable</name>
         <load_address>0x1b53c</load_address>
         <run_address>0x1b53c</run_address>
         <size>0x78</size>
         <input_file_ref idref="fl-110"/>
      </object_component>
      <object_component id="oc-4a6">
         <name>.text:NOROM_IntEnable</name>
         <load_address>0x1b5b4</load_address>
         <run_address>0x1b5b4</run_address>
         <size>0x78</size>
         <input_file_ref idref="fl-110"/>
      </object_component>
      <object_component id="oc-240">
         <name>.text</name>
         <load_address>0x1b62c</load_address>
         <run_address>0x1b62c</run_address>
         <size>0x70</size>
         <input_file_ref idref="fl-d8"/>
      </object_component>
      <object_component id="oc-233">
         <name>.text</name>
         <load_address>0x1b69c</load_address>
         <run_address>0x1b69c</run_address>
         <size>0x6a</size>
         <input_file_ref idref="fl-da"/>
      </object_component>
      <object_component id="oc-58c">
         <name>.text</name>
         <load_address>0x1b708</load_address>
         <run_address>0x1b708</run_address>
         <size>0x68</size>
         <input_file_ref idref="fl-c"/>
      </object_component>
      <object_component id="oc-24c">
         <name>.text</name>
         <load_address>0x1b770</load_address>
         <run_address>0x1b770</run_address>
         <size>0x68</size>
         <input_file_ref idref="fl-19"/>
      </object_component>
      <object_component id="oc-4b2">
         <name>.text</name>
         <load_address>0x1b7d8</load_address>
         <run_address>0x1b7d8</run_address>
         <size>0x64</size>
         <input_file_ref idref="fl-7"/>
      </object_component>
      <object_component id="oc-59f">
         <name>.text</name>
         <load_address>0x1b83c</load_address>
         <run_address>0x1b83c</run_address>
         <size>0x64</size>
         <input_file_ref idref="fl-a"/>
      </object_component>
      <object_component id="oc-756">
         <name>.text</name>
         <load_address>0x1b8a0</load_address>
         <run_address>0x1b8a0</run_address>
         <size>0x60</size>
         <input_file_ref idref="fl-13"/>
      </object_component>
      <object_component id="oc-44e">
         <name>.text</name>
         <load_address>0x1b900</load_address>
         <run_address>0x1b900</run_address>
         <size>0x54</size>
         <input_file_ref idref="fl-1a"/>
      </object_component>
      <object_component id="oc-7cf">
         <name>.text</name>
         <load_address>0x1b954</load_address>
         <run_address>0x1b954</run_address>
         <size>0x54</size>
         <input_file_ref idref="fl-5"/>
      </object_component>
      <object_component id="oc-333">
         <name>.text</name>
         <load_address>0x1b9a8</load_address>
         <run_address>0x1b9a8</run_address>
         <size>0x4c</size>
         <input_file_ref idref="fl-dc"/>
      </object_component>
      <object_component id="oc-35a">
         <name>.text</name>
         <load_address>0x1b9f4</load_address>
         <run_address>0x1b9f4</run_address>
         <size>0x44</size>
         <input_file_ref idref="fl-d"/>
      </object_component>
      <object_component id="oc-246">
         <name>.text</name>
         <load_address>0x1ba38</load_address>
         <run_address>0x1ba38</run_address>
         <size>0x30</size>
         <input_file_ref idref="fl-16"/>
      </object_component>
      <object_component id="oc-808">
         <name>.text:NOROM_TRNGConfigure</name>
         <load_address>0x1ba68</load_address>
         <run_address>0x1ba68</run_address>
         <size>0x26</size>
         <input_file_ref idref="fl-111"/>
      </object_component>
      <object_component id="oc-876">
         <name>.text:NOROM_FlashProgram</name>
         <load_address>0x1ba8e</load_address>
         <run_address>0x1ba8e</run_address>
         <size>0x1e</size>
         <input_file_ref idref="fl-10f"/>
      </object_component>
      <object_component id="oc-7db">
         <name>.text:NOROM_FlashSectorErase</name>
         <load_address>0x1baac</load_address>
         <run_address>0x1baac</run_address>
         <size>0x1e</size>
         <input_file_ref idref="fl-10f"/>
      </object_component>
      <object_component id="oc-587">
         <name>.text</name>
         <load_address>0x1baca</load_address>
         <run_address>0x1baca</run_address>
         <size>0x18</size>
         <input_file_ref idref="fl-dd"/>
      </object_component>
      <object_component id="oc-7d5">
         <name>.text:NOROM_VIMSModeGet</name>
         <load_address>0x1bae2</load_address>
         <run_address>0x1bae2</run_address>
         <size>0x16</size>
         <input_file_ref idref="fl-112"/>
      </object_component>
      <object_component id="oc-4a0">
         <name>.text</name>
         <load_address>0x1baf8</load_address>
         <run_address>0x1baf8</run_address>
         <size>0x14</size>
         <input_file_ref idref="fl-1b"/>
      </object_component>
      <object_component id="oc-957">
         <name>.tramp.LL_PseudoRand.1</name>
         <load_address>0x1bb0c</load_address>
         <run_address>0x1bb0c</run_address>
         <size>0x8</size>
         <input_file_ref idref="fl-1f"/>
      </object_component>
      <object_component id="oc-592">
         <name>.text</name>
         <load_address>0x1bb14</load_address>
         <run_address>0x1bb14</run_address>
         <size>0x14</size>
         <input_file_ref idref="fl-e2"/>
      </object_component>
      <object_component id="oc-14">
         <name>.text:decompress:none</name>
         <load_address>0x1bb28</load_address>
         <run_address>0x1bb28</run_address>
         <size>0xe</size>
         <input_file_ref idref="fl-d9"/>
      </object_component>
      <object_component id="oc-34a">
         <name>.text:NOROM_CPUcpsid</name>
         <load_address>0x1bb36</load_address>
         <run_address>0x1bb36</run_address>
         <size>0xc</size>
         <input_file_ref idref="fl-10e"/>
      </object_component>
      <object_component id="oc-350">
         <name>.text:NOROM_CPUcpsie</name>
         <load_address>0x1bb42</load_address>
         <run_address>0x1bb42</run_address>
         <size>0xc</size>
         <input_file_ref idref="fl-10e"/>
      </object_component>
      <object_component id="oc-1a">
         <name>.text:decompress:rle24</name>
         <load_address>0x1bb4e</load_address>
         <run_address>0x1bb4e</run_address>
         <size>0x6</size>
         <input_file_ref idref="fl-da"/>
      </object_component>
      <object_component id="oc-955">
         <name>.tramp.LL_ReadLocalVersionInfo.1</name>
         <load_address>0x1bb54</load_address>
         <run_address>0x1bb54</run_address>
         <size>0x8</size>
         <input_file_ref idref="fl-1f"/>
      </object_component>
      <object_component id="oc-954">
         <name>.tramp.LL_EXT_ResetSystem.1</name>
         <load_address>0x1bb5c</load_address>
         <run_address>0x1bb5c</run_address>
         <size>0x8</size>
         <input_file_ref idref="fl-1f"/>
      </object_component>
      <object_component id="oc-953">
         <name>.tramp.HCI_CommandStatusEvent.1</name>
         <load_address>0x1bb64</load_address>
         <run_address>0x1bb64</run_address>
         <size>0x8</size>
         <input_file_ref idref="fl-1f"/>
      </object_component>
      <object_component id="oc-952">
         <name>.tramp.HCI_SendCommandCompleteEvent.1</name>
         <load_address>0x1bb6c</load_address>
         <run_address>0x1bb6c</run_address>
         <size>0x8</size>
         <input_file_ref idref="fl-1f"/>
      </object_component>
      <object_component id="oc-951">
         <name>.tramp.llCalcScaFactor.1</name>
         <load_address>0x1bb74</load_address>
         <run_address>0x1bb74</run_address>
         <size>0x8</size>
         <input_file_ref idref="fl-1f"/>
      </object_component>
      <object_component id="oc-950">
         <name>.tramp.LL_ENC_Decrypt.1</name>
         <load_address>0x1bb7c</load_address>
         <run_address>0x1bb7c</run_address>
         <size>0x8</size>
         <input_file_ref idref="fl-1f"/>
      </object_component>
      <object_component id="oc-94f">
         <name>.tramp.llProcessScanRxFIFO.1</name>
         <load_address>0x1bb84</load_address>
         <run_address>0x1bb84</run_address>
         <size>0x8</size>
         <input_file_ref idref="fl-1f"/>
      </object_component>
      <object_component id="oc-94e">
         <name>.tramp.llSetupPauseEncReq.1</name>
         <load_address>0x1bb8c</load_address>
         <run_address>0x1bb8c</run_address>
         <size>0x8</size>
         <input_file_ref idref="fl-1f"/>
      </object_component>
      <object_component id="oc-94d">
         <name>.tramp.llSetupEncReq.1</name>
         <load_address>0x1bb94</load_address>
         <run_address>0x1bb94</run_address>
         <size>0x8</size>
         <input_file_ref idref="fl-1f"/>
      </object_component>
      <object_component id="oc-94c">
         <name>.tramp.llSetupUpdateParamReq.1</name>
         <load_address>0x1bb9c</load_address>
         <run_address>0x1bb9c</run_address>
         <size>0x8</size>
         <input_file_ref idref="fl-1f"/>
      </object_component>
      <object_component id="oc-94b">
         <name>.tramp.llPatchCM0.1</name>
         <load_address>0x1bba4</load_address>
         <run_address>0x1bba4</run_address>
         <size>0x8</size>
         <input_file_ref idref="fl-1f"/>
      </object_component>
      <object_component id="oc-94a">
         <name>.tramp.LL_Encrypt.1</name>
         <load_address>0x1bbac</load_address>
         <run_address>0x1bbac</run_address>
         <size>0x8</size>
         <input_file_ref idref="fl-1f"/>
      </object_component>
      <object_component id="oc-949">
         <name>.tramp.llSetupVersionIndReq.1</name>
         <load_address>0x1bbb4</load_address>
         <run_address>0x1bbb4</run_address>
         <size>0x8</size>
         <input_file_ref idref="fl-1f"/>
      </object_component>
      <object_component id="oc-948">
         <name>.tramp.LL_ReadRemoteVersionInfoCback.1</name>
         <load_address>0x1bbbc</load_address>
         <run_address>0x1bbbc</run_address>
         <size>0x8</size>
         <input_file_ref idref="fl-1f"/>
      </object_component>
      <object_component id="oc-947">
         <name>.tramp.llSetupPauseEncRsp.1</name>
         <load_address>0x1bbc4</load_address>
         <run_address>0x1bbc4</run_address>
         <size>0x8</size>
         <input_file_ref idref="fl-1f"/>
      </object_component>
      <object_component id="oc-946">
         <name>.tramp.llSetupStartEncRsp.1</name>
         <load_address>0x1bbcc</load_address>
         <run_address>0x1bbcc</run_address>
         <size>0x8</size>
         <input_file_ref idref="fl-1f"/>
      </object_component>
      <object_component id="oc-945">
         <name>.tramp.llSetupStartEncReq.1</name>
         <load_address>0x1bbd4</load_address>
         <run_address>0x1bbd4</run_address>
         <size>0x8</size>
         <input_file_ref idref="fl-1f"/>
      </object_component>
      <object_component id="oc-944">
         <name>.tramp.llSetupEncRsp.1</name>
         <load_address>0x1bbdc</load_address>
         <run_address>0x1bbdc</run_address>
         <size>0x8</size>
         <input_file_ref idref="fl-1f"/>
      </object_component>
      <object_component id="oc-943">
         <name>.tramp.LL_EncLtkReqCback.1</name>
         <load_address>0x1bbe4</load_address>
         <run_address>0x1bbe4</run_address>
         <size>0x8</size>
         <input_file_ref idref="fl-1f"/>
      </object_component>
      <object_component id="oc-942">
         <name>.tramp.llEventInRange.1</name>
         <load_address>0x1bbec</load_address>
         <run_address>0x1bbec</run_address>
         <size>0x8</size>
         <input_file_ref idref="fl-1f"/>
      </object_component>
      <object_component id="oc-941">
         <name>.tramp.llCheckForLstoDuringSL.1</name>
         <load_address>0x1bbf4</load_address>
         <run_address>0x1bbf4</run_address>
         <size>0x8</size>
         <input_file_ref idref="fl-1f"/>
      </object_component>
      <object_component id="oc-940">
         <name>.tramp.llConnTerminate.1</name>
         <load_address>0x1bbfc</load_address>
         <run_address>0x1bbfc</run_address>
         <size>0x8</size>
         <input_file_ref idref="fl-1f"/>
      </object_component>
      <object_component id="oc-93f">
         <name>.tramp.llGetNumTxDataEntries.1</name>
         <load_address>0x1bc04</load_address>
         <run_address>0x1bc04</run_address>
         <size>0x8</size>
         <input_file_ref idref="fl-1f"/>
      </object_component>
      <object_component id="oc-93e">
         <name>.tramp.llMoveTempTxDataEntries.1</name>
         <load_address>0x1bc0c</load_address>
         <run_address>0x1bc0c</run_address>
         <size>0x8</size>
         <input_file_ref idref="fl-1f"/>
      </object_component>
      <object_component id="oc-93d">
         <name>.tramp.LL_EncChangeCback.1</name>
         <load_address>0x1bc14</load_address>
         <run_address>0x1bc14</run_address>
         <size>0x8</size>
         <input_file_ref idref="fl-1f"/>
      </object_component>
      <object_component id="oc-93c">
         <name>.tramp.LL_EncKeyRefreshCback.1</name>
         <load_address>0x1bc1c</load_address>
         <run_address>0x1bc1c</run_address>
         <size>0x8</size>
         <input_file_ref idref="fl-1f"/>
      </object_component>
      <object_component id="oc-93b">
         <name>.tramp.LL_ENC_AES128_Encrypt.1</name>
         <load_address>0x1bc24</load_address>
         <run_address>0x1bc24</run_address>
         <size>0x8</size>
         <input_file_ref idref="fl-1f"/>
      </object_component>
      <object_component id="oc-93a">
         <name>.tramp.LL_ENC_ReverseBytes.1</name>
         <load_address>0x1bc2c</load_address>
         <run_address>0x1bc2c</run_address>
         <size>0x8</size>
         <input_file_ref idref="fl-1f"/>
      </object_component>
      <object_component id="oc-939">
         <name>.tramp.llSetupUnknownRsp.1</name>
         <load_address>0x1bc34</load_address>
         <run_address>0x1bc34</run_address>
         <size>0x8</size>
         <input_file_ref idref="fl-1f"/>
      </object_component>
      <object_component id="oc-938">
         <name>.tramp.llMemCopySrc.1</name>
         <load_address>0x1bc3c</load_address>
         <run_address>0x1bc3c</run_address>
         <size>0x8</size>
         <input_file_ref idref="fl-1f"/>
      </object_component>
      <object_component id="oc-937">
         <name>.tramp.HCI_EXT_SaveFreqTuneCmd.1</name>
         <load_address>0x1bc44</load_address>
         <run_address>0x1bc44</run_address>
         <size>0x8</size>
         <input_file_ref idref="fl-1f"/>
      </object_component>
      <object_component id="oc-936">
         <name>.tramp.HCI_EXT_SetFreqTuneCmd.1</name>
         <load_address>0x1bc4c</load_address>
         <run_address>0x1bc4c</run_address>
         <size>0x8</size>
         <input_file_ref idref="fl-1f"/>
      </object_component>
      <object_component id="oc-935">
         <name>.tramp.HCI_EXT_DeclareNvUsageCmd.1</name>
         <load_address>0x1bc54</load_address>
         <run_address>0x1bc54</run_address>
         <size>0x8</size>
         <input_file_ref idref="fl-1f"/>
      </object_component>
      <object_component id="oc-934">
         <name>.tramp.HCI_EXT_ClkDivOnHaltCmd.1</name>
         <load_address>0x1bc5c</load_address>
         <run_address>0x1bc5c</run_address>
         <size>0x8</size>
         <input_file_ref idref="fl-1f"/>
      </object_component>
      <object_component id="oc-933">
         <name>.tramp.HCI_EXT_OverlappedProcessingCmd.1</name>
         <load_address>0x1bc64</load_address>
         <run_address>0x1bc64</run_address>
         <size>0x8</size>
         <input_file_ref idref="fl-1f"/>
      </object_component>
      <object_component id="oc-932">
         <name>.tramp.HCI_EXT_MapPmIoPortCmd.1</name>
         <load_address>0x1bc6c</load_address>
         <run_address>0x1bc6c</run_address>
         <size>0x8</size>
         <input_file_ref idref="fl-1f"/>
      </object_component>
      <object_component id="oc-931">
         <name>.tramp.HCI_EXT_HaltDuringRfCmd.1</name>
         <load_address>0x1bc74</load_address>
         <run_address>0x1bc74</run_address>
         <size>0x8</size>
         <input_file_ref idref="fl-1f"/>
      </object_component>
      <object_component id="oc-930">
         <name>.tramp.HCI_EXT_ExtendRfRangeCmd.1</name>
         <load_address>0x1bc7c</load_address>
         <run_address>0x1bc7c</run_address>
         <size>0x8</size>
         <input_file_ref idref="fl-1f"/>
      </object_component>
      <object_component id="oc-92f">
         <name>.tramp.HCI_EXT_SetRxGainCmd.1</name>
         <load_address>0x1bc84</load_address>
         <run_address>0x1bc84</run_address>
         <size>0x8</size>
         <input_file_ref idref="fl-1f"/>
      </object_component>
      <object_component id="oc-92e">
         <name>.tramp.HCI_LE_LtkReqNegReplyCmd.1</name>
         <load_address>0x1bc8c</load_address>
         <run_address>0x1bc8c</run_address>
         <size>0x8</size>
         <input_file_ref idref="fl-1f"/>
      </object_component>
      <object_component id="oc-92d">
         <name>.tramp.HCI_LE_LtkReqReplyCmd.1</name>
         <load_address>0x1bc94</load_address>
         <run_address>0x1bc94</run_address>
         <size>0x8</size>
         <input_file_ref idref="fl-1f"/>
      </object_component>
      <object_component id="oc-92c">
         <name>.tramp.HCI_LE_StartEncyptCmd.1</name>
         <load_address>0x1bc9c</load_address>
         <run_address>0x1bc9c</run_address>
         <size>0x8</size>
         <input_file_ref idref="fl-1f"/>
      </object_component>
      <object_component id="oc-92b">
         <name>.tramp.HCI_LE_RandCmd.1</name>
         <load_address>0x1bca4</load_address>
         <run_address>0x1bca4</run_address>
         <size>0x8</size>
         <input_file_ref idref="fl-1f"/>
      </object_component>
      <object_component id="oc-92a">
         <name>.tramp.HCI_ReverseBytes.1</name>
         <load_address>0x1bcac</load_address>
         <run_address>0x1bcac</run_address>
         <size>0x8</size>
         <input_file_ref idref="fl-1f"/>
      </object_component>
      <object_component id="oc-929">
         <name>.tramp.HCI_LE_CreateConnCancelCmd.1</name>
         <load_address>0x1bcb4</load_address>
         <run_address>0x1bcb4</run_address>
         <size>0x8</size>
         <input_file_ref idref="fl-1f"/>
      </object_component>
      <object_component id="oc-928">
         <name>.tramp.HCI_LE_CreateConnCmd.1</name>
         <load_address>0x1bcbc</load_address>
         <run_address>0x1bcbc</run_address>
         <size>0x8</size>
         <input_file_ref idref="fl-1f"/>
      </object_component>
      <object_component id="oc-927">
         <name>.tramp.HCI_LE_SetScanEnableCmd.1</name>
         <load_address>0x1bcc4</load_address>
         <run_address>0x1bcc4</run_address>
         <size>0x8</size>
         <input_file_ref idref="fl-1f"/>
      </object_component>
      <object_component id="oc-926">
         <name>.tramp.HCI_LE_SetScanParamCmd.1</name>
         <load_address>0x1bccc</load_address>
         <run_address>0x1bccc</run_address>
         <size>0x8</size>
         <input_file_ref idref="fl-1f"/>
      </object_component>
      <object_component id="oc-925">
         <name>.tramp.HCI_LE_SetAdvEnableCmd.1</name>
         <load_address>0x1bcd4</load_address>
         <run_address>0x1bcd4</run_address>
         <size>0x8</size>
         <input_file_ref idref="fl-1f"/>
      </object_component>
      <object_component id="oc-924">
         <name>.tramp.HCI_LE_SetScanRspDataCmd.1</name>
         <load_address>0x1bcdc</load_address>
         <run_address>0x1bcdc</run_address>
         <size>0x8</size>
         <input_file_ref idref="fl-1f"/>
      </object_component>
      <object_component id="oc-923">
         <name>.tramp.HCI_LE_SetAdvDataCmd.1</name>
         <load_address>0x1bce4</load_address>
         <run_address>0x1bce4</run_address>
         <size>0x8</size>
         <input_file_ref idref="fl-1f"/>
      </object_component>
      <object_component id="oc-922">
         <name>.tramp.HCI_LE_SetAdvParamCmd.1</name>
         <load_address>0x1bcec</load_address>
         <run_address>0x1bcec</run_address>
         <size>0x8</size>
         <input_file_ref idref="fl-1f"/>
      </object_component>
      <object_component id="oc-921">
         <name>.tramp.HCI_LE_SetRandomAddressCmd.1</name>
         <load_address>0x1bcf4</load_address>
         <run_address>0x1bcf4</run_address>
         <size>0x8</size>
         <input_file_ref idref="fl-1f"/>
      </object_component>
      <object_component id="oc-920">
         <name>.tramp.HCI_HostNumCompletedPktCmd.1</name>
         <load_address>0x1bcfc</load_address>
         <run_address>0x1bcfc</run_address>
         <size>0x8</size>
         <input_file_ref idref="fl-1f"/>
      </object_component>
      <object_component id="oc-91f">
         <name>.tramp.HCI_HostBufferSizeCmd.1</name>
         <load_address>0x1bd04</load_address>
         <run_address>0x1bd04</run_address>
         <size>0x8</size>
         <input_file_ref idref="fl-1f"/>
      </object_component>
      <object_component id="oc-91e">
         <name>.tramp.HCI_SetControllerToHostFlowCtrlCmd.1</name>
         <load_address>0x1bd0c</load_address>
         <run_address>0x1bd0c</run_address>
         <size>0x8</size>
         <input_file_ref idref="fl-1f"/>
      </object_component>
      <object_component id="oc-91d">
         <name>.tramp.HCI_DisconnectCmd.1</name>
         <load_address>0x1bd14</load_address>
         <run_address>0x1bd14</run_address>
         <size>0x8</size>
         <input_file_ref idref="fl-1f"/>
      </object_component>
      <object_component id="oc-91c">
         <name>.tramp.HCI_CommandCompleteEvent.1</name>
         <load_address>0x1bd1c</load_address>
         <run_address>0x1bd1c</run_address>
         <size>0x8</size>
         <input_file_ref idref="fl-1f"/>
      </object_component>
      <object_component id="oc-91b">
         <name>.tramp.HCI_SendDataPkt.1</name>
         <load_address>0x1bd24</load_address>
         <run_address>0x1bd24</run_address>
         <size>0x8</size>
         <input_file_ref idref="fl-1f"/>
      </object_component>
      <object_component id="oc-91a">
         <name>.tramp.llSetupRejectInd.1</name>
         <load_address>0x1bd2c</load_address>
         <run_address>0x1bd2c</run_address>
         <size>0x8</size>
         <input_file_ref idref="fl-1f"/>
      </object_component>
      <object_component id="oc-919">
         <name>.tramp.WL_FindEntry.1</name>
         <load_address>0x1bd34</load_address>
         <run_address>0x1bd34</run_address>
         <size>0x8</size>
         <input_file_ref idref="fl-1f"/>
      </object_component>
      <object_component id="oc-918">
         <name>.tramp.LL_RX_bm_alloc.1</name>
         <load_address>0x1bd3c</load_address>
         <run_address>0x1bd3c</run_address>
         <size>0x8</size>
         <input_file_ref idref="fl-1f"/>
      </object_component>
      <object_component id="oc-917">
         <name>.tramp.llConvertCtrlProcTimeoutToEvent.1</name>
         <load_address>0x1bd44</load_address>
         <run_address>0x1bd44</run_address>
         <size>0x8</size>
         <input_file_ref idref="fl-1f"/>
      </object_component>
      <object_component id="oc-916">
         <name>.tramp.llConvertLstoToEvent.1</name>
         <load_address>0x1bd4c</load_address>
         <run_address>0x1bd4c</run_address>
         <size>0x8</size>
         <input_file_ref idref="fl-1f"/>
      </object_component>
      <object_component id="oc-915">
         <name>.tramp.llTimeDelta.1</name>
         <load_address>0x1bd54</load_address>
         <run_address>0x1bd54</run_address>
         <size>0x8</size>
         <input_file_ref idref="fl-1f"/>
      </object_component>
      <object_component id="oc-914">
         <name>.tramp.llTimeCompare.1</name>
         <load_address>0x1bd5c</load_address>
         <run_address>0x1bd5c</run_address>
         <size>0x8</size>
         <input_file_ref idref="fl-1f"/>
      </object_component>
      <object_component id="oc-913">
         <name>.tramp.LL_ENC_Encrypt.1</name>
         <load_address>0x1bd64</load_address>
         <run_address>0x1bd64</run_address>
         <size>0x8</size>
         <input_file_ref idref="fl-1f"/>
      </object_component>
      <object_component id="oc-912">
         <name>.tramp.LL_TX_bm_alloc.1</name>
         <load_address>0x1bd6c</load_address>
         <run_address>0x1bd6c</run_address>
         <size>0x8</size>
         <input_file_ref idref="fl-1f"/>
      </object_component>
      <object_component id="oc-911">
         <name>.tramp.llEventDelta.1</name>
         <load_address>0x1bd74</load_address>
         <run_address>0x1bd74</run_address>
         <size>0x8</size>
         <input_file_ref idref="fl-1f"/>
      </object_component>
      <object_component id="oc-910">
         <name>.tramp.llAtLeastTwoChans.1</name>
         <load_address>0x1bd7c</load_address>
         <run_address>0x1bd7c</run_address>
         <size>0x8</size>
         <input_file_ref idref="fl-1f"/>
      </object_component>
      <object_component id="oc-90f">
         <name>.tramp.llSetupConn.1</name>
         <load_address>0x1bd84</load_address>
         <run_address>0x1bd84</run_address>
         <size>0x8</size>
         <input_file_ref idref="fl-1f"/>
      </object_component>
      <object_component id="oc-90e">
         <name>.tramp.llSetupInit.1</name>
         <load_address>0x1bd8c</load_address>
         <run_address>0x1bd8c</run_address>
         <size>0x8</size>
         <input_file_ref idref="fl-1f"/>
      </object_component>
      <object_component id="oc-90d">
         <name>.tramp.llGenerateValidAccessAddr.1</name>
         <load_address>0x1bd94</load_address>
         <run_address>0x1bd94</run_address>
         <size>0x8</size>
         <input_file_ref idref="fl-1f"/>
      </object_component>
      <object_component id="oc-90c">
         <name>.tramp.llGenerateCRC.1</name>
         <load_address>0x1bd9c</load_address>
         <run_address>0x1bd9c</run_address>
         <size>0x8</size>
         <input_file_ref idref="fl-1f"/>
      </object_component>
      <object_component id="oc-90b">
         <name>.tramp.llReleaseConnId.1</name>
         <load_address>0x1bda4</load_address>
         <run_address>0x1bda4</run_address>
         <size>0x8</size>
         <input_file_ref idref="fl-1f"/>
      </object_component>
      <object_component id="oc-90a">
         <name>.tramp.llPendingUpdateParam.1</name>
         <load_address>0x1bdac</load_address>
         <run_address>0x1bdac</run_address>
         <size>0x8</size>
         <input_file_ref idref="fl-1f"/>
      </object_component>
      <object_component id="oc-909">
         <name>.tramp.llFreeTask.1</name>
         <load_address>0x1bdb4</load_address>
         <run_address>0x1bdb4</run_address>
         <size>0x8</size>
         <input_file_ref idref="fl-1f"/>
      </object_component>
      <object_component id="oc-908">
         <name>.tramp.llGetNumTasks.1</name>
         <load_address>0x1bdbc</load_address>
         <run_address>0x1bdbc</run_address>
         <size>0x8</size>
         <input_file_ref idref="fl-1f"/>
      </object_component>
      <object_component id="oc-907">
         <name>.tramp.llScheduler.1</name>
         <load_address>0x1bdc4</load_address>
         <run_address>0x1bdc4</run_address>
         <size>0x8</size>
         <input_file_ref idref="fl-1f"/>
      </object_component>
      <object_component id="oc-906">
         <name>.tramp.llSetupAdv.1</name>
         <load_address>0x1bdcc</load_address>
         <run_address>0x1bdcc</run_address>
         <size>0x8</size>
         <input_file_ref idref="fl-1f"/>
      </object_component>
      <object_component id="oc-905">
         <name>.tramp.LL_DirectTestEndDoneCback.1</name>
         <load_address>0x1bdd4</load_address>
         <run_address>0x1bdd4</run_address>
         <size>0x8</size>
         <input_file_ref idref="fl-1f"/>
      </object_component>
      <object_component id="oc-904">
         <name>.tramp.llRfStartFS.1</name>
         <load_address>0x1bddc</load_address>
         <run_address>0x1bddc</run_address>
         <size>0x8</size>
         <input_file_ref idref="fl-1f"/>
      </object_component>
      <object_component id="oc-903">
         <name>.tramp.llWriteTxData.1</name>
         <load_address>0x1bde4</load_address>
         <run_address>0x1bde4</run_address>
         <size>0x8</size>
         <input_file_ref idref="fl-1f"/>
      </object_component>
      <object_component id="oc-902">
         <name>.tramp.HCI_DataBufferOverflowEvent.1</name>
         <load_address>0x1bdec</load_address>
         <run_address>0x1bdec</run_address>
         <size>0x8</size>
         <input_file_ref idref="fl-1f"/>
      </object_component>
      <object_component id="oc-901">
         <name>.tramp.LL_ENC_GenerateTrueRandNum.1</name>
         <load_address>0x1bdf4</load_address>
         <run_address>0x1bdf4</run_address>
         <size>0x8</size>
         <input_file_ref idref="fl-1f"/>
      </object_component>
      <object_component id="oc-900">
         <name>.tramp.llEnqueueCtrlPkt.1</name>
         <load_address>0x1bdfc</load_address>
         <run_address>0x1bdfc</run_address>
         <size>0x8</size>
         <input_file_ref idref="fl-1f"/>
      </object_component>
      <object_component id="oc-8ff">
         <name>.tramp.LL_ENC_GenDeviceIV.1</name>
         <load_address>0x1be04</load_address>
         <run_address>0x1be04</run_address>
         <size>0x8</size>
         <input_file_ref idref="fl-1f"/>
      </object_component>
      <object_component id="oc-8fe">
         <name>.tramp.LL_ENC_GenDeviceSKD.1</name>
         <load_address>0x1be0c</load_address>
         <run_address>0x1be0c</run_address>
         <size>0x8</size>
         <input_file_ref idref="fl-1f"/>
      </object_component>
      <object_component id="oc-8fd">
         <name>.tramp.LL_ConnActive.1</name>
         <load_address>0x1be14</load_address>
         <run_address>0x1be14</run_address>
         <size>0x8</size>
         <input_file_ref idref="fl-1f"/>
      </object_component>
      <object_component id="oc-8fc">
         <name>.tramp.llReleaseAllConnId.1</name>
         <load_address>0x1be1c</load_address>
         <run_address>0x1be1c</run_address>
         <size>0x8</size>
         <input_file_ref idref="fl-1f"/>
      </object_component>
      <object_component id="oc-8fb">
         <name>.tramp.LL_ClearWhiteList.1</name>
         <load_address>0x1be24</load_address>
         <run_address>0x1be24</run_address>
         <size>0x8</size>
         <input_file_ref idref="fl-1f"/>
      </object_component>
      <object_component id="oc-8fa">
         <name>.tramp.LL_ENC_Init.1</name>
         <load_address>0x1be2c</load_address>
         <run_address>0x1be2c</run_address>
         <size>0x8</size>
         <input_file_ref idref="fl-1f"/>
      </object_component>
      <object_component id="oc-8f9">
         <name>.tramp.WL_Init.1</name>
         <load_address>0x1be34</load_address>
         <run_address>0x1be34</run_address>
         <size>0x8</size>
         <input_file_ref idref="fl-1f"/>
      </object_component>
      <object_component id="oc-8f8">
         <name>.tramp.llHaltRadio.1</name>
         <load_address>0x1be3c</load_address>
         <run_address>0x1be3c</run_address>
         <size>0x8</size>
         <input_file_ref idref="fl-1f"/>
      </object_component>
      <object_component id="oc-8f7">
         <name>.tramp.HCI_HardwareErrorEvent.1</name>
         <load_address>0x1be44</load_address>
         <run_address>0x1be44</run_address>
         <size>0x8</size>
         <input_file_ref idref="fl-1f"/>
      </object_component>
      <object_component id="oc-8f6">
         <name>.tramp.LL_ConnectionCompleteCback.1</name>
         <load_address>0x1be4c</load_address>
         <run_address>0x1be4c</run_address>
         <size>0x8</size>
         <input_file_ref idref="fl-1f"/>
      </object_component>
      <object_component id="oc-8f5">
         <name>.tramp.llGetCurrentTask.1</name>
         <load_address>0x1be54</load_address>
         <run_address>0x1be54</run_address>
         <size>0x8</size>
         <input_file_ref idref="fl-1f"/>
      </object_component>
      <object_component id="oc-8f4">
         <name>.tramp.llInitRAT.1</name>
         <load_address>0x1be5c</load_address>
         <run_address>0x1be5c</run_address>
         <size>0x8</size>
         <input_file_ref idref="fl-1f"/>
      </object_component>
      <object_component id="oc-8f3">
         <name>.tramp.llGetCurrentTime.1</name>
         <load_address>0x1be64</load_address>
         <run_address>0x1be64</run_address>
         <size>0x8</size>
         <input_file_ref idref="fl-1f"/>
      </object_component>
      <object_component id="oc-8f2">
         <name>.tramp.llSetupRfHal.1</name>
         <load_address>0x1be6c</load_address>
         <run_address>0x1be6c</run_address>
         <size>0x8</size>
         <input_file_ref idref="fl-1f"/>
      </object_component>
      <object_component id="oc-8f1">
         <name>.tramp.llSetupMailbox.1</name>
         <load_address>0x1be74</load_address>
         <run_address>0x1be74</run_address>
         <size>0x8</size>
         <input_file_ref idref="fl-1f"/>
      </object_component>
      <object_component id="oc-8f0">
         <name>.tramp.llResetRadio.1</name>
         <load_address>0x1be7c</load_address>
         <run_address>0x1be7c</run_address>
         <size>0x8</size>
         <input_file_ref idref="fl-1f"/>
      </object_component>
      <object_component id="oc-8ef">
         <name>.tramp.HCI_bm_alloc.1</name>
         <load_address>0x1be84</load_address>
         <run_address>0x1be84</run_address>
         <size>0x8</size>
         <input_file_ref idref="fl-1f"/>
      </object_component>
      <object_component id="oc-8ee">
         <name>.tramp.HCI_ReadRemoteVersionInfoCmd.1</name>
         <load_address>0x1be8c</load_address>
         <run_address>0x1be8c</run_address>
         <size>0x8</size>
         <input_file_ref idref="fl-1f"/>
      </object_component>
      <object_component id="oc-8ed">
         <name>.tramp.HCI_SetEventMaskCmd.1</name>
         <load_address>0x1be94</load_address>
         <run_address>0x1be94</run_address>
         <size>0x8</size>
         <input_file_ref idref="fl-1f"/>
      </object_component>
      <object_component id="oc-8ec">
         <name>.tramp.HCI_ReadTransmitPowerLevelCmd.1</name>
         <load_address>0x1be9c</load_address>
         <run_address>0x1be9c</run_address>
         <size>0x8</size>
         <input_file_ref idref="fl-1f"/>
      </object_component>
      <object_component id="oc-8eb">
         <name>.tramp.HCI_ReadLocalSupportedFeaturesCmd.1</name>
         <load_address>0x1bea4</load_address>
         <run_address>0x1bea4</run_address>
         <size>0x8</size>
         <input_file_ref idref="fl-1f"/>
      </object_component>
      <object_component id="oc-8ea">
         <name>.tramp.HCI_ReadBDADDRCmd.1</name>
         <load_address>0x1beac</load_address>
         <run_address>0x1beac</run_address>
         <size>0x8</size>
         <input_file_ref idref="fl-1f"/>
      </object_component>
      <object_component id="oc-8e9">
         <name>.tramp.HCI_ReadRssiCmd.1</name>
         <load_address>0x1beb4</load_address>
         <run_address>0x1beb4</run_address>
         <size>0x8</size>
         <input_file_ref idref="fl-1f"/>
      </object_component>
      <object_component id="oc-8e8">
         <name>.tramp.HCI_LE_ReadLocalSupportedFeaturesCmd.1</name>
         <load_address>0x1bebc</load_address>
         <run_address>0x1bebc</run_address>
         <size>0x8</size>
         <input_file_ref idref="fl-1f"/>
      </object_component>
      <object_component id="oc-8e7">
         <name>.tramp.HCI_LE_ReadAdvChanTxPowerCmd.1</name>
         <load_address>0x1bec4</load_address>
         <run_address>0x1bec4</run_address>
         <size>0x8</size>
         <input_file_ref idref="fl-1f"/>
      </object_component>
      <object_component id="oc-8e6">
         <name>.tramp.HCI_LE_ReadWhiteListSizeCmd.1</name>
         <load_address>0x1becc</load_address>
         <run_address>0x1becc</run_address>
         <size>0x8</size>
         <input_file_ref idref="fl-1f"/>
      </object_component>
      <object_component id="oc-8e5">
         <name>.tramp.HCI_LE_ClearWhiteListCmd.1</name>
         <load_address>0x1bed4</load_address>
         <run_address>0x1bed4</run_address>
         <size>0x8</size>
         <input_file_ref idref="fl-1f"/>
      </object_component>
      <object_component id="oc-8e4">
         <name>.tramp.HCI_LE_AddWhiteListCmd.1</name>
         <load_address>0x1bedc</load_address>
         <run_address>0x1bedc</run_address>
         <size>0x8</size>
         <input_file_ref idref="fl-1f"/>
      </object_component>
      <object_component id="oc-8e3">
         <name>.tramp.HCI_LE_RemoveWhiteListCmd.1</name>
         <load_address>0x1bee4</load_address>
         <run_address>0x1bee4</run_address>
         <size>0x8</size>
         <input_file_ref idref="fl-1f"/>
      </object_component>
      <object_component id="oc-8e2">
         <name>.tramp.HCI_LE_SetHostChanClassificationCmd.1</name>
         <load_address>0x1beec</load_address>
         <run_address>0x1beec</run_address>
         <size>0x8</size>
         <input_file_ref idref="fl-1f"/>
      </object_component>
      <object_component id="oc-8e1">
         <name>.tramp.HCI_LE_ReadChannelMapCmd.1</name>
         <load_address>0x1bef4</load_address>
         <run_address>0x1bef4</run_address>
         <size>0x8</size>
         <input_file_ref idref="fl-1f"/>
      </object_component>
      <object_component id="oc-8e0">
         <name>.tramp.HCI_LE_EncryptCmd.1</name>
         <load_address>0x1befc</load_address>
         <run_address>0x1befc</run_address>
         <size>0x8</size>
         <input_file_ref idref="fl-1f"/>
      </object_component>
      <object_component id="oc-8df">
         <name>.tramp.HCI_LE_ReadSupportedStatesCmd.1</name>
         <load_address>0x1bf04</load_address>
         <run_address>0x1bf04</run_address>
         <size>0x8</size>
         <input_file_ref idref="fl-1f"/>
      </object_component>
      <object_component id="oc-8de">
         <name>.tramp.HCI_LE_TestEndCmd.1</name>
         <load_address>0x1bf0c</load_address>
         <run_address>0x1bf0c</run_address>
         <size>0x8</size>
         <input_file_ref idref="fl-1f"/>
      </object_component>
      <object_component id="oc-8dd">
         <name>.tramp.HCI_EXT_SetTxPowerCmd.1</name>
         <load_address>0x1bf14</load_address>
         <run_address>0x1bf14</run_address>
         <size>0x8</size>
         <input_file_ref idref="fl-1f"/>
      </object_component>
      <object_component id="oc-8dc">
         <name>.tramp.HCI_EXT_OnePktPerEvtCmd.1</name>
         <load_address>0x1bf1c</load_address>
         <run_address>0x1bf1c</run_address>
         <size>0x8</size>
         <input_file_ref idref="fl-1f"/>
      </object_component>
      <object_component id="oc-8db">
         <name>.tramp.HCI_EXT_DecryptCmd.1</name>
         <load_address>0x1bf24</load_address>
         <run_address>0x1bf24</run_address>
         <size>0x8</size>
         <input_file_ref idref="fl-1f"/>
      </object_component>
      <object_component id="oc-8da">
         <name>.tramp.HCI_EXT_SetLocalSupportedFeaturesCmd.1</name>
         <load_address>0x1bf2c</load_address>
         <run_address>0x1bf2c</run_address>
         <size>0x8</size>
         <input_file_ref idref="fl-1f"/>
      </object_component>
      <object_component id="oc-8d9">
         <name>.tramp.HCI_EXT_SetFastTxResponseTimeCmd.1</name>
         <load_address>0x1bf34</load_address>
         <run_address>0x1bf34</run_address>
         <size>0x8</size>
         <input_file_ref idref="fl-1f"/>
      </object_component>
      <object_component id="oc-8d8">
         <name>.tramp.HCI_EXT_ModemTestTxCmd.1</name>
         <load_address>0x1bf3c</load_address>
         <run_address>0x1bf3c</run_address>
         <size>0x8</size>
         <input_file_ref idref="fl-1f"/>
      </object_component>
      <object_component id="oc-8d7">
         <name>.tramp.HCI_EXT_ModemHopTestTxCmd.1</name>
         <load_address>0x1bf44</load_address>
         <run_address>0x1bf44</run_address>
         <size>0x8</size>
         <input_file_ref idref="fl-1f"/>
      </object_component>
      <object_component id="oc-8d6">
         <name>.tramp.HCI_EXT_ModemTestRxCmd.1</name>
         <load_address>0x1bf4c</load_address>
         <run_address>0x1bf4c</run_address>
         <size>0x8</size>
         <input_file_ref idref="fl-1f"/>
      </object_component>
      <object_component id="oc-8d5">
         <name>.tramp.HCI_EXT_EndModemTestCmd.1</name>
         <load_address>0x1bf54</load_address>
         <run_address>0x1bf54</run_address>
         <size>0x8</size>
         <input_file_ref idref="fl-1f"/>
      </object_component>
      <object_component id="oc-8d4">
         <name>.tramp.HCI_EXT_SetBDADDRCmd.1</name>
         <load_address>0x1bf5c</load_address>
         <run_address>0x1bf5c</run_address>
         <size>0x8</size>
         <input_file_ref idref="fl-1f"/>
      </object_component>
      <object_component id="oc-8d3">
         <name>.tramp.HCI_EXT_SetSCACmd.1</name>
         <load_address>0x1bf64</load_address>
         <run_address>0x1bf64</run_address>
         <size>0x8</size>
         <input_file_ref idref="fl-1f"/>
      </object_component>
      <object_component id="oc-8d2">
         <name>.tramp.HCI_EXT_EnablePTMCmd.1</name>
         <load_address>0x1bf6c</load_address>
         <run_address>0x1bf6c</run_address>
         <size>0x8</size>
         <input_file_ref idref="fl-1f"/>
      </object_component>
      <object_component id="oc-8d1">
         <name>.tramp.HCI_EXT_SetMaxDtmTxPowerCmd.1</name>
         <load_address>0x1bf74</load_address>
         <run_address>0x1bf74</run_address>
         <size>0x8</size>
         <input_file_ref idref="fl-1f"/>
      </object_component>
      <object_component id="oc-8d0">
         <name>.tramp.HCI_EXT_DisconnectImmedCmd.1</name>
         <load_address>0x1bf7c</load_address>
         <run_address>0x1bf7c</run_address>
         <size>0x8</size>
         <input_file_ref idref="fl-1f"/>
      </object_component>
      <object_component id="oc-8cf">
         <name>.tramp.HCI_EXT_PacketErrorRateCmd.1</name>
         <load_address>0x1bf84</load_address>
         <run_address>0x1bf84</run_address>
         <size>0x8</size>
         <input_file_ref idref="fl-1f"/>
      </object_component>
      <object_component id="oc-8ce">
         <name>.tramp.HCI_EXT_PERbyChanCmd.1</name>
         <load_address>0x1bf8c</load_address>
         <run_address>0x1bf8c</run_address>
         <size>0x8</size>
         <input_file_ref idref="fl-1f"/>
      </object_component>
      <object_component id="oc-8cd">
         <name>.tramp.HCI_EXT_AdvEventNoticeCmd.1</name>
         <load_address>0x1bf94</load_address>
         <run_address>0x1bf94</run_address>
         <size>0x8</size>
         <input_file_ref idref="fl-1f"/>
      </object_component>
      <object_component id="oc-8cc">
         <name>.tramp.HCI_EXT_SetSlaveLatencyOverrideCmd.1</name>
         <load_address>0x1bf9c</load_address>
         <run_address>0x1bf9c</run_address>
         <size>0x8</size>
         <input_file_ref idref="fl-1f"/>
      </object_component>
      <object_component id="oc-8cb">
         <name>.tramp.HCI_EXT_BuildRevisionCmd.1</name>
         <load_address>0x1bfa4</load_address>
         <run_address>0x1bfa4</run_address>
         <size>0x8</size>
         <input_file_ref idref="fl-1f"/>
      </object_component>
      <object_component id="oc-8ca">
         <name>.tramp.HCI_EXT_NumComplPktsLimitCmd.1</name>
         <load_address>0x1bfac</load_address>
         <run_address>0x1bfac</run_address>
         <size>0x8</size>
         <input_file_ref idref="fl-1f"/>
      </object_component>
      <object_component id="oc-8c9">
         <name>.tramp.HCI_SendControllerToHostEvent.1</name>
         <load_address>0x1bfb4</load_address>
         <run_address>0x1bfb4</run_address>
         <size>0x8</size>
         <input_file_ref idref="fl-1f"/>
      </object_component>
      <object_component id="oc-356">
         <name>.const:$O12$$</name>
         <load_address>0x1bfbc</load_address>
         <run_address>0x1bfbc</run_address>
         <size>0x664</size>
         <input_file_ref idref="fl-19"/>
      </object_component>
      <object_component id="oc-346">
         <name>.const:$O10$$</name>
         <load_address>0x1c620</load_address>
         <run_address>0x1c620</run_address>
         <size>0x10c</size>
         <input_file_ref idref="fl-16"/>
      </object_component>
      <object_component id="oc-598">
         <name>.const:tasksArr</name>
         <load_address>0x1c72c</load_address>
         <run_address>0x1c72c</run_address>
         <size>0x24</size>
         <input_file_ref idref="fl-18"/>
      </object_component>
      <object_component id="oc-5aa">
         <name>.rodata</name>
         <load_address>0x1c750</load_address>
         <run_address>0x1c750</run_address>
         <size>0x270</size>
         <input_file_ref idref="fl-10d"/>
      </object_component>
      <object_component id="oc-4e3">
         <name>.rodata</name>
         <load_address>0x1c9c0</load_address>
         <run_address>0x1c9c0</run_address>
         <size>0x5c</size>
         <input_file_ref idref="fl-ff"/>
      </object_component>
      <object_component id="oc-899">
         <name>.rodata</name>
         <load_address>0x1ca1c</load_address>
         <run_address>0x1ca1c</run_address>
         <size>0x8</size>
         <input_file_ref idref="fl-f0"/>
      </object_component>
      <object_component id="oc-853">
         <name>.rodata</name>
         <load_address>0x1ca24</load_address>
         <run_address>0x1ca24</run_address>
         <size>0x8</size>
         <input_file_ref idref="fl-f5"/>
      </object_component>
      <object_component id="oc-73a">
         <name>.rodata</name>
         <load_address>0x1ca2c</load_address>
         <run_address>0x1ca2c</run_address>
         <size>0x2</size>
         <input_file_ref idref="fl-103"/>
      </object_component>
      <object_component id="oc-8c6">
         <name>.cinit..data.load</name>
         <load_address>0x1ca30</load_address>
         <run_address>0x1ca30</run_address>
         <size>0x192</size>
      </object_component>
      <object_component id="oc-8c7">
         <name>.cinit..bss.load</name>
         <load_address>0x1cbc8</load_address>
         <run_address>0x1cbc8</run_address>
         <size>0xb</size>
      </object_component>
      <object_component id="oc-8c8">
         <name>.cinit..TI.bound:mbIntCbackTable.load</name>
         <load_address>0x1cbd8</load_address>
         <run_address>0x1cbd8</run_address>
         <size>0x9</size>
      </object_component>
      <object_component id="oc-8c4">
         <name>__TI_handler_table</name>
         <load_address>0x1cbe4</load_address>
         <run_address>0x1cbe4</run_address>
         <size>0x8</size>
      </object_component>
      <object_component id="oc-8c5">
         <name>__TI_cinit_table</name>
         <load_address>0x1cbec</load_address>
         <run_address>0x1cbec</run_address>
         <size>0x18</size>
      </object_component>
      <object_component id="oc-26">
         <name>EntrySection</name>
         <load_address>0x7000</load_address>
         <run_address>0x7000</run_address>
         <size>0x2c</size>
         <input_file_ref idref="fl-17"/>
      </object_component>
      <object_component id="oc-86f">
         <name>.data</name>
         <load_address>0x200046e8</load_address>
         <run_address>0x200046e8</run_address>
         <size>0x10</size>
         <input_file_ref idref="fl-e8"/>
      </object_component>
      <object_component id="oc-86e">
         <name>.data</name>
         <load_address>0x20004740</load_address>
         <run_address>0x20004740</run_address>
         <size>0x8</size>
         <input_file_ref idref="fl-e9"/>
      </object_component>
      <object_component id="oc-681">
         <name>.data</name>
         <load_address>0x2000464c</load_address>
         <run_address>0x2000464c</run_address>
         <size>0x2c</size>
         <input_file_ref idref="fl-ea"/>
      </object_component>
      <object_component id="oc-832">
         <name>.data</name>
         <load_address>0x20004554</load_address>
         <run_address>0x20004554</run_address>
         <size>0x50</size>
         <input_file_ref idref="fl-ea"/>
      </object_component>
      <object_component id="oc-682">
         <name>.data</name>
         <load_address>0x2000469c</load_address>
         <run_address>0x2000469c</run_address>
         <size>0x1c</size>
         <input_file_ref idref="fl-ec"/>
      </object_component>
      <object_component id="oc-857">
         <name>.data</name>
         <load_address>0x200046b8</load_address>
         <run_address>0x200046b8</run_address>
         <size>0x1c</size>
         <input_file_ref idref="fl-ed"/>
      </object_component>
      <object_component id="oc-86d">
         <name>.data</name>
         <load_address>0x20004754</load_address>
         <run_address>0x20004754</run_address>
         <size>0x4</size>
         <input_file_ref idref="fl-ee"/>
      </object_component>
      <object_component id="oc-680">
         <name>.data</name>
         <load_address>0x20004708</load_address>
         <run_address>0x20004708</run_address>
         <size>0xc</size>
         <input_file_ref idref="fl-ef"/>
      </object_component>
      <object_component id="oc-89a">
         <name>.data</name>
         <load_address>0x2000475e</load_address>
         <run_address>0x2000475e</run_address>
         <size>0x1</size>
         <input_file_ref idref="fl-f0"/>
      </object_component>
      <object_component id="oc-873">
         <name>.data</name>
         <load_address>0x20004678</load_address>
         <run_address>0x20004678</run_address>
         <size>0x24</size>
         <input_file_ref idref="fl-f0"/>
      </object_component>
      <object_component id="oc-89b">
         <name>.data</name>
         <load_address>0x2000475f</load_address>
         <run_address>0x2000475f</run_address>
         <size>0x1</size>
         <input_file_ref idref="fl-f0"/>
      </object_component>
      <object_component id="oc-89c">
         <name>.data</name>
         <load_address>0x20004760</load_address>
         <run_address>0x20004760</run_address>
         <size>0x1</size>
         <input_file_ref idref="fl-f0"/>
      </object_component>
      <object_component id="oc-874">
         <name>.data</name>
         <load_address>0x200044e4</load_address>
         <run_address>0x200044e4</run_address>
         <size>0x70</size>
         <input_file_ref idref="fl-f0"/>
      </object_component>
      <object_component id="oc-871">
         <name>.data</name>
         <load_address>0x20004761</load_address>
         <run_address>0x20004761</run_address>
         <size>0x1</size>
         <input_file_ref idref="fl-f1"/>
      </object_component>
      <object_component id="oc-850">
         <name>.data</name>
         <load_address>0x20004762</load_address>
         <run_address>0x20004762</run_address>
         <size>0x1</size>
         <input_file_ref idref="fl-f2"/>
      </object_component>
      <object_component id="oc-84f">
         <name>.data</name>
         <load_address>0x20004748</load_address>
         <run_address>0x20004748</run_address>
         <size>0x8</size>
[...]
         <value>0x185a3</value>
         <object_component_ref idref="oc-834"/>
      </symbol>
      <symbol id="sm-1902">
         <name>smpBuildIdentityInfo</name>
         <value>0x18591</value>
         <object_component_ref idref="oc-834"/>
      </symbol>
      <symbol id="sm-1903">
         <name>smpBuildMasterID</name>
         <value>0x18549</value>
         <object_component_ref idref="oc-834"/>
      </symbol>
      <symbol id="sm-1904">
         <name>smpBuildPairingConfirm</name>
         <value>0x1848b</value>
         <object_component_ref idref="oc-834"/>
      </symbol>
      <symbol id="sm-1905">
         <name>smpBuildPairingFailed</name>
         <value>0x184eb</value>
         <object_component_ref idref="oc-834"/>
      </symbol>
      <symbol id="sm-1906">
         <name>smpBuildPairingRandom</name>
         <value>0x184b3</value>
         <object_component_ref idref="oc-834"/>
      </symbol>
      <symbol id="sm-1907">
         <name>smpBuildPairingReq</name>
         <value>0x18301</value>
         <object_component_ref idref="oc-834"/>
      </symbol>
      <symbol id="sm-1908">
         <name>smpBuildPairingReqRsp</name>
         <value>0x1830f</value>
         <object_component_ref idref="oc-834"/>
      </symbol>
      <symbol id="sm-1909">
         <name>smpBuildPairingRsp</name>
         <value>0x18309</value>
         <object_component_ref idref="oc-834"/>
      </symbol>
      <symbol id="sm-190a">
         <name>smpBuildSecurityReq</name>
         <value>0x1861b</value>
         <object_component_ref idref="oc-834"/>
      </symbol>
      <symbol id="sm-190b">
         <name>smpBuildSigningInfo</name>
         <value>0x185f3</value>
         <object_component_ref idref="oc-834"/>
      </symbol>
      <symbol id="sm-190c">
         <name>smpParseEncInfo</name>
         <value>0x18533</value>
         <object_component_ref idref="oc-834"/>
      </symbol>
      <symbol id="sm-190d">
         <name>smpParseIdentityAddrInfo</name>
         <value>0x185d7</value>
         <object_component_ref idref="oc-834"/>
      </symbol>
      <symbol id="sm-190e">
         <name>smpParseIdentityInfo</name>
         <value>0x185c1</value>
         <object_component_ref idref="oc-834"/>
      </symbol>
      <symbol id="sm-190f">
         <name>smpParseMasterID</name>
         <value>0x1856d</value>
         <object_component_ref idref="oc-834"/>
      </symbol>
      <symbol id="sm-1910">
         <name>smpParsePairingConfirm</name>
         <value>0x1849d</value>
         <object_component_ref idref="oc-834"/>
      </symbol>
      <symbol id="sm-1911">
         <name>smpParsePairingFailed</name>
         <value>0x18503</value>
         <object_component_ref idref="oc-834"/>
      </symbol>
      <symbol id="sm-1912">
         <name>smpParsePairingRandom</name>
         <value>0x184d5</value>
         <object_component_ref idref="oc-834"/>
      </symbol>
      <symbol id="sm-1913">
         <name>smpParsePairingReq</name>
         <value>0x183b7</value>
         <object_component_ref idref="oc-834"/>
      </symbol>
      <symbol id="sm-1914">
         <name>smpParseSecurityReq</name>
         <value>0x18637</value>
         <object_component_ref idref="oc-834"/>
      </symbol>
      <symbol id="sm-1915">
         <name>smpParseSigningInfo</name>
         <value>0x18605</value>
         <object_component_ref idref="oc-834"/>
      </symbol>
      <symbol id="sm-19e9">
         <name>HCI_ExtTaskRegister</name>
         <value>0xf02f</value>
         <object_component_ref idref="oc-394"/>
      </symbol>
      <symbol id="sm-19ea">
         <name>HCI_GAPTaskRegister</name>
         <value>0xf017</value>
         <object_component_ref idref="oc-394"/>
      </symbol>
      <symbol id="sm-19eb">
         <name>HCI_Init</name>
         <value>0xef79</value>
         <object_component_ref idref="oc-394"/>
      </symbol>
      <symbol id="sm-19ec">
         <name>HCI_L2CAPTaskRegister</name>
         <value>0xf01f</value>
         <object_component_ref idref="oc-394"/>
      </symbol>
      <symbol id="sm-19ed">
         <name>HCI_ProcessEvent</name>
         <value>0xefc1</value>
         <object_component_ref idref="oc-394"/>
      </symbol>
      <symbol id="sm-19ee">
         <name>HCI_SMPTaskRegister</name>
         <value>0xf027</value>
         <object_component_ref idref="oc-394"/>
      </symbol>
      <symbol id="sm-19ef">
         <name>HCI_TestAppTaskRegister</name>
         <value>0xf00f</value>
         <object_component_ref idref="oc-394"/>
      </symbol>
      <symbol id="sm-19f0">
         <name>hciCmdTable</name>
         <value>0x1c750</value>
         <object_component_ref idref="oc-5aa"/>
      </symbol>
      <symbol id="sm-19f1">
         <name>hciDisconnect</name>
         <value>0xf461</value>
         <object_component_ref idref="oc-394"/>
      </symbol>
      <symbol id="sm-19f2">
         <name>hciExtBuildRevision</name>
         <value>0xf99d</value>
         <object_component_ref idref="oc-394"/>
      </symbol>
      <symbol id="sm-19f3">
         <name>hciExtClkDivOnHalt</name>
         <value>0xf92b</value>
         <object_component_ref idref="oc-394"/>
      </symbol>
      <symbol id="sm-19f4">
         <name>hciExtDeclareNvUsage</name>
         <value>0xf937</value>
         <object_component_ref idref="oc-394"/>
      </symbol>
      <symbol id="sm-19f5">
         <name>hciExtDecrypt</name>
         <value>0xf943</value>
         <object_component_ref idref="oc-394"/>
      </symbol>
      <symbol id="sm-19f6">
         <name>hciExtDelaySleep</name>
         <value>0xf9b3</value>
         <object_component_ref idref="oc-394"/>
      </symbol>
      <symbol id="sm-19f7">
         <name>hciExtDisconnectImmed</name>
         <value>0xf8cb</value>
         <object_component_ref idref="oc-394"/>
      </symbol>
      <symbol id="sm-19f8">
         <name>hciExtEnablePTM</name>
         <value>0xfa17</value>
         <object_component_ref idref="oc-394"/>
      </symbol>
      <symbol id="sm-19f9">
         <name>hciExtEndModemTest</name>
         <value>0xfa01</value>
         <object_component_ref idref="oc-394"/>
      </symbol>
      <symbol id="sm-19fa">
         <name>hciExtExtendRfRange</name>
         <value>0xf89b</value>
         <object_component_ref idref="oc-394"/>
      </symbol>
      <symbol id="sm-19fb">
         <name>hciExtGetConnInfo</name>
         <value>0xf90f</value>
         <object_component_ref idref="oc-394"/>
      </symbol>
      <symbol id="sm-19fc">
         <name>hciExtHaltDuringRf</name>
         <value>0xf8a5</value>
         <object_component_ref idref="oc-394"/>
      </symbol>
      <symbol id="sm-19fd">
         <name>hciExtMapPmIoPort</name>
         <value>0xf8bd</value>
         <object_component_ref idref="oc-394"/>
      </symbol>
      <symbol id="sm-19fe">
         <name>hciExtModemHopTestTx</name>
         <value>0xf9eb</value>
         <object_component_ref idref="oc-394"/>
      </symbol>
      <symbol id="sm-19ff">
         <name>hciExtModemTestTx</name>
         <value>0xf9dd</value>
         <object_component_ref idref="oc-394"/>
      </symbol>
      <symbol id="sm-1a00">
         <name>hciExtModemtestRx</name>
         <value>0xf9f5</value>
         <object_component_ref idref="oc-394"/>
      </symbol>
      <symbol id="sm-1a01">
         <name>hciExtNumComplPktsLimit</name>
         <value>0xf901</value>
         <object_component_ref idref="oc-394"/>
      </symbol>
      <symbol id="sm-1a02">
         <name>hciExtOnePktPerEvt</name>
         <value>0xf91f</value>
         <object_component_ref idref="oc-394"/>
      </symbol>
      <symbol id="sm-1a03">
         <name>hciExtOverlappedProcessing</name>
         <value>0xf8f5</value>
         <object_component_ref idref="oc-394"/>
      </symbol>
      <symbol id="sm-1a04">
         <name>hciExtPER</name>
         <value>0xf8df</value>
         <object_component_ref idref="oc-394"/>
      </symbol>
      <symbol id="sm-1a05">
         <name>hciExtResetSystem</name>
         <value>0xf9c7</value>
         <object_component_ref idref="oc-394"/>
      </symbol>
      <symbol id="sm-1a06">
         <name>hciExtSaveFreqTune</name>
         <value>0xfa2d</value>
         <object_component_ref idref="oc-394"/>
      </symbol>
      <symbol id="sm-1a07">
         <name>hciExtSetBDADDR</name>
         <value>0xfa0b</value>
         <object_component_ref idref="oc-394"/>
      </symbol>
      <symbol id="sm-1a08">
         <name>hciExtSetFastTxResponseTime</name>
         <value>0xf971</value>
         <object_component_ref idref="oc-394"/>
      </symbol>
      <symbol id="sm-1a09">
         <name>hciExtSetFreqTune</name>
         <value>0xfa21</value>
         <object_component_ref idref="oc-394"/>
      </symbol>
      <symbol id="sm-1a0a">
         <name>hciExtSetLocalSupportedFeatures</name>
         <value>0xf965</value>
         <object_component_ref idref="oc-394"/>
      </symbol>
      <symbol id="sm-1a0b">
         <name>hciExtSetMaxDtmTxPower</name>
         <value>0xf8b1</value>
         <object_component_ref idref="oc-394"/>
      </symbol>
      <symbol id="sm-1a0c">
         <name>hciExtSetRxGain</name>
         <value>0xf883</value>
         <object_component_ref idref="oc-394"/>
      </symbol>
      <symbol id="sm-1a0d">
         <name>hciExtSetSCA</name>
         <value>0xf989</value>
         <object_component_ref idref="oc-394"/>
      </symbol>
      <symbol id="sm-1a0e">
         <name>hciExtSetSlaveLatencyOverride</name>
         <value>0xf97d</value>
         <object_component_ref idref="oc-394"/>
      </symbol>
      <symbol id="sm-1a0f">
         <name>hciExtSetTxPower</name>
         <value>0xf88f</value>
         <object_component_ref idref="oc-394"/>
      </symbol>
      <symbol id="sm-1a10">
         <name>hciExtTaskID</name>
         <value>0x200048b9</value>
         <object_component_ref idref="oc-5a5"/>
      </symbol>
      <symbol id="sm-1a11">
         <name>hciGapTaskID</name>
         <value>0x200048b6</value>
         <object_component_ref idref="oc-4e0"/>
      </symbol>
      <symbol id="sm-1a12">
         <name>hciHostBufferSize</name>
         <value>0xf4cf</value>
         <object_component_ref idref="oc-394"/>
      </symbol>
      <symbol id="sm-1a13">
         <name>hciHostNumCompletedPkt</name>
         <value>0xf4f9</value>
         <object_component_ref idref="oc-394"/>
      </symbol>
      <symbol id="sm-1a14">
         <name>hciL2capTaskID</name>
         <value>0x200048b5</value>
         <object_component_ref idref="oc-4df"/>
      </symbol>
      <symbol id="sm-1a15">
         <name>hciLEAddWhiteList</name>
         <value>0xf6cd</value>
         <object_component_ref idref="oc-394"/>
      </symbol>
      <symbol id="sm-1a16">
         <name>hciLEClearWhiteList</name>
         <value>0xf6c3</value>
         <object_component_ref idref="oc-394"/>
      </symbol>
      <symbol id="sm-1a17">
         <name>hciLEConnUpdate</name>
         <value>0xf6e9</value>
         <object_component_ref idref="oc-394"/>
      </symbol>
      <symbol id="sm-1a18">
         <name>hciLECreateConn</name>
         <value>0xf639</value>
         <object_component_ref idref="oc-394"/>
      </symbol>
      <symbol id="sm-1a19">
         <name>hciLECreateConnCancel</name>
         <value>0xf6af</value>
         <object_component_ref idref="oc-394"/>
      </symbol>
      <symbol id="sm-1a1a">
         <name>hciLEEncrypt</name>
         <value>0xf773</value>
         <object_component_ref idref="oc-394"/>
      </symbol>
      <symbol id="sm-1a1b">
         <name>hciLELtkReqNegReply</name>
         <value>0xf7d3</value>
         <object_component_ref idref="oc-394"/>
      </symbol>
      <symbol id="sm-1a1c">
         <name>hciLELtkReqReply</name>
         <value>0xf7bd</value>
         <object_component_ref idref="oc-394"/>
      </symbol>
      <symbol id="sm-1a1d">
         <name>hciLERand</name>
         <value>0xf795</value>
         <object_component_ref idref="oc-394"/>
      </symbol>
      <symbol id="sm-1a1e">
         <name>hciLEReadAdvChanTxPower</name>
         <value>0xf5f9</value>
         <object_component_ref idref="oc-394"/>
      </symbol>
      <symbol id="sm-1a1f">
         <name>hciLEReadBufSize</name>
         <value>0xf57b</value>
         <object_component_ref idref="oc-394"/>
      </symbol>
      <symbol id="sm-1a20">
         <name>hciLEReadChanMap</name>
         <value>0xf74b</value>
         <object_component_ref idref="oc-394"/>
      </symbol>
      <symbol id="sm-1a21">
         <name>hciLEReadLocalSupportedFeatures</name>
         <value>0xf585</value>
         <object_component_ref idref="oc-394"/>
      </symbol>
      <symbol id="sm-1a22">
         <name>hciLEReadRemoteUsedFeatures</name>
         <value>0xf75f</value>
         <object_component_ref idref="oc-394"/>
      </symbol>
      <symbol id="sm-1a23">
         <name>hciLEReadSupportedStates</name>
         <value>0xf7e7</value>
         <object_component_ref idref="oc-394"/>
      </symbol>
      <symbol id="sm-1a24">
         <name>hciLEReadWhiteListSize</name>
         <value>0xf6b9</value>
         <object_component_ref idref="oc-394"/>
      </symbol>
      <symbol id="sm-1a25">
         <name>hciLEReceiverTest</name>
         <value>0xf7f1</value>
         <object_component_ref idref="oc-394"/>
      </symbol>
      <symbol id="sm-1a26">
         <name>hciLERemoteConnParamReqNegReply</name>
         <value>0xf86d</value>
         <object_component_ref idref="oc-394"/>
      </symbol>
      <symbol id="sm-1a27">
         <name>hciLERemoteConnParamReqReply</name>
         <value>0xf817</value>
         <object_component_ref idref="oc-394"/>
      </symbol>
      <symbol id="sm-1a28">
         <name>hciLERemoveWhiteList</name>
         <value>0xf6db</value>
         <object_component_ref idref="oc-394"/>
      </symbol>
      <symbol id="sm-1a29">
         <name>hciLESetAdvData</name>
         <value>0xf5d1</value>
         <object_component_ref idref="oc-394"/>
      </symbol>
      <symbol id="sm-1a2a">
         <name>hciLESetAdvEnab</name>
         <value>0xf5ed</value>
         <object_component_ref idref="oc-394"/>
      </symbol>
      <symbol id="sm-1a2b">
         <name>hciLESetAdvParam</name>
         <value>0xf59b</value>
         <object_component_ref idref="oc-394"/>
      </symbol>
      <symbol id="sm-1a2c">
         <name>hciLESetEventMask</name>
         <value>0xf56f</value>
         <object_component_ref idref="oc-394"/>
      </symbol>
      <symbol id="sm-1a2d">
         <name>hciLESetHostChanClass</name>
         <value>0xf73f</value>
         <object_component_ref idref="oc-394"/>
      </symbol>
      <symbol id="sm-1a2e">
         <name>hciLESetRandomAddr</name>
         <value>0xf58f</value>
         <object_component_ref idref="oc-394"/>
      </symbol>
      <symbol id="sm-1a2f">
         <name>hciLESetScanEnable</name>
         <value>0xf62b</value>
         <object_component_ref idref="oc-394"/>
      </symbol>
      <symbol id="sm-1a30">
         <name>hciLESetScanParam</name>
         <value>0xf603</value>
         <object_component_ref idref="oc-394"/>
      </symbol>
      <symbol id="sm-1a31">
         <name>hciLESetScanRspData</name>
         <value>0xf5df</value>
         <object_component_ref idref="oc-394"/>
      </symbol>
      <symbol id="sm-1a32">
         <name>hciLEStartEncrypt</name>
         <value>0xf79f</value>
         <object_component_ref idref="oc-394"/>
      </symbol>
      <symbol id="sm-1a33">
         <name>hciLETestEnd</name>
         <value>0xf80d</value>
         <object_component_ref idref="oc-394"/>
      </symbol>
      <symbol id="sm-1a34">
         <name>hciLETransmitterTest</name>
         <value>0xf7fd</value>
         <object_component_ref idref="oc-394"/>
      </symbol>
      <symbol id="sm-1a35">
         <name>hciProcessCtrlToHost</name>
         <value>0xf3a9</value>
         <object_component_ref idref="oc-394"/>
      </symbol>
      <symbol id="sm-1a36">
         <name>hciProcessHostToCtrlCmd</name>
         <value>0xf2ef</value>
         <object_component_ref idref="oc-394"/>
      </symbol>
      <symbol id="sm-1a37">
         <name>hciProcessHostToCtrlData</name>
         <value>0xf37f</value>
         <object_component_ref idref="oc-394"/>
      </symbol>
      <symbol id="sm-1a38">
         <name>hciReadAuthPayloadTimeout</name>
         <value>0xf509</value>
         <object_component_ref idref="oc-394"/>
      </symbol>
      <symbol id="sm-1a39">
         <name>hciReadBDADDR</name>
         <value>0xf9d3</value>
         <object_component_ref idref="oc-394"/>
      </symbol>
      <symbol id="sm-1a3a">
         <name>hciReadLocalSupportedCommands</name>
         <value>0xf547</value>
         <object_component_ref idref="oc-394"/>
      </symbol>
      <symbol id="sm-1a3b">
         <name>hciReadLocalSupportedFeatures</name>
         <value>0xf551</value>
         <object_component_ref idref="oc-394"/>
      </symbol>
      <symbol id="sm-1a3c">
         <name>hciReadLocalVersionInfo</name>
         <value>0xf53d</value>
         <object_component_ref idref="oc-394"/>
      </symbol>
      <symbol id="sm-1a3d">
         <name>hciReadRemoteVersionInfo</name>
         <value>0xf477</value>
         <object_component_ref idref="oc-394"/>
      </symbol>
      <symbol id="sm-1a3e">
         <name>hciReadRssi</name>
         <value>0xf55b</value>
         <object_component_ref idref="oc-394"/>
      </symbol>
      <symbol id="sm-1a3f">
         <name>hciReadTransmitPowerLevel</name>
         <value>0xf4ad</value>
         <object_component_ref idref="oc-394"/>
      </symbol>
      <symbol id="sm-1a40">
         <name>hciReset</name>
         <value>0xf4a3</value>
         <object_component_ref idref="oc-394"/>
      </symbol>
      <symbol id="sm-1a41">
         <name>hciSerialPacketParser</name>
         <value>0xf039</value>
         <object_component_ref idref="oc-394"/>
      </symbol>
      <symbol id="sm-1a42">
         <name>hciSetControllerToHostFlowCtrl</name>
         <value>0xf4c3</value>
         <object_component_ref idref="oc-394"/>
      </symbol>
      <symbol id="sm-1a43">
         <name>hciSetEventMask</name>
         <value>0xf48b</value>
         <object_component_ref idref="oc-394"/>
      </symbol>
      <symbol id="sm-1a44">
         <name>hciSetEventMaskPage2</name>
         <value>0xf497</value>
         <object_component_ref idref="oc-394"/>
      </symbol>
      <symbol id="sm-1a45">
         <name>hciSmpTaskID</name>
         <value>0x200048b7</value>
         <object_component_ref idref="oc-4e1"/>
      </symbol>
      <symbol id="sm-1a46">
         <name>hciTaskID</name>
         <value>0x200048b4</value>
         <object_component_ref idref="oc-4de"/>
      </symbol>
      <symbol id="sm-1a47">
         <name>hciTestTaskID</name>
         <value>0x200048b8</value>
         <object_component_ref idref="oc-4e2"/>
      </symbol>
      <symbol id="sm-1a48">
         <name>hciWriteAuthPayloadTimeout</name>
         <value>0xf51f</value>
         <object_component_ref idref="oc-394"/>
      </symbol>
      <symbol id="sm-1a5a">
         <name>NOROM_CPUcpsie</name>
         <value>0x1bb43</value>
         <object_component_ref idref="oc-350"/>
      </symbol>
      <symbol id="sm-1a5b">
         <name>NOROM_CPUcpsid</name>
         <value>0x1bb37</value>
         <object_component_ref idref="oc-34a"/>
      </symbol>
      <symbol id="sm-1a5c">
         <name>__TI_static_base__</name>
         <value>0x1ca30</value>
      </symbol>
      <symbol id="sm-1a61">
         <name>SHT$$INIT_ARRAY$$Limit</name>
         <value>0x0</value>
      </symbol>
      <symbol id="sm-1a62">
         <name>SHT$$INIT_ARRAY$$Base</name>
         <value>0x0</value>
      </symbol>
   </symbol_table>
   <title>Link successful</title>
</link_info>
